适用于 .NET Framework MSBuild 版本 18.5.4+cb4e32d21
生成启动时间为 2026/5/8 17:37:42。
进程 = "C:\Program Files\Microsoft Visual Studio\18\Community\MSBuild\Current\Bin\MSBuild.exe"
MSBuild 可执行文件路径 = "C:\Program Files\Microsoft Visual Studio\18\Community\MSBuild\Current\Bin\MSBuild.exe"
命令行参数 = ""C:\Program Files\Microsoft Visual Studio\18\Community\MSBuild\Current\Bin\MSBuild.exe" c:\Vsprogram\xuanyi\xuanyi.slnx -p:Configuration=Debug -p:Platform=x64 -v:detailed"
当前目录 = "C:\Vsprogram\xuanyi"
MSBuild 版本 = "18.5.4+cb4e32d21"
基于 Windows 注册表项 LongPathsEnabled，LongPaths 功能为 已禁用。
基于 Windows 注册表项 VerifiedAndReputablePolicyState，SAC 状态 = 0: 已关闭。
将从自动响应文件“C:\Program Files\Microsoft Visual Studio\18\Community\MSBuild\Current\Bin\MSBuild.rsp”中读取某些命令行开关。若要禁用此文件，请使用“-noAutoResponse”开关。

在  处重新分配属性: $(MSBuildExtensionsPath)=“C:\Program Files\Microsoft Visual Studio\18\Community\MSBuild”(先前值:“C:\Program Files (x86)\MSBuild”)
在  处重新分配属性: $(MSBuildExtensionsPath32)=“C:\Program Files\Microsoft Visual Studio\18\Community\MSBuild”(先前值:“C:\Program Files (x86)\MSBuild”)
将用于 $(MSBuildExtensionsPath) 的搜索路径为 C:\Program Files\Microsoft Visual Studio\18\Community\MSBuild;$(MSBuildProgramFiles32)\MSBuild
将用于 $(MSBuildExtensionsPath) 的搜索路径为 C:\Program Files\Microsoft Visual Studio\18\Community\MSBuild;$(MSBuildProgramFiles32)\MSBuild
尝试使用扩展路径 C:\Program Files\Microsoft Visual Studio\18\Community\MSBuild 导入 C:\Program Files\Microsoft Visual Studio\18\Community\MSBuild\$(MSBuildToolsVersion)\SolutionFile\ImportAfter\*
C:\Program Files\Microsoft Visual Studio\18\Community\Common7\IDE\CommonExtensions\Microsoft\NuGet\NuGet.targets(125,5): message : 在 C:\Program Files\Microsoft Visual Studio\18\Community\Common7\IDE\CommonExtensions\Microsoft\NuGet\NuGet.targets (125,5) 处重新分配属性: $(_GenerateRestoreGraphProjectEntryInputProperties)=“
C:\Program Files\Microsoft Visual Studio\18\Community\Common7\IDE\CommonExtensions\Microsoft\NuGet\NuGet.targets(125,5): message :       ExcludeRestorePackageImports=true;
C:\Program Files\Microsoft Visual Studio\18\Community\Common7\IDE\CommonExtensions\Microsoft\NuGet\NuGet.targets(125,5): message :       _RestoreSolutionFileUsed=true;
C:\Program Files\Microsoft Visual Studio\18\Community\Common7\IDE\CommonExtensions\Microsoft\NuGet\NuGet.targets(125,5): message :       SolutionDir=c:\Vsprogram\xuanyi\;
C:\Program Files\Microsoft Visual Studio\18\Community\Common7\IDE\CommonExtensions\Microsoft\NuGet\NuGet.targets(125,5): message :       SolutionName=xuanyi;
C:\Program Files\Microsoft Visual Studio\18\Community\Common7\IDE\CommonExtensions\Microsoft\NuGet\NuGet.targets(125,5): message :       SolutionFileName=xuanyi.slnx;
C:\Program Files\Microsoft Visual Studio\18\Community\Common7\IDE\CommonExtensions\Microsoft\NuGet\NuGet.targets(125,5): message :       SolutionPath=c:\Vsprogram\xuanyi\xuanyi.slnx;
C:\Program Files\Microsoft Visual Studio\18\Community\Common7\IDE\CommonExtensions\Microsoft\NuGet\NuGet.targets(125,5): message :       SolutionExt=.slnx;
C:\Program Files\Microsoft Visual Studio\18\Community\Common7\IDE\CommonExtensions\Microsoft\NuGet\NuGet.targets(125,5): message :     ”(先前值:“ExcludeRestorePackageImports=true”)
项目中不存在 BeforeTargets 特性中的“C:\Program Files\Microsoft Visual Studio\18\Community\Common7\IDE\CommonExtensions\Microsoft\NuGet\NuGet.targets (705,11)”位置列出的目标“_CheckForInvalidConfigurationAndPlatform”，将忽略该目标。
节点 1 上的项目“c:\Vsprogram\xuanyi\xuanyi.slnx”(默认目标)。
来自项目“c:\Vsprogram\xuanyi\xuanyi.slnx”的文件“c:\Vsprogram\xuanyi\xuanyi.slnx.metaproj”中的目标“ValidateSolutionConfiguration”(入口点):
正在使用程序集“Microsoft.Build.Tasks.Core, Version=15.1.0.0, Culture=neutral, PublicKeyToken=b03f5f7f11d50a3a”中的“Message”任务。
任务“Message”
  正在生成解决方案配置“Debug|x64”。
已完成执行任务“Message”的操作。
已完成在项目“xuanyi.slnx”中生成目标“ValidateSolutionConfiguration”的操作。
来自项目“c:\Vsprogram\xuanyi\xuanyi.slnx”的文件“c:\Vsprogram\xuanyi\xuanyi.slnx.metaproj”中的目标“ValidateToolsVersions”(入口点):
已完成在项目“xuanyi.slnx”中生成目标“ValidateToolsVersions”的操作。
来自项目“c:\Vsprogram\xuanyi\xuanyi.slnx”的文件“c:\Vsprogram\xuanyi\xuanyi.slnx.metaproj”中的目标“ValidateProjects”(入口点):
已完成在项目“xuanyi.slnx”中生成目标“ValidateProjects”的操作。
来自项目“c:\Vsprogram\xuanyi\xuanyi.slnx”的文件“c:\Vsprogram\xuanyi\xuanyi.slnx.metaproj”中的目标“Build”(入口点):
正在使用程序集“Microsoft.Build.Tasks.Core, Version=15.1.0.0, Culture=neutral, PublicKeyToken=b03f5f7f11d50a3a”中的“MSBuild”任务。
任务“MSBuild”
  全局属性:
    BuildingSolutionFile=true
    CurrentSolutionConfigurationContents=<SolutionConfiguration>
    <ProjectConfiguration Project="{2D1B5ED6-FB7D-46BF-B5F3-E0DCB2AD01D0}" AbsolutePath="c:\Vsprogram\xuanyi\xuanyi\xuanyi.vcxproj" BuildProjectInSolution="True">Debug|x64</ProjectConfiguration>
  </SolutionConfiguration>
    SolutionDir=c:\Vsprogram\xuanyi\
    SolutionExt=.slnx
    SolutionFileName=xuanyi.slnx
    SolutionName=xuanyi
    SolutionPath=c:\Vsprogram\xuanyi\xuanyi.slnx
  项目“c:\Vsprogram\xuanyi\xuanyi\xuanyi.vcxproj”的其他属性:
    Configuration=Debug
    Platform=x64
在  处重新分配属性: $(MSBuildExtensionsPath)=“C:\Program Files\Microsoft Visual Studio\18\Community\MSBuild”(先前值:“C:\Program Files (x86)\MSBuild”)
在  处重新分配属性: $(MSBuildExtensionsPath32)=“C:\Program Files\Microsoft Visual Studio\18\Community\MSBuild”(先前值:“C:\Program Files (x86)\MSBuild”)
将用于 $(MSBuildExtensionsPath) 的搜索路径为 C:\Program Files\Microsoft Visual Studio\18\Community\MSBuild;$(MSBuildProgramFiles32)\MSBuild
尝试使用扩展路径 C:\Program Files\Microsoft Visual Studio\18\Community\MSBuild 导入 C:\Program Files\Microsoft Visual Studio\18\Community\MSBuild\$(MSBuildToolsVersion)\Microsoft.Common.props
C:\Program Files\Microsoft Visual Studio\18\Community\MSBuild\Current\Microsoft.Common.props(60,5): message : 在 C:\Program Files\Microsoft Visual Studio\18\Community\MSBuild\Current\Microsoft.Common.props (60,5) 处重新分配属性: $(MSBuildProjectExtensionsPath)=“c:\Vsprogram\xuanyi\xuanyi\obj\”(先前值:“obj\”)
C:\Program Files\Microsoft Visual Studio\18\Community\MSBuild\Current\Microsoft.Common.props(84,119): message : 值为“C:\Users\魏可欣\AppData\Local\Microsoft\MSBuild”的属性“MSBuildUserExtensionsPath”从环境中展开。
将用于 $(MSBuildExtensionsPath) 的搜索路径为 C:\Program Files\Microsoft Visual Studio\18\Community\MSBuild;$(MSBuildProgramFiles32)\MSBuild
尝试使用扩展路径 C:\Program Files\Microsoft Visual Studio\18\Community\MSBuild 导入 C:\Program Files\Microsoft Visual Studio\18\Community\MSBuild\$(MSBuildToolsVersion)\Imports\Microsoft.Common.props\ImportBefore\*
“Configuration”属性是全局属性，不能修改。
将用于 $(MSBuildExtensionsPath) 的搜索路径为 C:\Program Files\Microsoft Visual Studio\18\Community\MSBuild;$(MSBuildProgramFiles32)\MSBuild
尝试使用扩展路径 C:\Program Files\Microsoft Visual Studio\18\Community\MSBuild 导入 C:\Program Files\Microsoft Visual Studio\18\Community\MSBuild\$(MSBuildToolsVersion)\Microsoft.VisualStudioVersion.v*.Common.props
尝试使用扩展路径 C:\Program Files (x86)\MSBuild 导入 C:\Program Files (x86)\MSBuild\$(MSBuildToolsVersion)\Microsoft.VisualStudioVersion.v*.Common.props
将用于 $(MSBuildExtensionsPath) 的搜索路径为 C:\Program Files\Microsoft Visual Studio\18\Community\MSBuild;$(MSBuildProgramFiles32)\MSBuild
“Configuration”属性是全局属性，不能修改。
“SolutionDir”属性是全局属性，不能修改。
C:\Program Files\Microsoft Visual Studio\18\Community\MSBuild\Microsoft\VC\v180\Microsoft.Cpp.Default.props(227,5): message : 值为“C:\Users\魏可欣\AppData\Local”的属性“LOCALAPPDATA”从环境中展开。
c:\Vsprogram\xuanyi\xuanyi\xuanyi.vcxproj(44,5): message : 在 c:\Vsprogram\xuanyi\xuanyi\xuanyi.vcxproj (44,5) 处重新分配属性: $(UseDebugLibraries)=“true”(先前值:“false”)
c:\Vsprogram\xuanyi\xuanyi\xuanyi.vcxproj(46,5): message : 在 c:\Vsprogram\xuanyi\xuanyi\xuanyi.vcxproj (46,5) 处重新分配属性: $(CharacterSet)=“MultiByte”(先前值:“NotSet”)
C:\Program Files\Microsoft Visual Studio\18\Community\MSBuild\Microsoft\VC\v180\Microsoft.Cpp.ToolsetLocation.props(81,32): message : 值为“x86”的属性“PROCESSOR_ARCHITECTURE”从环境中展开。
C:\Program Files\Microsoft Visual Studio\18\Community\MSBuild\Microsoft\VC\v180\Microsoft.Cpp.WindowsSDK.props(46,5): message : 在 C:\Program Files\Microsoft Visual Studio\18\Community\MSBuild\Microsoft\VC\v180\Microsoft.Cpp.WindowsSDK.props (46,5) 处重新分配属性: $(NETFXSDK_Version)=“4.8”(先前值:“4.8.1”)
C:\Program Files\Microsoft Visual Studio\18\Community\MSBuild\Microsoft\VC\v180\Microsoft.Cpp.WindowsSDK.props(50,5): message : 在 C:\Program Files\Microsoft Visual Studio\18\Community\MSBuild\Microsoft\VC\v180\Microsoft.Cpp.WindowsSDK.props (50,5) 处重新分配属性: $(NETFXKitsDir)=“C:\Program Files (x86)\Windows Kits\NETFXSDK\4.8\”(先前值:“”)
C:\Program Files\Microsoft Visual Studio\18\Community\MSBuild\Microsoft\VC\v180\Microsoft.Cpp.WindowsSDK.props(53,5): message : 在 C:\Program Files\Microsoft Visual Studio\18\Community\MSBuild\Microsoft\VC\v180\Microsoft.Cpp.WindowsSDK.props (53,5) 处重新分配属性: $(NETFXSDKDir)=“C:\Program Files (x86)\Microsoft SDKs\Windows\v10.0A\”(先前值:“”)
C:\Program Files\Microsoft Visual Studio\18\Community\MSBuild\Microsoft\VC\v180\Microsoft.Cpp.WindowsSDK.props(197,5): message : 在 C:\Program Files\Microsoft Visual Studio\18\Community\MSBuild\Microsoft\VC\v180\Microsoft.Cpp.WindowsSDK.props (197,5) 处重新分配属性: $(WindowsSDK_ExecutablePath_x86)=“C:\Program Files (x86)\Windows Kits\10\bin\10.0.26100.0\x86;;C:\Program Files (x86)\Microsoft SDKs\Windows\v10.0A\bin\NETFX 4.8 Tools”(先前值:“C:\Program Files (x86)\Windows Kits\10\bin\10.0.26100.0\x86;”)
C:\Program Files\Microsoft Visual Studio\18\Community\MSBuild\Microsoft\VC\v180\Microsoft.Cpp.WindowsSDK.props(198,5): message : 在 C:\Program Files\Microsoft Visual Studio\18\Community\MSBuild\Microsoft\VC\v180\Microsoft.Cpp.WindowsSDK.props (198,5) 处重新分配属性: $(WindowsSDK_ExecutablePath_x64)=“C:\Program Files (x86)\Windows Kits\10\bin\10.0.26100.0\x64;;C:\Program Files (x86)\Microsoft SDKs\Windows\v10.0A\bin\NETFX 4.8 Tools\x64”(先前值:“C:\Program Files (x86)\Windows Kits\10\bin\10.0.26100.0\x64;”)
C:\Program Files\Microsoft Visual Studio\18\Community\MSBuild\Microsoft\VC\v180\Microsoft.Cpp.Common.props(28,5): message : 在 C:\Program Files\Microsoft Visual Studio\18\Community\MSBuild\Microsoft\VC\v180\Microsoft.Cpp.Common.props (28,5) 处重新分配属性: $(TargetExt)=“.exe”(先前值:“”)
C:\Program Files\Microsoft Visual Studio\18\Community\MSBuild\Microsoft\VC\v180\Microsoft.Cpp.Common.props(89,5): message : 在 C:\Program Files\Microsoft Visual Studio\18\Community\MSBuild\Microsoft\VC\v180\Microsoft.Cpp.Common.props (89,5) 处重新分配属性: $(VC_ExecutablePath_Loc)=“C:\Program Files\Microsoft Visual Studio\18\Community\VC\Tools\MSVC\14.50.35717\bin\HostX64\x64\1033;C:\Program Files\Microsoft Visual Studio\18\Community\VC\Tools\MSVC\14.50.35717\bin\HostX64\x86\1033;;;”(先前值:“C:\Program Files\Microsoft Visual Studio\18\Community\VC\Tools\MSVC\14.50.35717\bin\HostX64\x86\1033;;”)
C:\Program Files\Microsoft Visual Studio\18\Community\MSBuild\Microsoft\VC\v180\Microsoft.Cpp.Common.props(90,5): message : 在 C:\Program Files\Microsoft Visual Studio\18\Community\MSBuild\Microsoft\VC\v180\Microsoft.Cpp.Common.props (90,5) 处重新分配属性: $(VC_ExecutablePath_Loc)=“C:\Program Files\Microsoft Visual Studio\18\Community\VC\Tools\MSVC\14.50.35717\bin\HostX64\arm\1033;C:\Program Files\Microsoft Visual Studio\18\Community\VC\Tools\MSVC\14.50.35717\bin\HostX64\x64\1033;C:\Program Files\Microsoft Visual Studio\18\Community\VC\Tools\MSVC\14.50.35717\bin\HostX64\x86\1033;;;;”(先前值:“C:\Program Files\Microsoft Visual Studio\18\Community\VC\Tools\MSVC\14.50.35717\bin\HostX64\x64\1033;C:\Program Files\Microsoft Visual Studio\18\Community\VC\Tools\MSVC\14.50.35717\bin\HostX64\x86\1033;;;”)
C:\Program Files\Microsoft Visual Studio\18\Community\MSBuild\Microsoft\VC\v180\Microsoft.Cpp.Common.props(91,5): message : 在 C:\Program Files\Microsoft Visual Studio\18\Community\MSBuild\Microsoft\VC\v180\Microsoft.Cpp.Common.props (91,5) 处重新分配属性: $(VC_ExecutablePath_Loc)=“C:\Program Files\Microsoft Visual Studio\18\Community\VC\Tools\MSVC\14.50.35717\bin\HostX64\arm64\1033;C:\Program Files\Microsoft Visual Studio\18\Community\VC\Tools\MSVC\14.50.35717\bin\HostX64\arm\1033;C:\Program Files\Microsoft Visual Studio\18\Community\VC\Tools\MSVC\14.50.35717\bin\HostX64\x64\1033;C:\Program Files\Microsoft Visual Studio\18\Community\VC\Tools\MSVC\14.50.35717\bin\HostX64\x86\1033;;;;;”(先前值:“C:\Program Files\Microsoft Visual Studio\18\Community\VC\Tools\MSVC\14.50.35717\bin\HostX64\arm\1033;C:\Program Files\Microsoft Visual Studio\18\Community\VC\Tools\MSVC\14.50.35717\bin\HostX64\x64\1033;C:\Program Files\Microsoft Visual Studio\18\Community\VC\Tools\MSVC\14.50.35717\bin\HostX64\x86\1033;;;;”)
C:\Program Files\Microsoft Visual Studio\18\Community\MSBuild\Microsoft\VC\v180\Microsoft.Cpp.Common.props(92,5): message : 在 C:\Program Files\Microsoft Visual Studio\18\Community\MSBuild\Microsoft\VC\v180\Microsoft.Cpp.Common.props (92,5) 处重新分配属性: $(VC_ExecutablePath_Loc)=“C:\Program Files\Microsoft Visual Studio\18\Community\VC\Tools\MSVC\14.50.35717\bin\HostX86\x86\1033;C:\Program Files\Microsoft Visual Studio\18\Community\VC\Tools\MSVC\14.50.35717\bin\HostX64\arm64\1033;C:\Program Files\Microsoft Visual Studio\18\Community\VC\Tools\MSVC\14.50.35717\bin\HostX64\arm\1033;C:\Program Files\Microsoft Visual Studio\18\Community\VC\Tools\MSVC\14.50.35717\bin\HostX64\x64\1033;C:\Program Files\Microsoft Visual Studio\18\Community\VC\Tools\MSVC\14.50.35717\bin\HostX64\x86\1033;;;;;;”(先前值:“C:\Program Files\Microsoft Visual Studio\18\Community\VC\Tools\MSVC\14.50.35717\bin\HostX64\arm64\1033;C:\Program Files\Microsoft Visual Studio\18\Community\VC\Tools\MSVC\14.50.35717\bin\HostX64\arm\1033;C:\Program Files\Microsoft Visual Studio\18\Community\VC\Tools\MSVC\14.50.35717\bin\HostX64\x64\1033;C:\Program Files\Microsoft Visual Studio\18\Community\VC\Tools\MSVC\14.50.35717\bin\HostX64\x86\1033;;;;;”)
C:\Program Files\Microsoft Visual Studio\18\Community\MSBuild\Microsoft\VC\v180\Microsoft.Cpp.Common.props(93,5): message : 在 C:\Program Files\Microsoft Visual Studio\18\Community\MSBuild\Microsoft\VC\v180\Microsoft.Cpp.Common.props (93,5) 处重新分配属性: $(VC_ExecutablePath_Loc)=“C:\Program Files\Microsoft Visual Studio\18\Community\VC\Tools\MSVC\14.50.35717\bin\HostX86\x64\1033;C:\Program Files\Microsoft Visual Studio\18\Community\VC\Tools\MSVC\14.50.35717\bin\HostX86\x86\1033;C:\Program Files\Microsoft Visual Studio\18\Community\VC\Tools\MSVC\14.50.35717\bin\HostX64\arm64\1033;C:\Program Files\Microsoft Visual Studio\18\Community\VC\Tools\MSVC\14.50.35717\bin\HostX64\arm\1033;C:\Program Files\Microsoft Visual Studio\18\Community\VC\Tools\MSVC\14.50.35717\bin\HostX64\x64\1033;C:\Program Files\Microsoft Visual Studio\18\Community\VC\Tools\MSVC\14.50.35717\bin\HostX64\x86\1033;;;;;;;”(先前值:“C:\Program Files\Microsoft Visual Studio\18\Community\VC\Tools\MSVC\14.50.35717\bin\HostX86\x86\1033;C:\Program Files\Microsoft Visual Studio\18\Community\VC\Tools\MSVC\14.50.35717\bin\HostX64\arm64\1033;C:\Program Files\Microsoft Visual Studio\18\Community\VC\Tools\MSVC\14.50.35717\bin\HostX64\arm\1033;C:\Program Files\Microsoft Visual Studio\18\Community\VC\Tools\MSVC\14.50.35717\bin\HostX64\x64\1033;C:\Program Files\Microsoft Visual Studio\18\Community\VC\Tools\MSVC\14.50.35717\bin\HostX64\x86\1033;;;;;;”)
C:\Program Files\Microsoft Visual Studio\18\Community\MSBuild\Microsoft\VC\v180\Microsoft.Cpp.Common.props(94,5): message : 在 C:\Program Files\Microsoft Visual Studio\18\Community\MSBuild\Microsoft\VC\v180\Microsoft.Cpp.Common.props (94,5) 处重新分配属性: $(VC_ExecutablePath_Loc)=“C:\Program Files\Microsoft Visual Studio\18\Community\VC\Tools\MSVC\14.50.35717\bin\HostX86\arm64\1033;C:\Program Files\Microsoft Visual Studio\18\Community\VC\Tools\MSVC\14.50.35717\bin\HostX86\x64\1033;C:\Program Files\Microsoft Visual Studio\18\Community\VC\Tools\MSVC\14.50.35717\bin\HostX86\x86\1033;C:\Program Files\Microsoft Visual Studio\18\Community\VC\Tools\MSVC\14.50.35717\bin\HostX64\arm64\1033;C:\Program Files\Microsoft Visual Studio\18\Community\VC\Tools\MSVC\14.50.35717\bin\HostX64\arm\1033;C:\Program Files\Microsoft Visual Studio\18\Community\VC\Tools\MSVC\14.50.35717\bin\HostX64\x64\1033;C:\Program Files\Microsoft Visual Studio\18\Community\VC\Tools\MSVC\14.50.35717\bin\HostX64\x86\1033;;;;;;;;”(先前值:“C:\Program Files\Microsoft Visual Studio\18\Community\VC\Tools\MSVC\14.50.35717\bin\HostX86\x64\1033;C:\Program Files\Microsoft Visual Studio\18\Community\VC\Tools\MSVC\14.50.35717\bin\HostX86\x86\1033;C:\Program Files\Microsoft Visual Studio\18\Community\VC\Tools\MSVC\14.50.35717\bin\HostX64\arm64\1033;C:\Program Files\Microsoft Visual Studio\18\Community\VC\Tools\MSVC\14.50.35717\bin\HostX64\arm\1033;C:\Program Files\Microsoft Visual Studio\18\Community\VC\Tools\MSVC\14.50.35717\bin\HostX64\x64\1033;C:\Program Files\Microsoft Visual Studio\18\Community\VC\Tools\MSVC\14.50.35717\bin\HostX64\x86\1033;;;;;;;”)
C:\Program Files\Microsoft Visual Studio\18\Community\MSBuild\Microsoft\VC\v180\Microsoft.Cpp.Common.props(95,5): message : 在 C:\Program Files\Microsoft Visual Studio\18\Community\MSBuild\Microsoft\VC\v180\Microsoft.Cpp.Common.props (95,5) 处重新分配属性: $(VC_ExecutablePath_Loc)=“C:\Program Files\Microsoft Visual Studio\18\Community\VC\Tools\MSVC\14.50.35717\bin\HostArm64\x86\1033;C:\Program Files\Microsoft Visual Studio\18\Community\VC\Tools\MSVC\14.50.35717\bin\HostX86\arm64\1033;C:\Program Files\Microsoft Visual Studio\18\Community\VC\Tools\MSVC\14.50.35717\bin\HostX86\x64\1033;C:\Program Files\Microsoft Visual Studio\18\Community\VC\Tools\MSVC\14.50.35717\bin\HostX86\x86\1033;C:\Program Files\Microsoft Visual Studio\18\Community\VC\Tools\MSVC\14.50.35717\bin\HostX64\arm64\1033;C:\Program Files\Microsoft Visual Studio\18\Community\VC\Tools\MSVC\14.50.35717\bin\HostX64\arm\1033;C:\Program Files\Microsoft Visual Studio\18\Community\VC\Tools\MSVC\14.50.35717\bin\HostX64\x64\1033;C:\Program Files\Microsoft Visual Studio\18\Community\VC\Tools\MSVC\14.50.35717\bin\HostX64\x86\1033;;;;;;;;;”(先前值:“C:\Program Files\Microsoft Visual Studio\18\Community\VC\Tools\MSVC\14.50.35717\bin\HostX86\arm64\1033;C:\Program Files\Microsoft Visual Studio\18\Community\VC\Tools\MSVC\14.50.35717\bin\HostX86\x64\1033;C:\Program Files\Microsoft Visual Studio\18\Community\VC\Tools\MSVC\14.50.35717\bin\HostX86\x86\1033;C:\Program Files\Microsoft Visual Studio\18\Community\VC\Tools\MSVC\14.50.35717\bin\HostX64\arm64\1033;C:\Program Files\Microsoft Visual Studio\18\Community\VC\Tools\MSVC\14.50.35717\bin\HostX64\arm\1033;C:\Program Files\Microsoft Visual Studio\18\Community\VC\Tools\MSVC\14.50.35717\bin\HostX64\x64\1033;C:\Program Files\Microsoft Visual Studio\18\Community\VC\Tools\MSVC\14.50.35717\bin\HostX64\x86\1033;;;;;;;;”)
C:\Program Files\Microsoft Visual Studio\18\Community\MSBuild\Microsoft\VC\v180\Microsoft.Cpp.Common.props(96,5): message : 在 C:\Program Files\Microsoft Visual Studio\18\Community\MSBuild\Microsoft\VC\v180\Microsoft.Cpp.Common.props (96,5) 处重新分配属性: $(VC_ExecutablePath_Loc)=“C:\Program Files\Microsoft Visual Studio\18\Community\VC\Tools\MSVC\14.50.35717\bin\HostArm64\x64\1033;C:\Program Files\Microsoft Visual Studio\18\Community\VC\Tools\MSVC\14.50.35717\bin\HostArm64\x86\1033;C:\Program Files\Microsoft Visual Studio\18\Community\VC\Tools\MSVC\14.50.35717\bin\HostX86\arm64\1033;C:\Program Files\Microsoft Visual Studio\18\Community\VC\Tools\MSVC\14.50.35717\bin\HostX86\x64\1033;C:\Program Files\Microsoft Visual Studio\18\Community\VC\Tools\MSVC\14.50.35717\bin\HostX86\x86\1033;C:\Program Files\Microsoft Visual Studio\18\Community\VC\Tools\MSVC\14.50.35717\bin\HostX64\arm64\1033;C:\Program Files\Microsoft Visual Studio\18\Community\VC\Tools\MSVC\14.50.35717\bin\HostX64\arm\1033;C:\Program Files\Microsoft Visual Studio\18\Community\VC\Tools\MSVC\14.50.35717\bin\HostX64\x64\1033;C:\Program Files\Microsoft Visual Studio\18\Community\VC\Tools\MSVC\14.50.35717\bin\HostX64\x86\1033;;;;;;;;;;”(先前值:“C:\Program Files\Microsoft Visual Studio\18\Community\VC\Tools\MSVC\14.50.35717\bin\HostArm64\x86\1033;C:\Program Files\Microsoft Visual Studio\18\Community\VC\Tools\MSVC\14.50.35717\bin\HostX86\arm64\1033;C:\Program Files\Microsoft Visual Studio\18\Community\VC\Tools\MSVC\14.50.35717\bin\HostX86\x64\1033;C:\Program Files\Microsoft Visual Studio\18\Community\VC\Tools\MSVC\14.50.35717\bin\HostX86\x86\1033;C:\Program Files\Microsoft Visual Studio\18\Community\VC\Tools\MSVC\14.50.35717\bin\HostX64\arm64\1033;C:\Program Files\Microsoft Visual Studio\18\Community\VC\Tools\MSVC\14.50.35717\bin\HostX64\arm\1033;C:\Program Files\Microsoft Visual Studio\18\Community\VC\Tools\MSVC\14.50.35717\bin\HostX64\x64\1033;C:\Program Files\Microsoft Visual Studio\18\Community\VC\Tools\MSVC\14.50.35717\bin\HostX64\x86\1033;;;;;;;;;”)
C:\Program Files\Microsoft Visual Studio\18\Community\MSBuild\Microsoft\VC\v180\Microsoft.Cpp.Common.props(97,5): message : 在 C:\Program Files\Microsoft Visual Studio\18\Community\MSBuild\Microsoft\VC\v180\Microsoft.Cpp.Common.props (97,5) 处重新分配属性: $(VC_ExecutablePath_Loc)=“C:\Program Files\Microsoft Visual Studio\18\Community\VC\Tools\MSVC\14.50.35717\bin\HostArm64\arm\1033;C:\Program Files\Microsoft Visual Studio\18\Community\VC\Tools\MSVC\14.50.35717\bin\HostArm64\x64\1033;C:\Program Files\Microsoft Visual Studio\18\Community\VC\Tools\MSVC\14.50.35717\bin\HostArm64\x86\1033;C:\Program Files\Microsoft Visual Studio\18\Community\VC\Tools\MSVC\14.50.35717\bin\HostX86\arm64\1033;C:\Program Files\Microsoft Visual Studio\18\Community\VC\Tools\MSVC\14.50.35717\bin\HostX86\x64\1033;C:\Program Files\Microsoft Visual Studio\18\Community\VC\Tools\MSVC\14.50.35717\bin\HostX86\x86\1033;C:\Program Files\Microsoft Visual Studio\18\Community\VC\Tools\MSVC\14.50.35717\bin\HostX64\arm64\1033;C:\Program Files\Microsoft Visual Studio\18\Community\VC\Tools\MSVC\14.50.35717\bin\HostX64\arm\1033;C:\Program Files\Microsoft Visual Studio\18\Community\VC\Tools\MSVC\14.50.35717\bin\HostX64\x64\1033;C:\Program Files\Microsoft Visual Studio\18\Community\VC\Tools\MSVC\14.50.35717\bin\HostX64\x86\1033;;;;;;;;;;;”(先前值:“C:\Program Files\Microsoft Visual Studio\18\Community\VC\Tools\MSVC\14.50.35717\bin\HostArm64\x64\1033;C:\Program Files\Microsoft Visual Studio\18\Community\VC\Tools\MSVC\14.50.35717\bin\HostArm64\x86\1033;C:\Program Files\Microsoft Visual Studio\18\Community\VC\Tools\MSVC\14.50.35717\bin\HostX86\arm64\1033;C:\Program Files\Microsoft Visual Studio\18\Community\VC\Tools\MSVC\14.50.35717\bin\HostX86\x64\1033;C:\Program Files\Microsoft Visual Studio\18\Community\VC\Tools\MSVC\14.50.35717\bin\HostX86\x86\1033;C:\Program Files\Microsoft Visual Studio\18\Community\VC\Tools\MSVC\14.50.35717\bin\HostX64\arm64\1033;C:\Program Files\Microsoft Visual Studio\18\Community\VC\Tools\MSVC\14.50.35717\bin\HostX64\arm\1033;C:\Program Files\Microsoft Visual Studio\18\Community\VC\Tools\MSVC\14.50.35717\bin\HostX64\x64\1033;C:\Program Files\Microsoft Visual Studio\18\Community\VC\Tools\MSVC\14.50.35717\bin\HostX64\x86\1033;;;;;;;;;;”)
C:\Program Files\Microsoft Visual Studio\18\Community\MSBuild\Microsoft\VC\v180\Microsoft.Cpp.Common.props(98,5): message : 在 C:\Program Files\Microsoft Visual Studio\18\Community\MSBuild\Microsoft\VC\v180\Microsoft.Cpp.Common.props (98,5) 处重新分配属性: $(VC_ExecutablePath_Loc)=“C:\Program Files\Microsoft Visual Studio\18\Community\VC\Tools\MSVC\14.50.35717\bin\HostArm64\arm64\1033;C:\Program Files\Microsoft Visual Studio\18\Community\VC\Tools\MSVC\14.50.35717\bin\HostArm64\arm\1033;C:\Program Files\Microsoft Visual Studio\18\Community\VC\Tools\MSVC\14.50.35717\bin\HostArm64\x64\1033;C:\Program Files\Microsoft Visual Studio\18\Community\VC\Tools\MSVC\14.50.35717\bin\HostArm64\x86\1033;C:\Program Files\Microsoft Visual Studio\18\Community\VC\Tools\MSVC\14.50.35717\bin\HostX86\arm64\1033;C:\Program Files\Microsoft Visual Studio\18\Community\VC\Tools\MSVC\14.50.35717\bin\HostX86\x64\1033;C:\Program Files\Microsoft Visual Studio\18\Community\VC\Tools\MSVC\14.50.35717\bin\HostX86\x86\1033;C:\Program Files\Microsoft Visual Studio\18\Community\VC\Tools\MSVC\14.50.35717\bin\HostX64\arm64\1033;C:\Program Files\Microsoft Visual Studio\18\Community\VC\Tools\MSVC\14.50.35717\bin\HostX64\arm\1033;C:\Program Files\Microsoft Visual Studio\18\Community\VC\Tools\MSVC\14.50.35717\bin\HostX64\x64\1033;C:\Program Files\Microsoft Visual Studio\18\Community\VC\Tools\MSVC\14.50.35717\bin\HostX64\x86\1033;;;;;;;;;;;;”(先前值:“C:\Program Files\Microsoft Visual Studio\18\Community\VC\Tools\MSVC\14.50.35717\bin\HostArm64\arm\1033;C:\Program Files\Microsoft Visual Studio\18\Community\VC\Tools\MSVC\14.50.35717\bin\HostArm64\x64\1033;C:\Program Files\Microsoft Visual Studio\18\Community\VC\Tools\MSVC\14.50.35717\bin\HostArm64\x86\1033;C:\Program Files\Microsoft Visual Studio\18\Community\VC\Tools\MSVC\14.50.35717\bin\HostX86\arm64\1033;C:\Program Files\Microsoft Visual Studio\18\Community\VC\Tools\MSVC\14.50.35717\bin\HostX86\x64\1033;C:\Program Files\Microsoft Visual Studio\18\Community\VC\Tools\MSVC\14.50.35717\bin\HostX86\x86\1033;C:\Program Files\Microsoft Visual Studio\18\Community\VC\Tools\MSVC\14.50.35717\bin\HostX64\arm64\1033;C:\Program Files\Microsoft Visual Studio\18\Community\VC\Tools\MSVC\14.50.35717\bin\HostX64\arm\1033;C:\Program Files\Microsoft Visual Studio\18\Community\VC\Tools\MSVC\14.50.35717\bin\HostX64\x64\1033;C:\Program Files\Microsoft Visual Studio\18\Community\VC\Tools\MSVC\14.50.35717\bin\HostX64\x86\1033;;;;;;;;;;;”)
C:\Program Files\Microsoft Visual Studio\18\Community\MSBuild\Microsoft\VC\v180\Microsoft.Cpp.Common.props(146,5): message : 值为“WKX”的属性“COMPUTERNAME”从环境中展开。
C:\Program Files\Microsoft Visual Studio\18\Community\MSBuild\Microsoft\VC\v180\Microsoft.Cpp.Common.props(152,5): message : 在 C:\Program Files\Microsoft Visual Studio\18\Community\MSBuild\Microsoft\VC\v180\Microsoft.Cpp.Common.props (152,5) 处重新分配属性: $(RemoteDebuggerDeployDebugCppRuntime)=“true”(先前值:“false”)
C:\Program Files\Microsoft Visual Studio\18\Community\MSBuild\Microsoft\VC\v180\Microsoft.Cpp.Common.props(213,5): message : 在 C:\Program Files\Microsoft Visual Studio\18\Community\MSBuild\Microsoft\VC\v180\Microsoft.Cpp.Common.props (213,5) 处重新分配属性: $(MultiProcMaxCount)=“0”(先前值:“”)
C:\Program Files\Microsoft Visual Studio\18\Community\MSBuild\Microsoft\VC\v180\Microsoft.Cpp.Analysis.props(29,5): message : 在 C:\Program Files\Microsoft Visual Studio\18\Community\MSBuild\Microsoft\VC\v180\Microsoft.Cpp.Analysis.props (29,5) 处重新分配属性: $(MsvcAnalysisToolsPath)=“C:\Program Files\Microsoft Visual Studio\18\Community\VC\Tools\MSVC\14.50.35717\bin\HostX86\x64”(先前值:“C:\Program Files\Microsoft Visual Studio\18\Community\VC\Tools\MSVC\14.50.35717\bin\HostX64\x64”)
C:\Program Files\Microsoft Visual Studio\18\Community\MSBuild\Microsoft\VC\v180\Microsoft.Cpp.Analysis.props(33,5): message : 在 C:\Program Files\Microsoft Visual Studio\18\Community\MSBuild\Microsoft\VC\v180\Microsoft.Cpp.Analysis.props (33,5) 处重新分配属性: $(MsvcAnalysisPluginPath)=“C:\Program Files\Microsoft Visual Studio\18\Community\VC\Tools\MSVC\14.50.35717\bin\HostX86\x64”(先前值:“C:\Program Files\Microsoft Visual Studio\18\Community\VC\Tools\MSVC\14.50.35717\bin\HostX64\x64”)
C:\Program Files\Microsoft Visual Studio\18\Community\MSBuild\Microsoft\VC\v180\Microsoft.CodeAnalysis.Extensions.props(21,5): message : 在 C:\Program Files\Microsoft Visual Studio\18\Community\MSBuild\Microsoft\VC\v180\Microsoft.CodeAnalysis.Extensions.props (21,5) 处重新分配属性: $(EspXtensions)=“EnumIndex.dll;CppCoreCheck.dll;”(先前值:“CppCoreCheck.dll;”)
C:\Program Files\Microsoft Visual Studio\18\Community\MSBuild\Microsoft\VC\v180\Microsoft.CodeAnalysis.Extensions.props(24,5): message : 在 C:\Program Files\Microsoft Visual Studio\18\Community\MSBuild\Microsoft\VC\v180\Microsoft.CodeAnalysis.Extensions.props (24,5) 处重新分配属性: $(EspXtensions)=“HResultCheck.dll;EnumIndex.dll;CppCoreCheck.dll;”(先前值:“EnumIndex.dll;CppCoreCheck.dll;”)
C:\Program Files\Microsoft Visual Studio\18\Community\MSBuild\Microsoft\VC\v180\Microsoft.CodeAnalysis.Extensions.props(27,5): message : 在 C:\Program Files\Microsoft Visual Studio\18\Community\MSBuild\Microsoft\VC\v180\Microsoft.CodeAnalysis.Extensions.props (27,5) 处重新分配属性: $(EspXtensions)=“VariantClear.dll;HResultCheck.dll;EnumIndex.dll;CppCoreCheck.dll;”(先前值:“HResultCheck.dll;EnumIndex.dll;CppCoreCheck.dll;”)
C:\Program Files\Microsoft Visual Studio\18\Community\MSBuild\Microsoft\VC\v180\Microsoft.CodeAnalysis.Extensions.props(33,5): message : 在 C:\Program Files\Microsoft Visual Studio\18\Community\MSBuild\Microsoft\VC\v180\Microsoft.CodeAnalysis.Extensions.props (33,5) 处重新分配属性: $(ConcurrencyCheckPath)=“C:\Program Files\Microsoft Visual Studio\18\Community\VC\Tools\MSVC\14.50.35717\bin\HostX86\x64\ConcurrencyCheck.dll”(先前值:“C:\Program Files\Microsoft Visual Studio\18\Community\VC\Tools\MSVC\14.50.35717\bin\HostX86\x86\ConcurrencyCheck.dll”)
C:\Program Files\Microsoft Visual Studio\18\Community\MSBuild\Microsoft\VC\v180\Microsoft.CodeAnalysis.Extensions.props(34,5): message : 在 C:\Program Files\Microsoft Visual Studio\18\Community\MSBuild\Microsoft\VC\v180\Microsoft.CodeAnalysis.Extensions.props (34,5) 处重新分配属性: $(EspXtensions)=“ConcurrencyCheck.dll;VariantClear.dll;HResultCheck.dll;EnumIndex.dll;CppCoreCheck.dll;”(先前值:“VariantClear.dll;HResultCheck.dll;EnumIndex.dll;CppCoreCheck.dll;”)
C:\Program Files\Microsoft Visual Studio\18\Community\MSBuild\Microsoft\VC\v180\Microsoft.Cpp.MultiByteCharSupport.props(15,5): message : 在 C:\Program Files\Microsoft Visual Studio\18\Community\MSBuild\Microsoft\VC\v180\Microsoft.Cpp.MultiByteCharSupport.props (15,5) 处重新分配属性: $(_PropertySheetDisplayName)=“Multi-byte Character Support”(先前值:“Core Windows Libraries”)
C:\Program Files\Microsoft Visual Studio\18\Community\MSBuild\Microsoft\VC\v180\Microsoft.Cpp.Application.props(15,5): message : 在 C:\Program Files\Microsoft Visual Studio\18\Community\MSBuild\Microsoft\VC\v180\Microsoft.Cpp.Application.props (15,5) 处重新分配属性: $(_PropertySheetDisplayName)=“Application”(先前值:“Multi-byte Character Support”)
C:\Program Files\Microsoft Visual Studio\18\Community\MSBuild\Microsoft\VC\v180\Microsoft.Cpp.MSVC.Toolset.Common.props(55,5): message : 值为“c:\Users\魏可欣\.trae-cn\extensions\vadimcn.vscode-lldb-1.12.2-universal\bin;c:\Users\魏可欣\.trae-cn\tools\trae-gopls\current;c:\Users\魏可欣\.trae-cn\sdks\workspaces\3d3a59bf\versions\node\current;c:\Users\魏可欣\.trae-cn\sdks\versions\node\current;C:\WINDOWS\system32;C:\WINDOWS;C:\WINDOWS\System32\Wbem;C:\WINDOWS\System32\WindowsPowerShell\v1.0\;C:\WINDOWS\System32\OpenSSH\;C:\Program Files\mingw64\bin;C:\Program Files (x86)\Windows Kits\10\Windows Performance Toolkit\;C:\Program Files\dotnet\;C:\Users\魏可欣\AppData\Local\Microsoft\WindowsApps;D:\Microsoft VS Code\bin;C:\msys64\ucrt64\bin;C:\Users\魏可欣\.dotnet\tools”的属性“Path”从环境中展开。
C:\Program Files\Microsoft Visual Studio\18\Community\MSBuild\Microsoft\VC\v180\Microsoft.Cpp.MSVC.Toolset.Common.props(56,5): message : 值为“C:\WINDOWS”的属性“SystemRoot”从环境中展开。
“SolutionExt”属性是全局属性，不能修改。
C:\Program Files\Microsoft Visual Studio\18\Community\MSBuild\Microsoft\VC\v180\Microsoft.CppCommon.targets(40,5): message : 在 C:\Program Files\Microsoft Visual Studio\18\Community\MSBuild\Microsoft\VC\v180\Microsoft.CppCommon.targets (40,5) 处重新分配属性: $(ExtensionsToDeleteOnClean)=“*.cdf;*.cache;*.obj;*.obj.enc;*.ilk;*.ipdb;*.iobj;*.resources;*.tlb;*.tli;*.tlh;*.tmp;*.rsp;*.pgc;*.pgd;*.meta;*.tlog;*.manifest;*.res;*.pch;*.exp;*.idb;*.rep;*.xdc;*.pdb;*_manifest.rc;*.bsc;*.sbr;*.xml;*.metagen;*.bi;c:\Vsprogram\xuanyi\x64\Debug\xuanyi.exe.manifest;c:\Vsprogram\xuanyi\x64\Debug\xuanyi.tlb;c:\Vsprogram\xuanyi\x64\Debug\xuanyi.pdb;c:\Vsprogram\xuanyi\x64\Debug\xuanyi.exe;c:\Vsprogram\xuanyi\x64\Debug\xuanyi.bsc;c:\Vsprogram\xuanyi\x64\Debug\xuanyi.ilk;c:\Vsprogram\xuanyi\x64\Debug\xuanyi.exe.intermediate.manifest;x64\Debug\xuanyi.vcxproj.FileListAbsolute.txt”(先前值:“*.cdf;*.cache;*.obj;*.obj.enc;*.ilk;*.ipdb;*.iobj;*.resources;*.tlb;*.tli;*.tlh;*.tmp;*.rsp;*.pgc;*.pgd;*.meta;*.tlog;*.manifest;*.res;*.pch;*.exp;*.idb;*.rep;*.xdc;*.pdb;*_manifest.rc;*.bsc;*.sbr;*.xml;*.metagen;*.bi”)
C:\Program Files\Microsoft Visual Studio\18\Community\MSBuild\Microsoft\VC\v180\Microsoft.BuildSteps.Targets(32,5): message : 在 C:\Program Files\Microsoft Visual Studio\18\Community\MSBuild\Microsoft\VC\v180\Microsoft.BuildSteps.Targets (32,5) 处重新分配属性: $(DebugType)=“none”(先前值:“”)
将用于 $(MSBuildExtensionsPath) 的搜索路径为 C:\Program Files\Microsoft Visual Studio\18\Community\MSBuild;$(MSBuildProgramFiles32)\MSBuild
将用于 $(MSBuildExtensionsPath) 的搜索路径为 C:\Program Files\Microsoft Visual Studio\18\Community\MSBuild;$(MSBuildProgramFiles32)\MSBuild
“Configuration”属性是全局属性，不能修改。
C:\Program Files\Microsoft Visual Studio\18\Community\MSBuild\Current\Bin\Microsoft.Common.CurrentVersion.targets(185,5): message : 在 C:\Program Files\Microsoft Visual Studio\18\Community\MSBuild\Current\Bin\Microsoft.Common.CurrentVersion.targets (185,5) 处重新分配属性: $(_DocumentationFileProduced)=“false”(先前值:“true”)
“SolutionName”属性是全局属性，不能修改。
“SolutionFileName”属性是全局属性，不能修改。
“SolutionPath”属性是全局属性，不能修改。
“SolutionDir”属性是全局属性，不能修改。
“SolutionExt”属性是全局属性，不能修改。
C:\Program Files\Microsoft Visual Studio\18\Community\MSBuild\Current\Bin\Microsoft.Common.CurrentVersion.targets(369,5): message : 在 C:\Program Files\Microsoft Visual Studio\18\Community\MSBuild\Current\Bin\Microsoft.Common.CurrentVersion.targets (369,5) 处重新分配属性: $(AutoUnifyAssemblyReferences)=“false”(先前值:“true”)
C:\Program Files\Microsoft Visual Studio\18\Community\MSBuild\Current\Bin\Microsoft.Common.CurrentVersion.targets(393,5): message : 在 C:\Program Files\Microsoft Visual Studio\18\Community\MSBuild\Current\Bin\Microsoft.Common.CurrentVersion.targets (393,5) 处重新分配属性: $(MSBuildCopyMarkerName)=“xuanyi.vcxproj.Up2Date”(先前值:“xuanyi.vcxproj”)
C:\Program Files\Microsoft Visual Studio\18\Community\MSBuild\Current\Bin\Microsoft.Common.CurrentVersion.targets(528,5): message : 在 C:\Program Files\Microsoft Visual Studio\18\Community\MSBuild\Current\Bin\Microsoft.Common.CurrentVersion.targets (528,5) 处重新分配属性: $(ProcessorArchitecture)=“amd64”(先前值:“x64”)
C:\Program Files\Microsoft Visual Studio\18\Community\MSBuild\Current\Bin\Microsoft.Common.CurrentVersion.targets(562,42): message : 值为“C:\Program Files\MSBuild”的属性“MSBuildExtensionsPath64”从环境中展开。
C:\Program Files\Microsoft Visual Studio\18\Community\MSBuild\Current\Bin\Microsoft.Common.CurrentVersion.targets(580,5): message : 在 C:\Program Files\Microsoft Visual Studio\18\Community\MSBuild\Current\Bin\Microsoft.Common.CurrentVersion.targets (580,5) 处重新分配属性: $(DelaySign)=“”(先前值:“false”)
C:\Program Files\Microsoft Visual Studio\18\Community\MSBuild\Current\Bin\Microsoft.Common.CurrentVersion.targets(649,5): message : 在 C:\Program Files\Microsoft Visual Studio\18\Community\MSBuild\Current\Bin\Microsoft.Common.CurrentVersion.targets (649,5) 处重新分配属性: $(AssemblySearchPaths)=“{CandidateAssemblyFiles};C:\Program Files\Microsoft Visual Studio\18\Community\VC\Tools\MSVC\14.50.35717\atlmfc\lib\x64;;C:\Program Files\Microsoft Visual Studio\18\Community\VC\Tools\MSVC\14.50.35717\lib\x64;”(先前值:“{CandidateAssemblyFiles}”)
C:\Program Files\Microsoft Visual Studio\18\Community\MSBuild\Current\Bin\Microsoft.Common.CurrentVersion.targets(650,5): message : 在 C:\Program Files\Microsoft Visual Studio\18\Community\MSBuild\Current\Bin\Microsoft.Common.CurrentVersion.targets (650,5) 处重新分配属性: $(AssemblySearchPaths)=“{CandidateAssemblyFiles};C:\Program Files\Microsoft Visual Studio\18\Community\VC\Tools\MSVC\14.50.35717\atlmfc\lib\x64;;C:\Program Files\Microsoft Visual Studio\18\Community\VC\Tools\MSVC\14.50.35717\lib\x64;;{HintPathFromItem}”(先前值:“{CandidateAssemblyFiles};C:\Program Files\Microsoft Visual Studio\18\Community\VC\Tools\MSVC\14.50.35717\atlmfc\lib\x64;;C:\Program Files\Microsoft Visual Studio\18\Community\VC\Tools\MSVC\14.50.35717\lib\x64;”)
C:\Program Files\Microsoft Visual Studio\18\Community\MSBuild\Current\Bin\Microsoft.Common.CurrentVersion.targets(651,5): message : 在 C:\Program Files\Microsoft Visual Studio\18\Community\MSBuild\Current\Bin\Microsoft.Common.CurrentVersion.targets (651,5) 处重新分配属性: $(AssemblySearchPaths)=“{CandidateAssemblyFiles};C:\Program Files\Microsoft Visual Studio\18\Community\VC\Tools\MSVC\14.50.35717\atlmfc\lib\x64;;C:\Program Files\Microsoft Visual Studio\18\Community\VC\Tools\MSVC\14.50.35717\lib\x64;;{HintPathFromItem};{TargetFrameworkDirectory}”(先前值:“{CandidateAssemblyFiles};C:\Program Files\Microsoft Visual Studio\18\Community\VC\Tools\MSVC\14.50.35717\atlmfc\lib\x64;;C:\Program Files\Microsoft Visual Studio\18\Community\VC\Tools\MSVC\14.50.35717\lib\x64;;{HintPathFromItem}”)
C:\Program Files\Microsoft Visual Studio\18\Community\MSBuild\Current\Bin\Microsoft.Common.CurrentVersion.targets(652,5): message : 在 C:\Program Files\Microsoft Visual Studio\18\Community\MSBuild\Current\Bin\Microsoft.Common.CurrentVersion.targets (652,5) 处重新分配属性: $(AssemblySearchPaths)=“{CandidateAssemblyFiles};C:\Program Files\Microsoft Visual Studio\18\Community\VC\Tools\MSVC\14.50.35717\atlmfc\lib\x64;;C:\Program Files\Microsoft Visual Studio\18\Community\VC\Tools\MSVC\14.50.35717\lib\x64;;{HintPathFromItem};{TargetFrameworkDirectory};{AssemblyFoldersFromConfig:C:\Program Files\Microsoft Visual Studio\18\Community\MSBuild\Current\Bin\AssemblyFolders.config,};”(先前值:“{CandidateAssemblyFiles};C:\Program Files\Microsoft Visual Studio\18\Community\VC\Tools\MSVC\14.50.35717\atlmfc\lib\x64;;C:\Program Files\Microsoft Visual Studio\18\Community\VC\Tools\MSVC\14.50.35717\lib\x64;;{HintPathFromItem};{TargetFrameworkDirectory}”)
C:\Program Files\Microsoft Visual Studio\18\Community\MSBuild\Current\Bin\Microsoft.Common.CurrentVersion.targets(653,5): message : 在 C:\Program Files\Microsoft Visual Studio\18\Community\MSBuild\Current\Bin\Microsoft.Common.CurrentVersion.targets (653,5) 处重新分配属性: $(AssemblySearchPaths)=“{CandidateAssemblyFiles};C:\Program Files\Microsoft Visual Studio\18\Community\VC\Tools\MSVC\14.50.35717\atlmfc\lib\x64;;C:\Program Files\Microsoft Visual Studio\18\Community\VC\Tools\MSVC\14.50.35717\lib\x64;;{HintPathFromItem};{TargetFrameworkDirectory};{AssemblyFoldersFromConfig:C:\Program Files\Microsoft Visual Studio\18\Community\MSBuild\Current\Bin\AssemblyFolders.config,};;{Registry:Software\Microsoft\,,AssemblyFoldersEx}”(先前值:“{CandidateAssemblyFiles};C:\Program Files\Microsoft Visual Studio\18\Community\VC\Tools\MSVC\14.50.35717\atlmfc\lib\x64;;C:\Program Files\Microsoft Visual Studio\18\Community\VC\Tools\MSVC\14.50.35717\lib\x64;;{HintPathFromItem};{TargetFrameworkDirectory};{AssemblyFoldersFromConfig:C:\Program Files\Microsoft Visual Studio\18\Community\MSBuild\Current\Bin\AssemblyFolders.config,};”)
C:\Program Files\Microsoft Visual Studio\18\Community\MSBuild\Current\Bin\Microsoft.Common.CurrentVersion.targets(654,5): message : 在 C:\Program Files\Microsoft Visual Studio\18\Community\MSBuild\Current\Bin\Microsoft.Common.CurrentVersion.targets (654,5) 处重新分配属性: $(AssemblySearchPaths)=“{CandidateAssemblyFiles};C:\Program Files\Microsoft Visual Studio\18\Community\VC\Tools\MSVC\14.50.35717\atlmfc\lib\x64;;C:\Program Files\Microsoft Visual Studio\18\Community\VC\Tools\MSVC\14.50.35717\lib\x64;;{HintPathFromItem};{TargetFrameworkDirectory};{AssemblyFoldersFromConfig:C:\Program Files\Microsoft Visual Studio\18\Community\MSBuild\Current\Bin\AssemblyFolders.config,};;{Registry:Software\Microsoft\,,AssemblyFoldersEx};{AssemblyFolders}”(先前值:“{CandidateAssemblyFiles};C:\Program Files\Microsoft Visual Studio\18\Community\VC\Tools\MSVC\14.50.35717\atlmfc\lib\x64;;C:\Program Files\Microsoft Visual Studio\18\Community\VC\Tools\MSVC\14.50.35717\lib\x64;;{HintPathFromItem};{TargetFrameworkDirectory};{AssemblyFoldersFromConfig:C:\Program Files\Microsoft Visual Studio\18\Community\MSBuild\Current\Bin\AssemblyFolders.config,};;{Registry:Software\Microsoft\,,AssemblyFoldersEx}”)
C:\Program Files\Microsoft Visual Studio\18\Community\MSBuild\Current\Bin\Microsoft.Common.CurrentVersion.targets(655,5): message : 在 C:\Program Files\Microsoft Visual Studio\18\Community\MSBuild\Current\Bin\Microsoft.Common.CurrentVersion.targets (655,5) 处重新分配属性: $(AssemblySearchPaths)=“{CandidateAssemblyFiles};C:\Program Files\Microsoft Visual Studio\18\Community\VC\Tools\MSVC\14.50.35717\atlmfc\lib\x64;;C:\Program Files\Microsoft Visual Studio\18\Community\VC\Tools\MSVC\14.50.35717\lib\x64;;{HintPathFromItem};{TargetFrameworkDirectory};{AssemblyFoldersFromConfig:C:\Program Files\Microsoft Visual Studio\18\Community\MSBuild\Current\Bin\AssemblyFolders.config,};;{Registry:Software\Microsoft\,,AssemblyFoldersEx};{AssemblyFolders};{GAC}”(先前值:“{CandidateAssemblyFiles};C:\Program Files\Microsoft Visual Studio\18\Community\VC\Tools\MSVC\14.50.35717\atlmfc\lib\x64;;C:\Program Files\Microsoft Visual Studio\18\Community\VC\Tools\MSVC\14.50.35717\lib\x64;;{HintPathFromItem};{TargetFrameworkDirectory};{AssemblyFoldersFromConfig:C:\Program Files\Microsoft Visual Studio\18\Community\MSBuild\Current\Bin\AssemblyFolders.config,};;{Registry:Software\Microsoft\,,AssemblyFoldersEx};{AssemblyFolders}”)
C:\Program Files\Microsoft Visual Studio\18\Community\MSBuild\Current\Bin\Microsoft.Common.CurrentVersion.targets(656,5): message : 在 C:\Program Files\Microsoft Visual Studio\18\Community\MSBuild\Current\Bin\Microsoft.Common.CurrentVersion.targets (656,5) 处重新分配属性: $(AssemblySearchPaths)=“{CandidateAssemblyFiles};C:\Program Files\Microsoft Visual Studio\18\Community\VC\Tools\MSVC\14.50.35717\atlmfc\lib\x64;;C:\Program Files\Microsoft Visual Studio\18\Community\VC\Tools\MSVC\14.50.35717\lib\x64;;{HintPathFromItem};{TargetFrameworkDirectory};{AssemblyFoldersFromConfig:C:\Program Files\Microsoft Visual Studio\18\Community\MSBuild\Current\Bin\AssemblyFolders.config,};;{Registry:Software\Microsoft\,,AssemblyFoldersEx};{AssemblyFolders};{GAC};{RawFileName}”(先前值:“{CandidateAssemblyFiles};C:\Program Files\Microsoft Visual Studio\18\Community\VC\Tools\MSVC\14.50.35717\atlmfc\lib\x64;;C:\Program Files\Microsoft Visual Studio\18\Community\VC\Tools\MSVC\14.50.35717\lib\x64;;{HintPathFromItem};{TargetFrameworkDirectory};{AssemblyFoldersFromConfig:C:\Program Files\Microsoft Visual Studio\18\Community\MSBuild\Current\Bin\AssemblyFolders.config,};;{Registry:Software\Microsoft\,,AssemblyFoldersEx};{AssemblyFolders};{GAC}”)
C:\Program Files\Microsoft Visual Studio\18\Community\MSBuild\Current\Bin\Microsoft.Common.CurrentVersion.targets(657,5): message : 在 C:\Program Files\Microsoft Visual Studio\18\Community\MSBuild\Current\Bin\Microsoft.Common.CurrentVersion.targets (657,5) 处重新分配属性: $(AssemblySearchPaths)=“{CandidateAssemblyFiles};C:\Program Files\Microsoft Visual Studio\18\Community\VC\Tools\MSVC\14.50.35717\atlmfc\lib\x64;;C:\Program Files\Microsoft Visual Studio\18\Community\VC\Tools\MSVC\14.50.35717\lib\x64;;{HintPathFromItem};{TargetFrameworkDirectory};{AssemblyFoldersFromConfig:C:\Program Files\Microsoft Visual Studio\18\Community\MSBuild\Current\Bin\AssemblyFolders.config,};;{Registry:Software\Microsoft\,,AssemblyFoldersEx};{AssemblyFolders};{GAC};{RawFileName};c:\Vsprogram\xuanyi\x64\Debug\”(先前值:“{CandidateAssemblyFiles};C:\Program Files\Microsoft Visual Studio\18\Community\VC\Tools\MSVC\14.50.35717\atlmfc\lib\x64;;C:\Program Files\Microsoft Visual Studio\18\Community\VC\Tools\MSVC\14.50.35717\lib\x64;;{HintPathFromItem};{TargetFrameworkDirectory};{AssemblyFoldersFromConfig:C:\Program Files\Microsoft Visual Studio\18\Community\MSBuild\Current\Bin\AssemblyFolders.config,};;{Registry:Software\Microsoft\,,AssemblyFoldersEx};{AssemblyFolders};{GAC};{RawFileName}”)
C:\Program Files\Microsoft Visual Studio\18\Community\MSBuild\Current\Bin\Microsoft.Common.CurrentVersion.targets(3948,5): message : 在 C:\Program Files\Microsoft Visual Studio\18\Community\MSBuild\Current\Bin\Microsoft.Common.CurrentVersion.targets (3948,5) 处重新分配属性: $(_SGenGenerateSerializationAssembliesConfig)=“Auto”(先前值:“”)
C:\Program Files\Microsoft Visual Studio\18\Community\MSBuild\Current\Bin\Microsoft.Common.CurrentVersion.targets(3949,5): message : 在 C:\Program Files\Microsoft Visual Studio\18\Community\MSBuild\Current\Bin\Microsoft.Common.CurrentVersion.targets (3949,5) 处重新分配属性: $(_SGenGenerateSerializationAssembliesConfig)=“Off”(先前值:“Auto”)
C:\Program Files\Microsoft Visual Studio\18\Community\MSBuild\Current\Bin\Microsoft.Common.CurrentVersion.targets(5160,5): message : 在 C:\Program Files\Microsoft Visual Studio\18\Community\MSBuild\Current\Bin\Microsoft.Common.CurrentVersion.targets (5160,5) 处重新分配属性: $(_TargetsThatPrepareProjectReferences)=“
C:\Program Files\Microsoft Visual Studio\18\Community\MSBuild\Current\Bin\Microsoft.Common.CurrentVersion.targets(5160,5): message :       AssignProjectConfiguration;
C:\Program Files\Microsoft Visual Studio\18\Community\MSBuild\Current\Bin\Microsoft.Common.CurrentVersion.targets(5160,5): message :       _SplitProjectReferencesByFileExistence
C:\Program Files\Microsoft Visual Studio\18\Community\MSBuild\Current\Bin\Microsoft.Common.CurrentVersion.targets(5160,5): message :     ”(先前值:“_SplitProjectReferencesByFileExistence”)
C:\Program Files\Microsoft Visual Studio\18\Community\MSBuild\Microsoft\VisualStudio\v18.0\CodeAnalysis\Microsoft.CodeAnalysis.targets(125,5): message : 在 C:\Program Files\Microsoft Visual Studio\18\Community\MSBuild\Microsoft\VisualStudio\v18.0\CodeAnalysis\Microsoft.CodeAnalysis.targets (125,5) 处重新分配属性: $(_CodeAnalysisTreatWarningsAsErrors)=“false”(先前值:“”)
C:\Program Files\Microsoft Visual Studio\18\Community\MSBuild\Microsoft\VisualStudio\v18.0\CodeAnalysis\Microsoft.CodeAnalysis.targets(235,5): message : 在 C:\Program Files\Microsoft Visual Studio\18\Community\MSBuild\Microsoft\VisualStudio\v18.0\CodeAnalysis\Microsoft.CodeAnalysis.targets (235,5) 处重新分配属性: $(CAExcludePath)=“C:\Program Files (x86)\Windows Kits\10\Include\10.0.26100.0\ucrt;;C:\Program Files (x86)\Windows Kits\10\Include\10.0.26100.0\um;C:\Program Files (x86)\Windows Kits\10\Include\10.0.26100.0\shared;C:\Program Files (x86)\Windows Kits\10\Include\10.0.26100.0\winrt;C:\Program Files (x86)\Windows Kits\10\Include\10.0.26100.0\cppwinrt;C:\Program Files (x86)\Windows Kits\NETFXSDK\4.8\Include\um;”(先前值:“C:\Program Files (x86)\Windows Kits\10\Include\10.0.26100.0\um;C:\Program Files (x86)\Windows Kits\10\Include\10.0.26100.0\shared;C:\Program Files (x86)\Windows Kits\10\Include\10.0.26100.0\winrt;C:\Program Files (x86)\Windows Kits\10\Include\10.0.26100.0\cppwinrt;C:\Program Files (x86)\Windows Kits\NETFXSDK\4.8\Include\um;”)
C:\Program Files\Microsoft Visual Studio\18\Community\MSBuild\Microsoft\VisualStudio\v18.0\CodeAnalysis\Microsoft.CodeAnalysis.targets(236,5): message : 在 C:\Program Files\Microsoft Visual Studio\18\Community\MSBuild\Microsoft\VisualStudio\v18.0\CodeAnalysis\Microsoft.CodeAnalysis.targets (236,5) 处重新分配属性: $(CAExcludePath)=“C:\Program Files\Microsoft Visual Studio\18\Community\VC\Tools\MSVC\14.50.35717\include;C:\Program Files (x86)\Windows Kits\10\Include\10.0.26100.0\ucrt;;C:\Program Files (x86)\Windows Kits\10\Include\10.0.26100.0\um;C:\Program Files (x86)\Windows Kits\10\Include\10.0.26100.0\shared;C:\Program Files (x86)\Windows Kits\10\Include\10.0.26100.0\winrt;C:\Program Files (x86)\Windows Kits\10\Include\10.0.26100.0\cppwinrt;C:\Program Files (x86)\Windows Kits\NETFXSDK\4.8\Include\um;”(先前值:“C:\Program Files (x86)\Windows Kits\10\Include\10.0.26100.0\ucrt;;C:\Program Files (x86)\Windows Kits\10\Include\10.0.26100.0\um;C:\Program Files (x86)\Windows Kits\10\Include\10.0.26100.0\shared;C:\Program Files (x86)\Windows Kits\10\Include\10.0.26100.0\winrt;C:\Program Files (x86)\Windows Kits\10\Include\10.0.26100.0\cppwinrt;C:\Program Files (x86)\Windows Kits\NETFXSDK\4.8\Include\um;”)
C:\Program Files\Microsoft Visual Studio\18\Community\MSBuild\Microsoft\VisualStudio\v18.0\CodeAnalysis\Microsoft.CodeAnalysis.targets(237,5): message : 在 C:\Program Files\Microsoft Visual Studio\18\Community\MSBuild\Microsoft\VisualStudio\v18.0\CodeAnalysis\Microsoft.CodeAnalysis.targets (237,5) 处重新分配属性: $(CAExcludePath)=“C:\Program Files\Microsoft Visual Studio\18\Community\VC\Tools\MSVC\14.50.35717\atlmfc\include;C:\Program Files\Microsoft Visual Studio\18\Community\VC\Tools\MSVC\14.50.35717\include;C:\Program Files (x86)\Windows Kits\10\Include\10.0.26100.0\ucrt;;C:\Program Files (x86)\Windows Kits\10\Include\10.0.26100.0\um;C:\Program Files (x86)\Windows Kits\10\Include\10.0.26100.0\shared;C:\Program Files (x86)\Windows Kits\10\Include\10.0.26100.0\winrt;C:\Program Files (x86)\Windows Kits\10\Include\10.0.26100.0\cppwinrt;C:\Program Files (x86)\Windows Kits\NETFXSDK\4.8\Include\um;”(先前值:“C:\Program Files\Microsoft Visual Studio\18\Community\VC\Tools\MSVC\14.50.35717\include;C:\Program Files (x86)\Windows Kits\10\Include\10.0.26100.0\ucrt;;C:\Program Files (x86)\Windows Kits\10\Include\10.0.26100.0\um;C:\Program Files (x86)\Windows Kits\10\Include\10.0.26100.0\shared;C:\Program Files (x86)\Windows Kits\10\Include\10.0.26100.0\winrt;C:\Program Files (x86)\Windows Kits\10\Include\10.0.26100.0\cppwinrt;C:\Program Files (x86)\Windows Kits\NETFXSDK\4.8\Include\um;”)
C:\Program Files\Microsoft Visual Studio\18\Community\MSBuild\Microsoft\VisualStudio\v18.0\CodeAnalysis\Microsoft.CodeAnalysis.targets(240,5): message : 在 C:\Program Files\Microsoft Visual Studio\18\Community\MSBuild\Microsoft\VisualStudio\v18.0\CodeAnalysis\Microsoft.CodeAnalysis.targets (240,5) 处重新分配属性: $(PrepareForBuildDependsOn)=“;GetFrameworkPaths;GetReferenceAssemblyPaths;AssignLinkMetadata;SetCABuildNativeEnvironmentVariables”(先前值:“;GetFrameworkPaths;GetReferenceAssemblyPaths;AssignLinkMetadata”)
C:\WINDOWS\Microsoft.NET\Framework\v4.0.30319\Microsoft.Xaml.targets(35,5): message : 在 C:\WINDOWS\Microsoft.NET\Framework\v4.0.30319\Microsoft.Xaml.targets (35,5) 处重新分配属性: $(PrepareResourcesDependsOn)=“
C:\WINDOWS\Microsoft.NET\Framework\v4.0.30319\Microsoft.Xaml.targets(35,5): message :       XamlMarkupCompilePass1;
C:\WINDOWS\Microsoft.NET\Framework\v4.0.30319\Microsoft.Xaml.targets(35,5): message :       XamlMarkupCompilePass2;
C:\WINDOWS\Microsoft.NET\Framework\v4.0.30319\Microsoft.Xaml.targets(35,5): message :       
C:\WINDOWS\Microsoft.NET\Framework\v4.0.30319\Microsoft.Xaml.targets(35,5): message :       ;
C:\WINDOWS\Microsoft.NET\Framework\v4.0.30319\Microsoft.Xaml.targets(35,5): message :       PrepareResourceNames;
C:\WINDOWS\Microsoft.NET\Framework\v4.0.30319\Microsoft.Xaml.targets(35,5): message :       ResGen;
C:\WINDOWS\Microsoft.NET\Framework\v4.0.30319\Microsoft.Xaml.targets(35,5): message :       CompileLicxFiles
C:\WINDOWS\Microsoft.NET\Framework\v4.0.30319\Microsoft.Xaml.targets(35,5): message :      
C:\WINDOWS\Microsoft.NET\Framework\v4.0.30319\Microsoft.Xaml.targets(35,5): message :     ”(先前值:“
C:\WINDOWS\Microsoft.NET\Framework\v4.0.30319\Microsoft.Xaml.targets(35,5): message :       ;
C:\WINDOWS\Microsoft.NET\Framework\v4.0.30319\Microsoft.Xaml.targets(35,5): message :       PrepareResourceNames;
C:\WINDOWS\Microsoft.NET\Framework\v4.0.30319\Microsoft.Xaml.targets(35,5): message :       ResGen;
C:\WINDOWS\Microsoft.NET\Framework\v4.0.30319\Microsoft.Xaml.targets(35,5): message :       CompileLicxFiles
C:\WINDOWS\Microsoft.NET\Framework\v4.0.30319\Microsoft.Xaml.targets(35,5): message :     ”)
C:\Program Files\Microsoft Visual Studio\18\Community\MSBuild\Microsoft\VisualStudio\v18.0\TeamTest\Microsoft.TeamTest.targets(4,5): message : 在 C:\Program Files\Microsoft Visual Studio\18\Community\MSBuild\Microsoft\VisualStudio\v18.0\TeamTest\Microsoft.TeamTest.targets (4,5) 处重新分配属性: $(ResolveReferencesDependsOn)=“
C:\Program Files\Microsoft Visual Studio\18\Community\MSBuild\Microsoft\VisualStudio\v18.0\TeamTest\Microsoft.TeamTest.targets(4,5): message :       
C:\Program Files\Microsoft Visual Studio\18\Community\MSBuild\Microsoft\VisualStudio\v18.0\TeamTest\Microsoft.TeamTest.targets(4,5): message :       BeforeResolveReferences;
C:\Program Files\Microsoft Visual Studio\18\Community\MSBuild\Microsoft\VisualStudio\v18.0\TeamTest\Microsoft.TeamTest.targets(4,5): message :       AssignProjectConfiguration;
C:\Program Files\Microsoft Visual Studio\18\Community\MSBuild\Microsoft\VisualStudio\v18.0\TeamTest\Microsoft.TeamTest.targets(4,5): message :       ResolveProjectReferences;
C:\Program Files\Microsoft Visual Studio\18\Community\MSBuild\Microsoft\VisualStudio\v18.0\TeamTest\Microsoft.TeamTest.targets(4,5): message :       FindInvalidProjectReferences;
C:\Program Files\Microsoft Visual Studio\18\Community\MSBuild\Microsoft\VisualStudio\v18.0\TeamTest\Microsoft.TeamTest.targets(4,5): message :       ResolveNativeReferences;
C:\Program Files\Microsoft Visual Studio\18\Community\MSBuild\Microsoft\VisualStudio\v18.0\TeamTest\Microsoft.TeamTest.targets(4,5): message :       ResolveAssemblyReferences;
C:\Program Files\Microsoft Visual Studio\18\Community\MSBuild\Microsoft\VisualStudio\v18.0\TeamTest\Microsoft.TeamTest.targets(4,5): message :       GenerateBindingRedirects;
C:\Program Files\Microsoft Visual Studio\18\Community\MSBuild\Microsoft\VisualStudio\v18.0\TeamTest\Microsoft.TeamTest.targets(4,5): message :       GenerateBindingRedirectsUpdateAppConfig;
C:\Program Files\Microsoft Visual Studio\18\Community\MSBuild\Microsoft\VisualStudio\v18.0\TeamTest\Microsoft.TeamTest.targets(4,5): message :       ResolveComReferences;
C:\Program Files\Microsoft Visual Studio\18\Community\MSBuild\Microsoft\VisualStudio\v18.0\TeamTest\Microsoft.TeamTest.targets(4,5): message :       AfterResolveReferences
C:\Program Files\Microsoft Visual Studio\18\Community\MSBuild\Microsoft\VisualStudio\v18.0\TeamTest\Microsoft.TeamTest.targets(4,5): message :     ;
C:\Program Files\Microsoft Visual Studio\18\Community\MSBuild\Microsoft\VisualStudio\v18.0\TeamTest\Microsoft.TeamTest.targets(4,5): message :       ResolveTestReferences
C:\Program Files\Microsoft Visual Studio\18\Community\MSBuild\Microsoft\VisualStudio\v18.0\TeamTest\Microsoft.TeamTest.targets(4,5): message :     ”(先前值:“
C:\Program Files\Microsoft Visual Studio\18\Community\MSBuild\Microsoft\VisualStudio\v18.0\TeamTest\Microsoft.TeamTest.targets(4,5): message :       BeforeResolveReferences;
C:\Program Files\Microsoft Visual Studio\18\Community\MSBuild\Microsoft\VisualStudio\v18.0\TeamTest\Microsoft.TeamTest.targets(4,5): message :       AssignProjectConfiguration;
C:\Program Files\Microsoft Visual Studio\18\Community\MSBuild\Microsoft\VisualStudio\v18.0\TeamTest\Microsoft.TeamTest.targets(4,5): message :       ResolveProjectReferences;
C:\Program Files\Microsoft Visual Studio\18\Community\MSBuild\Microsoft\VisualStudio\v18.0\TeamTest\Microsoft.TeamTest.targets(4,5): message :       FindInvalidProjectReferences;
C:\Program Files\Microsoft Visual Studio\18\Community\MSBuild\Microsoft\VisualStudio\v18.0\TeamTest\Microsoft.TeamTest.targets(4,5): message :       ResolveNativeReferences;
C:\Program Files\Microsoft Visual Studio\18\Community\MSBuild\Microsoft\VisualStudio\v18.0\TeamTest\Microsoft.TeamTest.targets(4,5): message :       ResolveAssemblyReferences;
C:\Program Files\Microsoft Visual Studio\18\Community\MSBuild\Microsoft\VisualStudio\v18.0\TeamTest\Microsoft.TeamTest.targets(4,5): message :       GenerateBindingRedirects;
C:\Program Files\Microsoft Visual Studio\18\Community\MSBuild\Microsoft\VisualStudio\v18.0\TeamTest\Microsoft.TeamTest.targets(4,5): message :       GenerateBindingRedirectsUpdateAppConfig;
C:\Program Files\Microsoft Visual Studio\18\Community\MSBuild\Microsoft\VisualStudio\v18.0\TeamTest\Microsoft.TeamTest.targets(4,5): message :       ResolveComReferences;
C:\Program Files\Microsoft Visual Studio\18\Community\MSBuild\Microsoft\VisualStudio\v18.0\TeamTest\Microsoft.TeamTest.targets(4,5): message :       AfterResolveReferences
C:\Program Files\Microsoft Visual Studio\18\Community\MSBuild\Microsoft\VisualStudio\v18.0\TeamTest\Microsoft.TeamTest.targets(4,5): message :     ”)
将用于 $(MSBuildExtensionsPath) 的搜索路径为 C:\Program Files\Microsoft Visual Studio\18\Community\MSBuild;$(MSBuildProgramFiles32)\MSBuild
尝试使用扩展路径 C:\Program Files\Microsoft Visual Studio\18\Community\MSBuild 导入 C:\Program Files\Microsoft Visual Studio\18\Community\MSBuild\$(MSBuildToolsVersion)\Microsoft.Common.targets\ImportAfter\*
C:\Program Files\Microsoft Visual Studio\18\Community\MSBuild\Microsoft\NuGet\18.0\Microsoft.NuGet.targets(74,5): message : 在 C:\Program Files\Microsoft Visual Studio\18\Community\MSBuild\Microsoft\NuGet\18.0\Microsoft.NuGet.targets (74,5) 处重新分配属性: $(ProjectLockFile)=“obj\project.assets.json”(先前值:“c:\Vsprogram\xuanyi\xuanyi\obj\project.assets.json”)
C:\Program Files\Microsoft Visual Studio\18\Community\MSBuild\Microsoft\NuGet\18.0\Microsoft.NuGet.targets(185,5): message : 在 C:\Program Files\Microsoft Visual Studio\18\Community\MSBuild\Microsoft\NuGet\18.0\Microsoft.NuGet.targets (185,5) 处重新分配属性: $(ResolveAssemblyReferencesDependsOn)=“
C:\Program Files\Microsoft Visual Studio\18\Community\MSBuild\Microsoft\NuGet\18.0\Microsoft.NuGet.targets(185,5): message :       ResolveProjectReferences;
C:\Program Files\Microsoft Visual Studio\18\Community\MSBuild\Microsoft\NuGet\18.0\Microsoft.NuGet.targets(185,5): message :       FindInvalidProjectReferences;
C:\Program Files\Microsoft Visual Studio\18\Community\MSBuild\Microsoft\NuGet\18.0\Microsoft.NuGet.targets(185,5): message :       GetFrameworkPaths;
C:\Program Files\Microsoft Visual Studio\18\Community\MSBuild\Microsoft\NuGet\18.0\Microsoft.NuGet.targets(185,5): message :       GetReferenceAssemblyPaths;
C:\Program Files\Microsoft Visual Studio\18\Community\MSBuild\Microsoft\NuGet\18.0\Microsoft.NuGet.targets(185,5): message :       PrepareForBuild;
C:\Program Files\Microsoft Visual Studio\18\Community\MSBuild\Microsoft\NuGet\18.0\Microsoft.NuGet.targets(185,5): message :       ResolveSDKReferences;
C:\Program Files\Microsoft Visual Studio\18\Community\MSBuild\Microsoft\NuGet\18.0\Microsoft.NuGet.targets(185,5): message :       ExpandSDKReferences;
C:\Program Files\Microsoft Visual Studio\18\Community\MSBuild\Microsoft\NuGet\18.0\Microsoft.NuGet.targets(185,5): message :     ;ResolveNuGetPackageAssets”(先前值:“
C:\Program Files\Microsoft Visual Studio\18\Community\MSBuild\Microsoft\NuGet\18.0\Microsoft.NuGet.targets(185,5): message :       ResolveProjectReferences;
C:\Program Files\Microsoft Visual Studio\18\Community\MSBuild\Microsoft\NuGet\18.0\Microsoft.NuGet.targets(185,5): message :       FindInvalidProjectReferences;
C:\Program Files\Microsoft Visual Studio\18\Community\MSBuild\Microsoft\NuGet\18.0\Microsoft.NuGet.targets(185,5): message :       GetFrameworkPaths;
C:\Program Files\Microsoft Visual Studio\18\Community\MSBuild\Microsoft\NuGet\18.0\Microsoft.NuGet.targets(185,5): message :       GetReferenceAssemblyPaths;
C:\Program Files\Microsoft Visual Studio\18\Community\MSBuild\Microsoft\NuGet\18.0\Microsoft.NuGet.targets(185,5): message :       PrepareForBuild;
C:\Program Files\Microsoft Visual Studio\18\Community\MSBuild\Microsoft\NuGet\18.0\Microsoft.NuGet.targets(185,5): message :       ResolveSDKReferences;
C:\Program Files\Microsoft Visual Studio\18\Community\MSBuild\Microsoft\NuGet\18.0\Microsoft.NuGet.targets(185,5): message :       ExpandSDKReferences;
C:\Program Files\Microsoft Visual Studio\18\Community\MSBuild\Microsoft\NuGet\18.0\Microsoft.NuGet.targets(185,5): message :     ”)
C:\Program Files\Microsoft Visual Studio\18\Community\MSBuild\Microsoft\NuGet\18.0\Microsoft.NuGet.targets(186,5): message : 在 C:\Program Files\Microsoft Visual Studio\18\Community\MSBuild\Microsoft\NuGet\18.0\Microsoft.NuGet.targets (186,5) 处重新分配属性: $(PrepareResourcesDependsOn)=“ResolveNuGetPackageAssets;
C:\Program Files\Microsoft Visual Studio\18\Community\MSBuild\Microsoft\NuGet\18.0\Microsoft.NuGet.targets(186,5): message :       XamlMarkupCompilePass1;
C:\Program Files\Microsoft Visual Studio\18\Community\MSBuild\Microsoft\NuGet\18.0\Microsoft.NuGet.targets(186,5): message :       XamlMarkupCompilePass2;
C:\Program Files\Microsoft Visual Studio\18\Community\MSBuild\Microsoft\NuGet\18.0\Microsoft.NuGet.targets(186,5): message :       
C:\Program Files\Microsoft Visual Studio\18\Community\MSBuild\Microsoft\NuGet\18.0\Microsoft.NuGet.targets(186,5): message :       ;
C:\Program Files\Microsoft Visual Studio\18\Community\MSBuild\Microsoft\NuGet\18.0\Microsoft.NuGet.targets(186,5): message :       PrepareResourceNames;
C:\Program Files\Microsoft Visual Studio\18\Community\MSBuild\Microsoft\NuGet\18.0\Microsoft.NuGet.targets(186,5): message :       ResGen;
C:\Program Files\Microsoft Visual Studio\18\Community\MSBuild\Microsoft\NuGet\18.0\Microsoft.NuGet.targets(186,5): message :       CompileLicxFiles
C:\Program Files\Microsoft Visual Studio\18\Community\MSBuild\Microsoft\NuGet\18.0\Microsoft.NuGet.targets(186,5): message :      
C:\Program Files\Microsoft Visual Studio\18\Community\MSBuild\Microsoft\NuGet\18.0\Microsoft.NuGet.targets(186,5): message :     ”(先前值:“
C:\Program Files\Microsoft Visual Studio\18\Community\MSBuild\Microsoft\NuGet\18.0\Microsoft.NuGet.targets(186,5): message :       XamlMarkupCompilePass1;
C:\Program Files\Microsoft Visual Studio\18\Community\MSBuild\Microsoft\NuGet\18.0\Microsoft.NuGet.targets(186,5): message :       XamlMarkupCompilePass2;
C:\Program Files\Microsoft Visual Studio\18\Community\MSBuild\Microsoft\NuGet\18.0\Microsoft.NuGet.targets(186,5): message :       
C:\Program Files\Microsoft Visual Studio\18\Community\MSBuild\Microsoft\NuGet\18.0\Microsoft.NuGet.targets(186,5): message :       ;
C:\Program Files\Microsoft Visual Studio\18\Community\MSBuild\Microsoft\NuGet\18.0\Microsoft.NuGet.targets(186,5): message :       PrepareResourceNames;
C:\Program Files\Microsoft Visual Studio\18\Community\MSBuild\Microsoft\NuGet\18.0\Microsoft.NuGet.targets(186,5): message :       ResGen;
C:\Program Files\Microsoft Visual Studio\18\Community\MSBuild\Microsoft\NuGet\18.0\Microsoft.NuGet.targets(186,5): message :       CompileLicxFiles
C:\Program Files\Microsoft Visual Studio\18\Community\MSBuild\Microsoft\NuGet\18.0\Microsoft.NuGet.targets(186,5): message :      
C:\Program Files\Microsoft Visual Studio\18\Community\MSBuild\Microsoft\NuGet\18.0\Microsoft.NuGet.targets(186,5): message :     ”)
将用于 $(MSBuildExtensionsPath) 的搜索路径为 C:\Program Files\Microsoft Visual Studio\18\Community\MSBuild;$(MSBuildProgramFiles32)\MSBuild
将用于 $(MSBuildExtensionsPath) 的搜索路径为 C:\Program Files\Microsoft Visual Studio\18\Community\MSBuild;$(MSBuildProgramFiles32)\MSBuild
尝试使用扩展路径 C:\Program Files\Microsoft Visual Studio\18\Community\MSBuild 导入 C:\Program Files\Microsoft Visual Studio\18\Community\MSBuild\Microsoft\VisualStudio\WebTools.Aspire\Microsoft.WebTools.Aspire.targets
C:\Program Files\Microsoft Visual Studio\18\Community\MSBuild\Microsoft\VisualStudio\WebTools.Aspire\Microsoft.WebTools.Aspire.targets(25,5): message : 在 C:\Program Files\Microsoft Visual Studio\18\Community\MSBuild\Microsoft\VisualStudio\WebTools.Aspire\Microsoft.WebTools.Aspire.targets (25,5) 处重新分配属性: $(JsonSchemaCombinedFilePath)=“c:\Vsprogram\xuanyi\xuanyi\x64\Debug\CombinedComponentSchema.json”(先前值:“x64\Debug\\CombinedComponentSchema.json”)
C:\Program Files\Microsoft Visual Studio\18\Community\MSBuild\Microsoft\VisualStudio\WebTools.Aspire\Microsoft.WebTools.Aspire.targets(27,5): message : 在 C:\Program Files\Microsoft Visual Studio\18\Community\MSBuild\Microsoft\VisualStudio\WebTools.Aspire\Microsoft.WebTools.Aspire.targets (27,5) 处重新分配属性: $(AppSettingsJsonSchemaCombinedFilePath)=“c:\Vsprogram\xuanyi\xuanyi\x64\Debug\AppSettingsSchema.json”(先前值:“x64\Debug\\AppSettingsSchema.json”)
C:\Program Files\Microsoft Visual Studio\18\Community\MSBuild\Microsoft\VC\v180\Microsoft.BuildSteps.Targets(39,5): message : 在 C:\Program Files\Microsoft Visual Studio\18\Community\MSBuild\Microsoft\VC\v180\Microsoft.BuildSteps.Targets (39,5) 处重新分配属性: $(DebugType)=“”(先前值:“none”)
C:\Program Files\Microsoft Visual Studio\18\Community\MSBuild\Microsoft\VC\v180\Microsoft.BuildSteps.Targets(122,5): message : 在 C:\Program Files\Microsoft Visual Studio\18\Community\MSBuild\Microsoft\VC\v180\Microsoft.BuildSteps.Targets (122,5) 处重新分配属性: $(BuildDependsOn)=“
C:\Program Files\Microsoft Visual Studio\18\Community\MSBuild\Microsoft\VC\v180\Microsoft.BuildSteps.Targets(122,5): message :       _PrepareForBuild;
C:\Program Files\Microsoft Visual Studio\18\Community\MSBuild\Microsoft\VC\v180\Microsoft.BuildSteps.Targets(122,5): message :       
C:\Program Files\Microsoft Visual Studio\18\Community\MSBuild\Microsoft\VC\v180\Microsoft.BuildSteps.Targets(122,5): message :       ResolveReferences;
C:\Program Files\Microsoft Visual Studio\18\Community\MSBuild\Microsoft\VC\v180\Microsoft.BuildSteps.Targets(122,5): message :       PrepareForBuild;
C:\Program Files\Microsoft Visual Studio\18\Community\MSBuild\Microsoft\VC\v180\Microsoft.BuildSteps.Targets(122,5): message :       InitializeBuildStatus;
C:\Program Files\Microsoft Visual Studio\18\Community\MSBuild\Microsoft\VC\v180\Microsoft.BuildSteps.Targets(122,5): message :       BuildGenerateSources;
C:\Program Files\Microsoft Visual Studio\18\Community\MSBuild\Microsoft\VC\v180\Microsoft.BuildSteps.Targets(122,5): message :       BuildCompile;
C:\Program Files\Microsoft Visual Studio\18\Community\MSBuild\Microsoft\VC\v180\Microsoft.BuildSteps.Targets(122,5): message :       BuildLink;
C:\Program Files\Microsoft Visual Studio\18\Community\MSBuild\Microsoft\VC\v180\Microsoft.BuildSteps.Targets(122,5): message :     ;
C:\Program Files\Microsoft Visual Studio\18\Community\MSBuild\Microsoft\VC\v180\Microsoft.BuildSteps.Targets(122,5): message :       AfterBuild;
C:\Program Files\Microsoft Visual Studio\18\Community\MSBuild\Microsoft\VC\v180\Microsoft.BuildSteps.Targets(122,5): message :       IncrementalClean;
C:\Program Files\Microsoft Visual Studio\18\Community\MSBuild\Microsoft\VC\v180\Microsoft.BuildSteps.Targets(122,5): message :       TlogCleanup;
C:\Program Files\Microsoft Visual Studio\18\Community\MSBuild\Microsoft\VC\v180\Microsoft.BuildSteps.Targets(122,5): message :       FinalizeBuildStatus;
C:\Program Files\Microsoft Visual Studio\18\Community\MSBuild\Microsoft\VC\v180\Microsoft.BuildSteps.Targets(122,5): message :     ”(先前值:“
C:\Program Files\Microsoft Visual Studio\18\Community\MSBuild\Microsoft\VC\v180\Microsoft.BuildSteps.Targets(122,5): message :       BeforeBuild;
C:\Program Files\Microsoft Visual Studio\18\Community\MSBuild\Microsoft\VC\v180\Microsoft.BuildSteps.Targets(122,5): message :       CoreBuild;
C:\Program Files\Microsoft Visual Studio\18\Community\MSBuild\Microsoft\VC\v180\Microsoft.BuildSteps.Targets(122,5): message :       AfterBuild
C:\Program Files\Microsoft Visual Studio\18\Community\MSBuild\Microsoft\VC\v180\Microsoft.BuildSteps.Targets(122,5): message :     ”)
C:\Program Files\Microsoft Visual Studio\18\Community\MSBuild\Microsoft\VC\v180\Microsoft.BuildSteps.Targets(131,5): message : 在 C:\Program Files\Microsoft Visual Studio\18\Community\MSBuild\Microsoft\VC\v180\Microsoft.BuildSteps.Targets (131,5) 处重新分配属性: $(RebuildDependsOn)=“
C:\Program Files\Microsoft Visual Studio\18\Community\MSBuild\Microsoft\VC\v180\Microsoft.BuildSteps.Targets(131,5): message :       _PrepareForRebuild;
C:\Program Files\Microsoft Visual Studio\18\Community\MSBuild\Microsoft\VC\v180\Microsoft.BuildSteps.Targets(131,5): message :       
C:\Program Files\Microsoft Visual Studio\18\Community\MSBuild\Microsoft\VC\v180\Microsoft.BuildSteps.Targets(131,5): message :       BeforeRebuild;
C:\Program Files\Microsoft Visual Studio\18\Community\MSBuild\Microsoft\VC\v180\Microsoft.BuildSteps.Targets(131,5): message :       Clean;
C:\Program Files\Microsoft Visual Studio\18\Community\MSBuild\Microsoft\VC\v180\Microsoft.BuildSteps.Targets(131,5): message :       Build;
C:\Program Files\Microsoft Visual Studio\18\Community\MSBuild\Microsoft\VC\v180\Microsoft.BuildSteps.Targets(131,5): message :       AfterRebuild;
C:\Program Files\Microsoft Visual Studio\18\Community\MSBuild\Microsoft\VC\v180\Microsoft.BuildSteps.Targets(131,5): message :     ;
C:\Program Files\Microsoft Visual Studio\18\Community\MSBuild\Microsoft\VC\v180\Microsoft.BuildSteps.Targets(131,5): message :     ”(先前值:“
C:\Program Files\Microsoft Visual Studio\18\Community\MSBuild\Microsoft\VC\v180\Microsoft.BuildSteps.Targets(131,5): message :       BeforeRebuild;
C:\Program Files\Microsoft Visual Studio\18\Community\MSBuild\Microsoft\VC\v180\Microsoft.BuildSteps.Targets(131,5): message :       Clean;
C:\Program Files\Microsoft Visual Studio\18\Community\MSBuild\Microsoft\VC\v180\Microsoft.BuildSteps.Targets(131,5): message :       Build;
C:\Program Files\Microsoft Visual Studio\18\Community\MSBuild\Microsoft\VC\v180\Microsoft.BuildSteps.Targets(131,5): message :       AfterRebuild;
C:\Program Files\Microsoft Visual Studio\18\Community\MSBuild\Microsoft\VC\v180\Microsoft.BuildSteps.Targets(131,5): message :     ”)
C:\Program Files\Microsoft Visual Studio\18\Community\MSBuild\Microsoft\VC\v180\Microsoft.BuildSteps.Targets(136,5): message : 在 C:\Program Files\Microsoft Visual Studio\18\Community\MSBuild\Microsoft\VC\v180\Microsoft.BuildSteps.Targets (136,5) 处重新分配属性: $(CleanDependsOn)=“
C:\Program Files\Microsoft Visual Studio\18\Community\MSBuild\Microsoft\VC\v180\Microsoft.BuildSteps.Targets(136,5): message :       _PrepareForClean;
C:\Program Files\Microsoft Visual Studio\18\Community\MSBuild\Microsoft\VC\v180\Microsoft.BuildSteps.Targets(136,5): message :       
C:\Program Files\Microsoft Visual Studio\18\Community\MSBuild\Microsoft\VC\v180\Microsoft.BuildSteps.Targets(136,5): message :       BeforeClean;
C:\Program Files\Microsoft Visual Studio\18\Community\MSBuild\Microsoft\VC\v180\Microsoft.BuildSteps.Targets(136,5): message :       UnmanagedUnregistration;
C:\Program Files\Microsoft Visual Studio\18\Community\MSBuild\Microsoft\VC\v180\Microsoft.BuildSteps.Targets(136,5): message :       CoreClean;
C:\Program Files\Microsoft Visual Studio\18\Community\MSBuild\Microsoft\VC\v180\Microsoft.BuildSteps.Targets(136,5): message :       CleanReferencedProjects;
C:\Program Files\Microsoft Visual Studio\18\Community\MSBuild\Microsoft\VC\v180\Microsoft.BuildSteps.Targets(136,5): message :       CleanPublishFolder;
C:\Program Files\Microsoft Visual Studio\18\Community\MSBuild\Microsoft\VC\v180\Microsoft.BuildSteps.Targets(136,5): message :       AfterClean
C:\Program Files\Microsoft Visual Studio\18\Community\MSBuild\Microsoft\VC\v180\Microsoft.BuildSteps.Targets(136,5): message :     ;
C:\Program Files\Microsoft Visual Studio\18\Community\MSBuild\Microsoft\VC\v180\Microsoft.BuildSteps.Targets(136,5): message :     ”(先前值:“
C:\Program Files\Microsoft Visual Studio\18\Community\MSBuild\Microsoft\VC\v180\Microsoft.BuildSteps.Targets(136,5): message :       BeforeClean;
C:\Program Files\Microsoft Visual Studio\18\Community\MSBuild\Microsoft\VC\v180\Microsoft.BuildSteps.Targets(136,5): message :       UnmanagedUnregistration;
C:\Program Files\Microsoft Visual Studio\18\Community\MSBuild\Microsoft\VC\v180\Microsoft.BuildSteps.Targets(136,5): message :       CoreClean;
C:\Program Files\Microsoft Visual Studio\18\Community\MSBuild\Microsoft\VC\v180\Microsoft.BuildSteps.Targets(136,5): message :       CleanReferencedProjects;
C:\Program Files\Microsoft Visual Studio\18\Community\MSBuild\Microsoft\VC\v180\Microsoft.BuildSteps.Targets(136,5): message :       CleanPublishFolder;
C:\Program Files\Microsoft Visual Studio\18\Community\MSBuild\Microsoft\VC\v180\Microsoft.BuildSteps.Targets(136,5): message :       AfterClean
C:\Program Files\Microsoft Visual Studio\18\Community\MSBuild\Microsoft\VC\v180\Microsoft.BuildSteps.Targets(136,5): message :     ”)
C:\Program Files\Microsoft Visual Studio\18\Community\MSBuild\Microsoft\VC\v180\Microsoft.CppBuild.targets(60,5): message : 在 C:\Program Files\Microsoft Visual Studio\18\Community\MSBuild\Microsoft\VC\v180\Microsoft.CppBuild.targets (60,5) 处重新分配属性: $(BeforeBuildGenerateSourcesTargets)=“
C:\Program Files\Microsoft Visual Studio\18\Community\MSBuild\Microsoft\VC\v180\Microsoft.CppBuild.targets(60,5): message :       
C:\Program Files\Microsoft Visual Studio\18\Community\MSBuild\Microsoft\VC\v180\Microsoft.CppBuild.targets(60,5): message :       ;
C:\Program Files\Microsoft Visual Studio\18\Community\MSBuild\Microsoft\VC\v180\Microsoft.CppBuild.targets(60,5): message :       BeforeBuildGenerateSources;
C:\Program Files\Microsoft Visual Studio\18\Community\MSBuild\Microsoft\VC\v180\Microsoft.CppBuild.targets(60,5): message :     ;
C:\Program Files\Microsoft Visual Studio\18\Community\MSBuild\Microsoft\VC\v180\Microsoft.CppBuild.targets(60,5): message :     ”(先前值:“
C:\Program Files\Microsoft Visual Studio\18\Community\MSBuild\Microsoft\VC\v180\Microsoft.CppBuild.targets(60,5): message :       ;
C:\Program Files\Microsoft Visual Studio\18\Community\MSBuild\Microsoft\VC\v180\Microsoft.CppBuild.targets(60,5): message :       BeforeBuildGenerateSources;
C:\Program Files\Microsoft Visual Studio\18\Community\MSBuild\Microsoft\VC\v180\Microsoft.CppBuild.targets(60,5): message :     ”)
C:\Program Files\Microsoft Visual Studio\18\Community\MSBuild\Microsoft\VC\v180\Microsoft.CppBuild.targets(71,5): message : 在 C:\Program Files\Microsoft Visual Studio\18\Community\MSBuild\Microsoft\VC\v180\Microsoft.CppBuild.targets (71,5) 处重新分配属性: $(AfterBuildGenerateSourcesTargets)=“
C:\Program Files\Microsoft Visual Studio\18\Community\MSBuild\Microsoft\VC\v180\Microsoft.CppBuild.targets(71,5): message :       
C:\Program Files\Microsoft Visual Studio\18\Community\MSBuild\Microsoft\VC\v180\Microsoft.CppBuild.targets(71,5): message :       ;
C:\Program Files\Microsoft Visual Studio\18\Community\MSBuild\Microsoft\VC\v180\Microsoft.CppBuild.targets(71,5): message :       AfterBuildGenerateSources;
C:\Program Files\Microsoft Visual Studio\18\Community\MSBuild\Microsoft\VC\v180\Microsoft.CppBuild.targets(71,5): message :     ;
C:\Program Files\Microsoft Visual Studio\18\Community\MSBuild\Microsoft\VC\v180\Microsoft.CppBuild.targets(71,5): message :       AfterBuildGenerateSourcesEvent;
C:\Program Files\Microsoft Visual Studio\18\Community\MSBuild\Microsoft\VC\v180\Microsoft.CppBuild.targets(71,5): message :     ”(先前值:“
C:\Program Files\Microsoft Visual Studio\18\Community\MSBuild\Microsoft\VC\v180\Microsoft.CppBuild.targets(71,5): message :       ;
C:\Program Files\Microsoft Visual Studio\18\Community\MSBuild\Microsoft\VC\v180\Microsoft.CppBuild.targets(71,5): message :       AfterBuildGenerateSources;
C:\Program Files\Microsoft Visual Studio\18\Community\MSBuild\Microsoft\VC\v180\Microsoft.CppBuild.targets(71,5): message :     ”)
C:\Program Files\Microsoft Visual Studio\18\Community\MSBuild\Microsoft\VC\v180\Microsoft.CppBuild.targets(140,5): message : 在 C:\Program Files\Microsoft Visual Studio\18\Community\MSBuild\Microsoft\VC\v180\Microsoft.CppBuild.targets (140,5) 处重新分配属性: $(BuildGenerateSourcesAction)=“_BuildGenerateSourcesAction”(先前值:“Build”)
C:\Program Files\Microsoft Visual Studio\18\Community\MSBuild\Microsoft\VC\v180\Microsoft.CppBuild.targets(141,5): message : 在 C:\Program Files\Microsoft Visual Studio\18\Community\MSBuild\Microsoft\VC\v180\Microsoft.CppBuild.targets (141,5) 处重新分配属性: $(BuildCompileAction)=“_BuildCompileAction”(先前值:“Build”)
C:\Program Files\Microsoft Visual Studio\18\Community\MSBuild\Microsoft\VC\v180\Microsoft.CppBuild.targets(142,5): message : 在 C:\Program Files\Microsoft Visual Studio\18\Community\MSBuild\Microsoft\VC\v180\Microsoft.CppBuild.targets (142,5) 处重新分配属性: $(BuildLinkAction)=“_BuildLinkAction”(先前值:“Build”)
C:\Program Files\Microsoft Visual Studio\18\Community\MSBuild\Microsoft\VC\v180\Microsoft.CppBuild.targets(258,5): message : 在 C:\Program Files\Microsoft Visual Studio\18\Community\MSBuild\Microsoft\VC\v180\Microsoft.CppBuild.targets (258,5) 处重新分配属性: $(DetermineProjectTypeTargets)=“_PrepareForReferenceResolution;
C:\Program Files\Microsoft Visual Studio\18\Community\MSBuild\Microsoft\VC\v180\Microsoft.CppBuild.targets(258,5): message :       ;
C:\Program Files\Microsoft Visual Studio\18\Community\MSBuild\Microsoft\VC\v180\Microsoft.CppBuild.targets(258,5): message :       AddExternalIncludDirectoriesToPaths
C:\Program Files\Microsoft Visual Studio\18\Community\MSBuild\Microsoft\VC\v180\Microsoft.CppBuild.targets(258,5): message :     ”(先前值:“
C:\Program Files\Microsoft Visual Studio\18\Community\MSBuild\Microsoft\VC\v180\Microsoft.CppBuild.targets(258,5): message :       ;
C:\Program Files\Microsoft Visual Studio\18\Community\MSBuild\Microsoft\VC\v180\Microsoft.CppBuild.targets(258,5): message :       AddExternalIncludDirectoriesToPaths
C:\Program Files\Microsoft Visual Studio\18\Community\MSBuild\Microsoft\VC\v180\Microsoft.CppBuild.targets(258,5): message :     ”)
C:\Program Files\Microsoft Visual Studio\18\Community\MSBuild\Microsoft\VC\v180\Microsoft.CppBuild.targets(323,5): message : 在 C:\Program Files\Microsoft Visual Studio\18\Community\MSBuild\Microsoft\VC\v180\Microsoft.CppBuild.targets (323,5) 处重新分配属性: $(ResolveReferencesDependsOn)=“_PrepareForReferenceResolution;ComputeCrtSDKReference;
C:\Program Files\Microsoft Visual Studio\18\Community\MSBuild\Microsoft\VC\v180\Microsoft.CppBuild.targets(323,5): message :       
C:\Program Files\Microsoft Visual Studio\18\Community\MSBuild\Microsoft\VC\v180\Microsoft.CppBuild.targets(323,5): message :       BeforeResolveReferences;
C:\Program Files\Microsoft Visual Studio\18\Community\MSBuild\Microsoft\VC\v180\Microsoft.CppBuild.targets(323,5): message :       AssignProjectConfiguration;
C:\Program Files\Microsoft Visual Studio\18\Community\MSBuild\Microsoft\VC\v180\Microsoft.CppBuild.targets(323,5): message :       ResolveProjectReferences;
C:\Program Files\Microsoft Visual Studio\18\Community\MSBuild\Microsoft\VC\v180\Microsoft.CppBuild.targets(323,5): message :       FindInvalidProjectReferences;
C:\Program Files\Microsoft Visual Studio\18\Community\MSBuild\Microsoft\VC\v180\Microsoft.CppBuild.targets(323,5): message :       ResolveNativeReferences;
C:\Program Files\Microsoft Visual Studio\18\Community\MSBuild\Microsoft\VC\v180\Microsoft.CppBuild.targets(323,5): message :       ResolveAssemblyReferences;
C:\Program Files\Microsoft Visual Studio\18\Community\MSBuild\Microsoft\VC\v180\Microsoft.CppBuild.targets(323,5): message :       GenerateBindingRedirects;
C:\Program Files\Microsoft Visual Studio\18\Community\MSBuild\Microsoft\VC\v180\Microsoft.CppBuild.targets(323,5): message :       GenerateBindingRedirectsUpdateAppConfig;
C:\Program Files\Microsoft Visual Studio\18\Community\MSBuild\Microsoft\VC\v180\Microsoft.CppBuild.targets(323,5): message :       ResolveComReferences;
C:\Program Files\Microsoft Visual Studio\18\Community\MSBuild\Microsoft\VC\v180\Microsoft.CppBuild.targets(323,5): message :       AfterResolveReferences
C:\Program Files\Microsoft Visual Studio\18\Community\MSBuild\Microsoft\VC\v180\Microsoft.CppBuild.targets(323,5): message :     ;
C:\Program Files\Microsoft Visual Studio\18\Community\MSBuild\Microsoft\VC\v180\Microsoft.CppBuild.targets(323,5): message :       ResolveTestReferences
C:\Program Files\Microsoft Visual Studio\18\Community\MSBuild\Microsoft\VC\v180\Microsoft.CppBuild.targets(323,5): message :     ”(先前值:“
C:\Program Files\Microsoft Visual Studio\18\Community\MSBuild\Microsoft\VC\v180\Microsoft.CppBuild.targets(323,5): message :       
C:\Program Files\Microsoft Visual Studio\18\Community\MSBuild\Microsoft\VC\v180\Microsoft.CppBuild.targets(323,5): message :       BeforeResolveReferences;
C:\Program Files\Microsoft Visual Studio\18\Community\MSBuild\Microsoft\VC\v180\Microsoft.CppBuild.targets(323,5): message :       AssignProjectConfiguration;
C:\Program Files\Microsoft Visual Studio\18\Community\MSBuild\Microsoft\VC\v180\Microsoft.CppBuild.targets(323,5): message :       ResolveProjectReferences;
C:\Program Files\Microsoft Visual Studio\18\Community\MSBuild\Microsoft\VC\v180\Microsoft.CppBuild.targets(323,5): message :       FindInvalidProjectReferences;
C:\Program Files\Microsoft Visual Studio\18\Community\MSBuild\Microsoft\VC\v180\Microsoft.CppBuild.targets(323,5): message :       ResolveNativeReferences;
C:\Program Files\Microsoft Visual Studio\18\Community\MSBuild\Microsoft\VC\v180\Microsoft.CppBuild.targets(323,5): message :       ResolveAssemblyReferences;
C:\Program Files\Microsoft Visual Studio\18\Community\MSBuild\Microsoft\VC\v180\Microsoft.CppBuild.targets(323,5): message :       GenerateBindingRedirects;
C:\Program Files\Microsoft Visual Studio\18\Community\MSBuild\Microsoft\VC\v180\Microsoft.CppBuild.targets(323,5): message :       GenerateBindingRedirectsUpdateAppConfig;
C:\Program Files\Microsoft Visual Studio\18\Community\MSBuild\Microsoft\VC\v180\Microsoft.CppBuild.targets(323,5): message :       ResolveComReferences;
C:\Program Files\Microsoft Visual Studio\18\Community\MSBuild\Microsoft\VC\v180\Microsoft.CppBuild.targets(323,5): message :       AfterResolveReferences
C:\Program Files\Microsoft Visual Studio\18\Community\MSBuild\Microsoft\VC\v180\Microsoft.CppBuild.targets(323,5): message :     ;
C:\Program Files\Microsoft Visual Studio\18\Community\MSBuild\Microsoft\VC\v180\Microsoft.CppBuild.targets(323,5): message :       ResolveTestReferences
C:\Program Files\Microsoft Visual Studio\18\Community\MSBuild\Microsoft\VC\v180\Microsoft.CppBuild.targets(323,5): message :     ”)
C:\Program Files\Microsoft Visual Studio\18\Community\MSBuild\Microsoft\VC\v180\Microsoft.CppBuild.targets(324,5): message : 在 C:\Program Files\Microsoft Visual Studio\18\Community\MSBuild\Microsoft\VC\v180\Microsoft.CppBuild.targets (324,5) 处重新分配属性: $(ResolveAssemblyReferencesDependsOn)=“_PrepareForReferenceResolution;
C:\Program Files\Microsoft Visual Studio\18\Community\MSBuild\Microsoft\VC\v180\Microsoft.CppBuild.targets(324,5): message :       ResolveProjectReferences;
C:\Program Files\Microsoft Visual Studio\18\Community\MSBuild\Microsoft\VC\v180\Microsoft.CppBuild.targets(324,5): message :       FindInvalidProjectReferences;
C:\Program Files\Microsoft Visual Studio\18\Community\MSBuild\Microsoft\VC\v180\Microsoft.CppBuild.targets(324,5): message :       GetFrameworkPaths;
C:\Program Files\Microsoft Visual Studio\18\Community\MSBuild\Microsoft\VC\v180\Microsoft.CppBuild.targets(324,5): message :       GetReferenceAssemblyPaths;
C:\Program Files\Microsoft Visual Studio\18\Community\MSBuild\Microsoft\VC\v180\Microsoft.CppBuild.targets(324,5): message :       PrepareForBuild;
C:\Program Files\Microsoft Visual Studio\18\Community\MSBuild\Microsoft\VC\v180\Microsoft.CppBuild.targets(324,5): message :       ResolveSDKReferences;
C:\Program Files\Microsoft Visual Studio\18\Community\MSBuild\Microsoft\VC\v180\Microsoft.CppBuild.targets(324,5): message :       ExpandSDKReferences;
C:\Program Files\Microsoft Visual Studio\18\Community\MSBuild\Microsoft\VC\v180\Microsoft.CppBuild.targets(324,5): message :     ;ResolveNuGetPackageAssets”(先前值:“
C:\Program Files\Microsoft Visual Studio\18\Community\MSBuild\Microsoft\VC\v180\Microsoft.CppBuild.targets(324,5): message :       ResolveProjectReferences;
C:\Program Files\Microsoft Visual Studio\18\Community\MSBuild\Microsoft\VC\v180\Microsoft.CppBuild.targets(324,5): message :       FindInvalidProjectReferences;
C:\Program Files\Microsoft Visual Studio\18\Community\MSBuild\Microsoft\VC\v180\Microsoft.CppBuild.targets(324,5): message :       GetFrameworkPaths;
C:\Program Files\Microsoft Visual Studio\18\Community\MSBuild\Microsoft\VC\v180\Microsoft.CppBuild.targets(324,5): message :       GetReferenceAssemblyPaths;
C:\Program Files\Microsoft Visual Studio\18\Community\MSBuild\Microsoft\VC\v180\Microsoft.CppBuild.targets(324,5): message :       PrepareForBuild;
C:\Program Files\Microsoft Visual Studio\18\Community\MSBuild\Microsoft\VC\v180\Microsoft.CppBuild.targets(324,5): message :       ResolveSDKReferences;
C:\Program Files\Microsoft Visual Studio\18\Community\MSBuild\Microsoft\VC\v180\Microsoft.CppBuild.targets(324,5): message :       ExpandSDKReferences;
C:\Program Files\Microsoft Visual Studio\18\Community\MSBuild\Microsoft\VC\v180\Microsoft.CppBuild.targets(324,5): message :     ;ResolveNuGetPackageAssets”)
C:\Program Files\Microsoft Visual Studio\18\Community\MSBuild\Microsoft\VC\v180\Microsoft.CppBuild.targets(325,5): message : 在 C:\Program Files\Microsoft Visual Studio\18\Community\MSBuild\Microsoft\VC\v180\Microsoft.CppBuild.targets (325,5) 处重新分配属性: $(ResolveSDKReferencesDependsOn)=“_PrepareForReferenceResolution;ComputeCrtSDKReference;
C:\Program Files\Microsoft Visual Studio\18\Community\MSBuild\Microsoft\VC\v180\Microsoft.CppBuild.targets(325,5): message :       GetInstalledSDKLocations
C:\Program Files\Microsoft Visual Studio\18\Community\MSBuild\Microsoft\VC\v180\Microsoft.CppBuild.targets(325,5): message :     ”(先前值:“
C:\Program Files\Microsoft Visual Studio\18\Community\MSBuild\Microsoft\VC\v180\Microsoft.CppBuild.targets(325,5): message :       GetInstalledSDKLocations
C:\Program Files\Microsoft Visual Studio\18\Community\MSBuild\Microsoft\VC\v180\Microsoft.CppBuild.targets(325,5): message :     ”)
C:\Program Files\Microsoft Visual Studio\18\Community\MSBuild\Microsoft\VC\v180\Microsoft.CppBuild.targets(659,5): message : 在 C:\Program Files\Microsoft Visual Studio\18\Community\MSBuild\Microsoft\VC\v180\Microsoft.CppBuild.targets (659,5) 处重新分配属性: $(ComputeCompileInputsTargets)=“
C:\Program Files\Microsoft Visual Studio\18\Community\MSBuild\Microsoft\VC\v180\Microsoft.CppBuild.targets(659,5): message :       
C:\Program Files\Microsoft Visual Studio\18\Community\MSBuild\Microsoft\VC\v180\Microsoft.CppBuild.targets(659,5): message :       ;
C:\Program Files\Microsoft Visual Studio\18\Community\MSBuild\Microsoft\VC\v180\Microsoft.CppBuild.targets(659,5): message :       GenerateTargetFrameworkMonikerAttribute;
C:\Program Files\Microsoft Visual Studio\18\Community\MSBuild\Microsoft\VC\v180\Microsoft.CppBuild.targets(659,5): message :     ;
C:\Program Files\Microsoft Visual Studio\18\Community\MSBuild\Microsoft\VC\v180\Microsoft.CppBuild.targets(659,5): message :       ComputeMIDLGeneratedCompileInputs;
C:\Program Files\Microsoft Visual Studio\18\Community\MSBuild\Microsoft\VC\v180\Microsoft.CppBuild.targets(659,5): message :     ”(先前值:“
C:\Program Files\Microsoft Visual Studio\18\Community\MSBuild\Microsoft\VC\v180\Microsoft.CppBuild.targets(659,5): message :       ;
C:\Program Files\Microsoft Visual Studio\18\Community\MSBuild\Microsoft\VC\v180\Microsoft.CppBuild.targets(659,5): message :       GenerateTargetFrameworkMonikerAttribute;
C:\Program Files\Microsoft Visual Studio\18\Community\MSBuild\Microsoft\VC\v180\Microsoft.CppBuild.targets(659,5): message :     ”)
C:\Program Files\Microsoft Visual Studio\18\Community\MSBuild\Microsoft\VC\v180\Microsoft.CppBuild.targets(975,5): message : 在 C:\Program Files\Microsoft Visual Studio\18\Community\MSBuild\Microsoft\VC\v180\Microsoft.CppBuild.targets (975,5) 处重新分配属性: $(ComputeLinkInputsTargets)=“
C:\Program Files\Microsoft Visual Studio\18\Community\MSBuild\Microsoft\VC\v180\Microsoft.CppBuild.targets(975,5): message :       
C:\Program Files\Microsoft Visual Studio\18\Community\MSBuild\Microsoft\VC\v180\Microsoft.CppBuild.targets(975,5): message :       ;
C:\Program Files\Microsoft Visual Studio\18\Community\MSBuild\Microsoft\VC\v180\Microsoft.CppBuild.targets(975,5): message :       ComputeRCGeneratedLinkInputs;
C:\Program Files\Microsoft Visual Studio\18\Community\MSBuild\Microsoft\VC\v180\Microsoft.CppBuild.targets(975,5): message :     ;
C:\Program Files\Microsoft Visual Studio\18\Community\MSBuild\Microsoft\VC\v180\Microsoft.CppBuild.targets(975,5): message :       ComputeManifestGeneratedLinkerInputs;
C:\Program Files\Microsoft Visual Studio\18\Community\MSBuild\Microsoft\VC\v180\Microsoft.CppBuild.targets(975,5): message :     ”(先前值:“
C:\Program Files\Microsoft Visual Studio\18\Community\MSBuild\Microsoft\VC\v180\Microsoft.CppBuild.targets(975,5): message :       ;
C:\Program Files\Microsoft Visual Studio\18\Community\MSBuild\Microsoft\VC\v180\Microsoft.CppBuild.targets(975,5): message :       ComputeRCGeneratedLinkInputs;
C:\Program Files\Microsoft Visual Studio\18\Community\MSBuild\Microsoft\VC\v180\Microsoft.CppBuild.targets(975,5): message :     ”)
C:\Program Files\Microsoft Visual Studio\18\Community\MSBuild\Microsoft\VC\v180\Microsoft.CppBuild.targets(1172,5): message : 在 C:\Program Files\Microsoft Visual Studio\18\Community\MSBuild\Microsoft\VC\v180\Microsoft.CppBuild.targets (1172,5) 处重新分配属性: $(ComputeCompileInputsTargets)=“
C:\Program Files\Microsoft Visual Studio\18\Community\MSBuild\Microsoft\VC\v180\Microsoft.CppBuild.targets(1172,5): message :       
C:\Program Files\Microsoft Visual Studio\18\Community\MSBuild\Microsoft\VC\v180\Microsoft.CppBuild.targets(1172,5): message :       
C:\Program Files\Microsoft Visual Studio\18\Community\MSBuild\Microsoft\VC\v180\Microsoft.CppBuild.targets(1172,5): message :       ;
C:\Program Files\Microsoft Visual Studio\18\Community\MSBuild\Microsoft\VC\v180\Microsoft.CppBuild.targets(1172,5): message :       GenerateTargetFrameworkMonikerAttribute;
C:\Program Files\Microsoft Visual Studio\18\Community\MSBuild\Microsoft\VC\v180\Microsoft.CppBuild.targets(1172,5): message :     ;
C:\Program Files\Microsoft Visual Studio\18\Community\MSBuild\Microsoft\VC\v180\Microsoft.CppBuild.targets(1172,5): message :       ComputeMIDLGeneratedCompileInputs;
C:\Program Files\Microsoft Visual Studio\18\Community\MSBuild\Microsoft\VC\v180\Microsoft.CppBuild.targets(1172,5): message :     ;
C:\Program Files\Microsoft Visual Studio\18\Community\MSBuild\Microsoft\VC\v180\Microsoft.CppBuild.targets(1172,5): message :       ComputeCLInputPDBName;
C:\Program Files\Microsoft Visual Studio\18\Community\MSBuild\Microsoft\VC\v180\Microsoft.CppBuild.targets(1172,5): message :       ComputeReferenceCLInput;
C:\Program Files\Microsoft Visual Studio\18\Community\MSBuild\Microsoft\VC\v180\Microsoft.CppBuild.targets(1172,5): message :       WarnCompileDuplicatedFilename
C:\Program Files\Microsoft Visual Studio\18\Community\MSBuild\Microsoft\VC\v180\Microsoft.CppBuild.targets(1172,5): message :     ”(先前值:“
C:\Program Files\Microsoft Visual Studio\18\Community\MSBuild\Microsoft\VC\v180\Microsoft.CppBuild.targets(1172,5): message :       
C:\Program Files\Microsoft Visual Studio\18\Community\MSBuild\Microsoft\VC\v180\Microsoft.CppBuild.targets(1172,5): message :       ;
C:\Program Files\Microsoft Visual Studio\18\Community\MSBuild\Microsoft\VC\v180\Microsoft.CppBuild.targets(1172,5): message :       GenerateTargetFrameworkMonikerAttribute;
C:\Program Files\Microsoft Visual Studio\18\Community\MSBuild\Microsoft\VC\v180\Microsoft.CppBuild.targets(1172,5): message :     ;
C:\Program Files\Microsoft Visual Studio\18\Community\MSBuild\Microsoft\VC\v180\Microsoft.CppBuild.targets(1172,5): message :       ComputeMIDLGeneratedCompileInputs;
C:\Program Files\Microsoft Visual Studio\18\Community\MSBuild\Microsoft\VC\v180\Microsoft.CppBuild.targets(1172,5): message :     ”)
C:\Program Files\Microsoft Visual Studio\18\Community\MSBuild\Microsoft\VC\v180\Microsoft.CppBuild.targets(1224,5): message : 在 C:\Program Files\Microsoft Visual Studio\18\Community\MSBuild\Microsoft\VC\v180\Microsoft.CppBuild.targets (1224,5) 处重新分配属性: $(ComputeLinkInputsTargets)=“
C:\Program Files\Microsoft Visual Studio\18\Community\MSBuild\Microsoft\VC\v180\Microsoft.CppBuild.targets(1224,5): message :       
C:\Program Files\Microsoft Visual Studio\18\Community\MSBuild\Microsoft\VC\v180\Microsoft.CppBuild.targets(1224,5): message :       
C:\Program Files\Microsoft Visual Studio\18\Community\MSBuild\Microsoft\VC\v180\Microsoft.CppBuild.targets(1224,5): message :       ;
C:\Program Files\Microsoft Visual Studio\18\Community\MSBuild\Microsoft\VC\v180\Microsoft.CppBuild.targets(1224,5): message :       ComputeRCGeneratedLinkInputs;
C:\Program Files\Microsoft Visual Studio\18\Community\MSBuild\Microsoft\VC\v180\Microsoft.CppBuild.targets(1224,5): message :     ;
C:\Program Files\Microsoft Visual Studio\18\Community\MSBuild\Microsoft\VC\v180\Microsoft.CppBuild.targets(1224,5): message :       ComputeManifestGeneratedLinkerInputs;
C:\Program Files\Microsoft Visual Studio\18\Community\MSBuild\Microsoft\VC\v180\Microsoft.CppBuild.targets(1224,5): message :     ;
C:\Program Files\Microsoft Visual Studio\18\Community\MSBuild\Microsoft\VC\v180\Microsoft.CppBuild.targets(1224,5): message :       ComputeCustomBuildOutput;
C:\Program Files\Microsoft Visual Studio\18\Community\MSBuild\Microsoft\VC\v180\Microsoft.CppBuild.targets(1224,5): message :     ”(先前值:“
C:\Program Files\Microsoft Visual Studio\18\Community\MSBuild\Microsoft\VC\v180\Microsoft.CppBuild.targets(1224,5): message :       
C:\Program Files\Microsoft Visual Studio\18\Community\MSBuild\Microsoft\VC\v180\Microsoft.CppBuild.targets(1224,5): message :       ;
C:\Program Files\Microsoft Visual Studio\18\Community\MSBuild\Microsoft\VC\v180\Microsoft.CppBuild.targets(1224,5): message :       ComputeRCGeneratedLinkInputs;
C:\Program Files\Microsoft Visual Studio\18\Community\MSBuild\Microsoft\VC\v180\Microsoft.CppBuild.targets(1224,5): message :     ;
C:\Program Files\Microsoft Visual Studio\18\Community\MSBuild\Microsoft\VC\v180\Microsoft.CppBuild.targets(1224,5): message :       ComputeManifestGeneratedLinkerInputs;
C:\Program Files\Microsoft Visual Studio\18\Community\MSBuild\Microsoft\VC\v180\Microsoft.CppBuild.targets(1224,5): message :     ”)
C:\Program Files\Microsoft Visual Studio\18\Community\MSBuild\Microsoft\VC\v180\Microsoft.CppBuild.targets(1231,5): message : 在 C:\Program Files\Microsoft Visual Studio\18\Community\MSBuild\Microsoft\VC\v180\Microsoft.CppBuild.targets (1231,5) 处重新分配属性: $(ComputeLibInputsTargets)=“
C:\Program Files\Microsoft Visual Studio\18\Community\MSBuild\Microsoft\VC\v180\Microsoft.CppBuild.targets(1231,5): message :       
C:\Program Files\Microsoft Visual Studio\18\Community\MSBuild\Microsoft\VC\v180\Microsoft.CppBuild.targets(1231,5): message :       ;
C:\Program Files\Microsoft Visual Studio\18\Community\MSBuild\Microsoft\VC\v180\Microsoft.CppBuild.targets(1231,5): message :       ComputeRCGeneratedLibInputs;
C:\Program Files\Microsoft Visual Studio\18\Community\MSBuild\Microsoft\VC\v180\Microsoft.CppBuild.targets(1231,5): message :     ;
C:\Program Files\Microsoft Visual Studio\18\Community\MSBuild\Microsoft\VC\v180\Microsoft.CppBuild.targets(1231,5): message :       ComputeCustomBuildOutput;
C:\Program Files\Microsoft Visual Studio\18\Community\MSBuild\Microsoft\VC\v180\Microsoft.CppBuild.targets(1231,5): message :     ”(先前值:“
C:\Program Files\Microsoft Visual Studio\18\Community\MSBuild\Microsoft\VC\v180\Microsoft.CppBuild.targets(1231,5): message :       ;
C:\Program Files\Microsoft Visual Studio\18\Community\MSBuild\Microsoft\VC\v180\Microsoft.CppBuild.targets(1231,5): message :       ComputeRCGeneratedLibInputs;
C:\Program Files\Microsoft Visual Studio\18\Community\MSBuild\Microsoft\VC\v180\Microsoft.CppBuild.targets(1231,5): message :     ”)
C:\Program Files\Microsoft Visual Studio\18\Community\MSBuild\Microsoft\VC\v180\Microsoft.CppBuild.targets(1238,5): message : 在 C:\Program Files\Microsoft Visual Studio\18\Community\MSBuild\Microsoft\VC\v180\Microsoft.CppBuild.targets (1238,5) 处重新分配属性: $(ComputeImpLibInputsTargets)=“
C:\Program Files\Microsoft Visual Studio\18\Community\MSBuild\Microsoft\VC\v180\Microsoft.CppBuild.targets(1238,5): message :       
C:\Program Files\Microsoft Visual Studio\18\Community\MSBuild\Microsoft\VC\v180\Microsoft.CppBuild.targets(1238,5): message :       
C:\Program Files\Microsoft Visual Studio\18\Community\MSBuild\Microsoft\VC\v180\Microsoft.CppBuild.targets(1238,5): message :       ;
C:\Program Files\Microsoft Visual Studio\18\Community\MSBuild\Microsoft\VC\v180\Microsoft.CppBuild.targets(1238,5): message :       ComputeRCGeneratedLibInputs;
C:\Program Files\Microsoft Visual Studio\18\Community\MSBuild\Microsoft\VC\v180\Microsoft.CppBuild.targets(1238,5): message :     ;
C:\Program Files\Microsoft Visual Studio\18\Community\MSBuild\Microsoft\VC\v180\Microsoft.CppBuild.targets(1238,5): message :       ComputeRCGeneratedImpLibInputs;
C:\Program Files\Microsoft Visual Studio\18\Community\MSBuild\Microsoft\VC\v180\Microsoft.CppBuild.targets(1238,5): message :     ;
C:\Program Files\Microsoft Visual Studio\18\Community\MSBuild\Microsoft\VC\v180\Microsoft.CppBuild.targets(1238,5): message :       ComputeCustomBuildOutput;
C:\Program Files\Microsoft Visual Studio\18\Community\MSBuild\Microsoft\VC\v180\Microsoft.CppBuild.targets(1238,5): message :     ”(先前值:“
C:\Program Files\Microsoft Visual Studio\18\Community\MSBuild\Microsoft\VC\v180\Microsoft.CppBuild.targets(1238,5): message :       
C:\Program Files\Microsoft Visual Studio\18\Community\MSBuild\Microsoft\VC\v180\Microsoft.CppBuild.targets(1238,5): message :       ;
C:\Program Files\Microsoft Visual Studio\18\Community\MSBuild\Microsoft\VC\v180\Microsoft.CppBuild.targets(1238,5): message :       ComputeRCGeneratedLibInputs;
C:\Program Files\Microsoft Visual Studio\18\Community\MSBuild\Microsoft\VC\v180\Microsoft.CppBuild.targets(1238,5): message :     ;
C:\Program Files\Microsoft Visual Studio\18\Community\MSBuild\Microsoft\VC\v180\Microsoft.CppBuild.targets(1238,5): message :       ComputeRCGeneratedImpLibInputs;
C:\Program Files\Microsoft Visual Studio\18\Community\MSBuild\Microsoft\VC\v180\Microsoft.CppBuild.targets(1238,5): message :     ”)
C:\Program Files\Microsoft Visual Studio\18\Community\MSBuild\Microsoft\VC\v180\Microsoft.CppBuild.targets(1299,5): message : 在 C:\Program Files\Microsoft Visual Studio\18\Community\MSBuild\Microsoft\VC\v180\Microsoft.CppBuild.targets (1299,5) 处重新分配属性: $(ComputeLinkInputsTargets)=“
C:\Program Files\Microsoft Visual Studio\18\Community\MSBuild\Microsoft\VC\v180\Microsoft.CppBuild.targets(1299,5): message :       
C:\Program Files\Microsoft Visual Studio\18\Community\MSBuild\Microsoft\VC\v180\Microsoft.CppBuild.targets(1299,5): message :       
C:\Program Files\Microsoft Visual Studio\18\Community\MSBuild\Microsoft\VC\v180\Microsoft.CppBuild.targets(1299,5): message :       
C:\Program Files\Microsoft Visual Studio\18\Community\MSBuild\Microsoft\VC\v180\Microsoft.CppBuild.targets(1299,5): message :       ;
C:\Program Files\Microsoft Visual Studio\18\Community\MSBuild\Microsoft\VC\v180\Microsoft.CppBuild.targets(1299,5): message :       ComputeRCGeneratedLinkInputs;
C:\Program Files\Microsoft Visual Studio\18\Community\MSBuild\Microsoft\VC\v180\Microsoft.CppBuild.targets(1299,5): message :     ;
C:\Program Files\Microsoft Visual Studio\18\Community\MSBuild\Microsoft\VC\v180\Microsoft.CppBuild.targets(1299,5): message :       ComputeManifestGeneratedLinkerInputs;
C:\Program Files\Microsoft Visual Studio\18\Community\MSBuild\Microsoft\VC\v180\Microsoft.CppBuild.targets(1299,5): message :     ;
C:\Program Files\Microsoft Visual Studio\18\Community\MSBuild\Microsoft\VC\v180\Microsoft.CppBuild.targets(1299,5): message :       ComputeCustomBuildOutput;
C:\Program Files\Microsoft Visual Studio\18\Community\MSBuild\Microsoft\VC\v180\Microsoft.CppBuild.targets(1299,5): message :     ;
C:\Program Files\Microsoft Visual Studio\18\Community\MSBuild\Microsoft\VC\v180\Microsoft.CppBuild.targets(1299,5): message :       ComputeCLGeneratedLinkInputs;
C:\Program Files\Microsoft Visual Studio\18\Community\MSBuild\Microsoft\VC\v180\Microsoft.CppBuild.targets(1299,5): message :     ”(先前值:“
C:\Program Files\Microsoft Visual Studio\18\Community\MSBuild\Microsoft\VC\v180\Microsoft.CppBuild.targets(1299,5): message :       
C:\Program Files\Microsoft Visual Studio\18\Community\MSBuild\Microsoft\VC\v180\Microsoft.CppBuild.targets(1299,5): message :       
C:\Program Files\Microsoft Visual Studio\18\Community\MSBuild\Microsoft\VC\v180\Microsoft.CppBuild.targets(1299,5): message :       ;
C:\Program Files\Microsoft Visual Studio\18\Community\MSBuild\Microsoft\VC\v180\Microsoft.CppBuild.targets(1299,5): message :       ComputeRCGeneratedLinkInputs;
C:\Program Files\Microsoft Visual Studio\18\Community\MSBuild\Microsoft\VC\v180\Microsoft.CppBuild.targets(1299,5): message :     ;
C:\Program Files\Microsoft Visual Studio\18\Community\MSBuild\Microsoft\VC\v180\Microsoft.CppBuild.targets(1299,5): message :       ComputeManifestGeneratedLinkerInputs;
C:\Program Files\Microsoft Visual Studio\18\Community\MSBuild\Microsoft\VC\v180\Microsoft.CppBuild.targets(1299,5): message :     ;
C:\Program Files\Microsoft Visual Studio\18\Community\MSBuild\Microsoft\VC\v180\Microsoft.CppBuild.targets(1299,5): message :       ComputeCustomBuildOutput;
C:\Program Files\Microsoft Visual Studio\18\Community\MSBuild\Microsoft\VC\v180\Microsoft.CppBuild.targets(1299,5): message :     ”)
C:\Program Files\Microsoft Visual Studio\18\Community\MSBuild\Microsoft\VC\v180\Microsoft.CppBuild.targets(1314,5): message : 在 C:\Program Files\Microsoft Visual Studio\18\Community\MSBuild\Microsoft\VC\v180\Microsoft.CppBuild.targets (1314,5) 处重新分配属性: $(ComputeLibInputsTargets)=“
C:\Program Files\Microsoft Visual Studio\18\Community\MSBuild\Microsoft\VC\v180\Microsoft.CppBuild.targets(1314,5): message :       
C:\Program Files\Microsoft Visual Studio\18\Community\MSBuild\Microsoft\VC\v180\Microsoft.CppBuild.targets(1314,5): message :       
C:\Program Files\Microsoft Visual Studio\18\Community\MSBuild\Microsoft\VC\v180\Microsoft.CppBuild.targets(1314,5): message :       ;
C:\Program Files\Microsoft Visual Studio\18\Community\MSBuild\Microsoft\VC\v180\Microsoft.CppBuild.targets(1314,5): message :       ComputeRCGeneratedLibInputs;
C:\Program Files\Microsoft Visual Studio\18\Community\MSBuild\Microsoft\VC\v180\Microsoft.CppBuild.targets(1314,5): message :     ;
C:\Program Files\Microsoft Visual Studio\18\Community\MSBuild\Microsoft\VC\v180\Microsoft.CppBuild.targets(1314,5): message :       ComputeCustomBuildOutput;
C:\Program Files\Microsoft Visual Studio\18\Community\MSBuild\Microsoft\VC\v180\Microsoft.CppBuild.targets(1314,5): message :     ;
C:\Program Files\Microsoft Visual Studio\18\Community\MSBuild\Microsoft\VC\v180\Microsoft.CppBuild.targets(1314,5): message :       ComputeCLGeneratedLibInputs;
C:\Program Files\Microsoft Visual Studio\18\Community\MSBuild\Microsoft\VC\v180\Microsoft.CppBuild.targets(1314,5): message :     ”(先前值:“
C:\Program Files\Microsoft Visual Studio\18\Community\MSBuild\Microsoft\VC\v180\Microsoft.CppBuild.targets(1314,5): message :       
C:\Program Files\Microsoft Visual Studio\18\Community\MSBuild\Microsoft\VC\v180\Microsoft.CppBuild.targets(1314,5): message :       ;
C:\Program Files\Microsoft Visual Studio\18\Community\MSBuild\Microsoft\VC\v180\Microsoft.CppBuild.targets(1314,5): message :       ComputeRCGeneratedLibInputs;
C:\Program Files\Microsoft Visual Studio\18\Community\MSBuild\Microsoft\VC\v180\Microsoft.CppBuild.targets(1314,5): message :     ;
C:\Program Files\Microsoft Visual Studio\18\Community\MSBuild\Microsoft\VC\v180\Microsoft.CppBuild.targets(1314,5): message :       ComputeCustomBuildOutput;
C:\Program Files\Microsoft Visual Studio\18\Community\MSBuild\Microsoft\VC\v180\Microsoft.CppBuild.targets(1314,5): message :     ”)
C:\Program Files\Microsoft Visual Studio\18\Community\MSBuild\Microsoft\VC\v180\Microsoft.CppBuild.targets(1329,5): message : 在 C:\Program Files\Microsoft Visual Studio\18\Community\MSBuild\Microsoft\VC\v180\Microsoft.CppBuild.targets (1329,5) 处重新分配属性: $(ComputeImpLibInputsTargets)=“
C:\Program Files\Microsoft Visual Studio\18\Community\MSBuild\Microsoft\VC\v180\Microsoft.CppBuild.targets(1329,5): message :       
C:\Program Files\Microsoft Visual Studio\18\Community\MSBuild\Microsoft\VC\v180\Microsoft.CppBuild.targets(1329,5): message :       
C:\Program Files\Microsoft Visual Studio\18\Community\MSBuild\Microsoft\VC\v180\Microsoft.CppBuild.targets(1329,5): message :       
C:\Program Files\Microsoft Visual Studio\18\Community\MSBuild\Microsoft\VC\v180\Microsoft.CppBuild.targets(1329,5): message :       ;
C:\Program Files\Microsoft Visual Studio\18\Community\MSBuild\Microsoft\VC\v180\Microsoft.CppBuild.targets(1329,5): message :       ComputeRCGeneratedLibInputs;
C:\Program Files\Microsoft Visual Studio\18\Community\MSBuild\Microsoft\VC\v180\Microsoft.CppBuild.targets(1329,5): message :     ;
C:\Program Files\Microsoft Visual Studio\18\Community\MSBuild\Microsoft\VC\v180\Microsoft.CppBuild.targets(1329,5): message :       ComputeRCGeneratedImpLibInputs;
C:\Program Files\Microsoft Visual Studio\18\Community\MSBuild\Microsoft\VC\v180\Microsoft.CppBuild.targets(1329,5): message :     ;
C:\Program Files\Microsoft Visual Studio\18\Community\MSBuild\Microsoft\VC\v180\Microsoft.CppBuild.targets(1329,5): message :       ComputeCustomBuildOutput;
C:\Program Files\Microsoft Visual Studio\18\Community\MSBuild\Microsoft\VC\v180\Microsoft.CppBuild.targets(1329,5): message :     ;
C:\Program Files\Microsoft Visual Studio\18\Community\MSBuild\Microsoft\VC\v180\Microsoft.CppBuild.targets(1329,5): message :       ComputeCLGeneratedImpLibInputs;
C:\Program Files\Microsoft Visual Studio\18\Community\MSBuild\Microsoft\VC\v180\Microsoft.CppBuild.targets(1329,5): message :     ”(先前值:“
C:\Program Files\Microsoft Visual Studio\18\Community\MSBuild\Microsoft\VC\v180\Microsoft.CppBuild.targets(1329,5): message :       
C:\Program Files\Microsoft Visual Studio\18\Community\MSBuild\Microsoft\VC\v180\Microsoft.CppBuild.targets(1329,5): message :       
C:\Program Files\Microsoft Visual Studio\18\Community\MSBuild\Microsoft\VC\v180\Microsoft.CppBuild.targets(1329,5): message :       ;
C:\Program Files\Microsoft Visual Studio\18\Community\MSBuild\Microsoft\VC\v180\Microsoft.CppBuild.targets(1329,5): message :       ComputeRCGeneratedLibInputs;
C:\Program Files\Microsoft Visual Studio\18\Community\MSBuild\Microsoft\VC\v180\Microsoft.CppBuild.targets(1329,5): message :     ;
C:\Program Files\Microsoft Visual Studio\18\Community\MSBuild\Microsoft\VC\v180\Microsoft.CppBuild.targets(1329,5): message :       ComputeRCGeneratedImpLibInputs;
C:\Program Files\Microsoft Visual Studio\18\Community\MSBuild\Microsoft\VC\v180\Microsoft.CppBuild.targets(1329,5): message :     ;
C:\Program Files\Microsoft Visual Studio\18\Community\MSBuild\Microsoft\VC\v180\Microsoft.CppBuild.targets(1329,5): message :       ComputeCustomBuildOutput;
C:\Program Files\Microsoft Visual Studio\18\Community\MSBuild\Microsoft\VC\v180\Microsoft.CppBuild.targets(1329,5): message :     ”)
C:\Program Files\Microsoft Visual Studio\18\Community\MSBuild\Microsoft\VC\v180\Microsoft.CppBuild.targets(1360,5): message : 在 C:\Program Files\Microsoft Visual Studio\18\Community\MSBuild\Microsoft\VC\v180\Microsoft.CppBuild.targets (1360,5) 处重新分配属性: $(ComputeLinkInputsTargets)=“
C:\Program Files\Microsoft Visual Studio\18\Community\MSBuild\Microsoft\VC\v180\Microsoft.CppBuild.targets(1360,5): message :       
C:\Program Files\Microsoft Visual Studio\18\Community\MSBuild\Microsoft\VC\v180\Microsoft.CppBuild.targets(1360,5): message :       
C:\Program Files\Microsoft Visual Studio\18\Community\MSBuild\Microsoft\VC\v180\Microsoft.CppBuild.targets(1360,5): message :       
C:\Program Files\Microsoft Visual Studio\18\Community\MSBuild\Microsoft\VC\v180\Microsoft.CppBuild.targets(1360,5): message :       
C:\Program Files\Microsoft Visual Studio\18\Community\MSBuild\Microsoft\VC\v180\Microsoft.CppBuild.targets(1360,5): message :       ;
C:\Program Files\Microsoft Visual Studio\18\Community\MSBuild\Microsoft\VC\v180\Microsoft.CppBuild.targets(1360,5): message :       ComputeRCGeneratedLinkInputs;
C:\Program Files\Microsoft Visual Studio\18\Community\MSBuild\Microsoft\VC\v180\Microsoft.CppBuild.targets(1360,5): message :     ;
C:\Program Files\Microsoft Visual Studio\18\Community\MSBuild\Microsoft\VC\v180\Microsoft.CppBuild.targets(1360,5): message :       ComputeManifestGeneratedLinkerInputs;
C:\Program Files\Microsoft Visual Studio\18\Community\MSBuild\Microsoft\VC\v180\Microsoft.CppBuild.targets(1360,5): message :     ;
C:\Program Files\Microsoft Visual Studio\18\Community\MSBuild\Microsoft\VC\v180\Microsoft.CppBuild.targets(1360,5): message :       ComputeCustomBuildOutput;
C:\Program Files\Microsoft Visual Studio\18\Community\MSBuild\Microsoft\VC\v180\Microsoft.CppBuild.targets(1360,5): message :     ;
C:\Program Files\Microsoft Visual Studio\18\Community\MSBuild\Microsoft\VC\v180\Microsoft.CppBuild.targets(1360,5): message :       ComputeCLGeneratedLinkInputs;
C:\Program Files\Microsoft Visual Studio\18\Community\MSBuild\Microsoft\VC\v180\Microsoft.CppBuild.targets(1360,5): message :     ;
C:\Program Files\Microsoft Visual Studio\18\Community\MSBuild\Microsoft\VC\v180\Microsoft.CppBuild.targets(1360,5): message :       ComputeLinkInputsFromProject;
C:\Program Files\Microsoft Visual Studio\18\Community\MSBuild\Microsoft\VC\v180\Microsoft.CppBuild.targets(1360,5): message :     ”(先前值:“
C:\Program Files\Microsoft Visual Studio\18\Community\MSBuild\Microsoft\VC\v180\Microsoft.CppBuild.targets(1360,5): message :       
C:\Program Files\Microsoft Visual Studio\18\Community\MSBuild\Microsoft\VC\v180\Microsoft.CppBuild.targets(1360,5): message :       
C:\Program Files\Microsoft Visual Studio\18\Community\MSBuild\Microsoft\VC\v180\Microsoft.CppBuild.targets(1360,5): message :       
C:\Program Files\Microsoft Visual Studio\18\Community\MSBuild\Microsoft\VC\v180\Microsoft.CppBuild.targets(1360,5): message :       ;
C:\Program Files\Microsoft Visual Studio\18\Community\MSBuild\Microsoft\VC\v180\Microsoft.CppBuild.targets(1360,5): message :       ComputeRCGeneratedLinkInputs;
C:\Program Files\Microsoft Visual Studio\18\Community\MSBuild\Microsoft\VC\v180\Microsoft.CppBuild.targets(1360,5): message :     ;
C:\Program Files\Microsoft Visual Studio\18\Community\MSBuild\Microsoft\VC\v180\Microsoft.CppBuild.targets(1360,5): message :       ComputeManifestGeneratedLinkerInputs;
C:\Program Files\Microsoft Visual Studio\18\Community\MSBuild\Microsoft\VC\v180\Microsoft.CppBuild.targets(1360,5): message :     ;
C:\Program Files\Microsoft Visual Studio\18\Community\MSBuild\Microsoft\VC\v180\Microsoft.CppBuild.targets(1360,5): message :       ComputeCustomBuildOutput;
C:\Program Files\Microsoft Visual Studio\18\Community\MSBuild\Microsoft\VC\v180\Microsoft.CppBuild.targets(1360,5): message :     ;
C:\Program Files\Microsoft Visual Studio\18\Community\MSBuild\Microsoft\VC\v180\Microsoft.CppBuild.targets(1360,5): message :       ComputeCLGeneratedLinkInputs;
C:\Program Files\Microsoft Visual Studio\18\Community\MSBuild\Microsoft\VC\v180\Microsoft.CppBuild.targets(1360,5): message :     ”)
C:\Program Files\Microsoft Visual Studio\18\Community\MSBuild\Microsoft\VC\v180\Microsoft.CppBuild.targets(1378,5): message : 在 C:\Program Files\Microsoft Visual Studio\18\Community\MSBuild\Microsoft\VC\v180\Microsoft.CppBuild.targets (1378,5) 处重新分配属性: $(ComputeLibInputsTargets)=“
C:\Program Files\Microsoft Visual Studio\18\Community\MSBuild\Microsoft\VC\v180\Microsoft.CppBuild.targets(1378,5): message :       
C:\Program Files\Microsoft Visual Studio\18\Community\MSBuild\Microsoft\VC\v180\Microsoft.CppBuild.targets(1378,5): message :       
C:\Program Files\Microsoft Visual Studio\18\Community\MSBuild\Microsoft\VC\v180\Microsoft.CppBuild.targets(1378,5): message :       
C:\Program Files\Microsoft Visual Studio\18\Community\MSBuild\Microsoft\VC\v180\Microsoft.CppBuild.targets(1378,5): message :       ;
C:\Program Files\Microsoft Visual Studio\18\Community\MSBuild\Microsoft\VC\v180\Microsoft.CppBuild.targets(1378,5): message :       ComputeRCGeneratedLibInputs;
C:\Program Files\Microsoft Visual Studio\18\Community\MSBuild\Microsoft\VC\v180\Microsoft.CppBuild.targets(1378,5): message :     ;
C:\Program Files\Microsoft Visual Studio\18\Community\MSBuild\Microsoft\VC\v180\Microsoft.CppBuild.targets(1378,5): message :       ComputeCustomBuildOutput;
C:\Program Files\Microsoft Visual Studio\18\Community\MSBuild\Microsoft\VC\v180\Microsoft.CppBuild.targets(1378,5): message :     ;
C:\Program Files\Microsoft Visual Studio\18\Community\MSBuild\Microsoft\VC\v180\Microsoft.CppBuild.targets(1378,5): message :       ComputeCLGeneratedLibInputs;
C:\Program Files\Microsoft Visual Studio\18\Community\MSBuild\Microsoft\VC\v180\Microsoft.CppBuild.targets(1378,5): message :     ;
C:\Program Files\Microsoft Visual Studio\18\Community\MSBuild\Microsoft\VC\v180\Microsoft.CppBuild.targets(1378,5): message :       ComputeLibInputsFromProject;
C:\Program Files\Microsoft Visual Studio\18\Community\MSBuild\Microsoft\VC\v180\Microsoft.CppBuild.targets(1378,5): message :     ”(先前值:“
C:\Program Files\Microsoft Visual Studio\18\Community\MSBuild\Microsoft\VC\v180\Microsoft.CppBuild.targets(1378,5): message :       
C:\Program Files\Microsoft Visual Studio\18\Community\MSBuild\Microsoft\VC\v180\Microsoft.CppBuild.targets(1378,5): message :       
C:\Program Files\Microsoft Visual Studio\18\Community\MSBuild\Microsoft\VC\v180\Microsoft.CppBuild.targets(1378,5): message :       ;
C:\Program Files\Microsoft Visual Studio\18\Community\MSBuild\Microsoft\VC\v180\Microsoft.CppBuild.targets(1378,5): message :       ComputeRCGeneratedLibInputs;
C:\Program Files\Microsoft Visual Studio\18\Community\MSBuild\Microsoft\VC\v180\Microsoft.CppBuild.targets(1378,5): message :     ;
C:\Program Files\Microsoft Visual Studio\18\Community\MSBuild\Microsoft\VC\v180\Microsoft.CppBuild.targets(1378,5): message :       ComputeCustomBuildOutput;
C:\Program Files\Microsoft Visual Studio\18\Community\MSBuild\Microsoft\VC\v180\Microsoft.CppBuild.targets(1378,5): message :     ;
C:\Program Files\Microsoft Visual Studio\18\Community\MSBuild\Microsoft\VC\v180\Microsoft.CppBuild.targets(1378,5): message :       ComputeCLGeneratedLibInputs;
C:\Program Files\Microsoft Visual Studio\18\Community\MSBuild\Microsoft\VC\v180\Microsoft.CppBuild.targets(1378,5): message :     ”)
C:\Program Files\Microsoft Visual Studio\18\Community\MSBuild\Microsoft\VC\v180\Microsoft.CppBuild.targets(1396,5): message : 在 C:\Program Files\Microsoft Visual Studio\18\Community\MSBuild\Microsoft\VC\v180\Microsoft.CppBuild.targets (1396,5) 处重新分配属性: $(ComputeImpLibInputsTargets)=“
C:\Program Files\Microsoft Visual Studio\18\Community\MSBuild\Microsoft\VC\v180\Microsoft.CppBuild.targets(1396,5): message :       
C:\Program Files\Microsoft Visual Studio\18\Community\MSBuild\Microsoft\VC\v180\Microsoft.CppBuild.targets(1396,5): message :       
C:\Program Files\Microsoft Visual Studio\18\Community\MSBuild\Microsoft\VC\v180\Microsoft.CppBuild.targets(1396,5): message :       
C:\Program Files\Microsoft Visual Studio\18\Community\MSBuild\Microsoft\VC\v180\Microsoft.CppBuild.targets(1396,5): message :       
C:\Program Files\Microsoft Visual Studio\18\Community\MSBuild\Microsoft\VC\v180\Microsoft.CppBuild.targets(1396,5): message :       ;
C:\Program Files\Microsoft Visual Studio\18\Community\MSBuild\Microsoft\VC\v180\Microsoft.CppBuild.targets(1396,5): message :       ComputeRCGeneratedLibInputs;
C:\Program Files\Microsoft Visual Studio\18\Community\MSBuild\Microsoft\VC\v180\Microsoft.CppBuild.targets(1396,5): message :     ;
C:\Program Files\Microsoft Visual Studio\18\Community\MSBuild\Microsoft\VC\v180\Microsoft.CppBuild.targets(1396,5): message :       ComputeRCGeneratedImpLibInputs;
C:\Program Files\Microsoft Visual Studio\18\Community\MSBuild\Microsoft\VC\v180\Microsoft.CppBuild.targets(1396,5): message :     ;
C:\Program Files\Microsoft Visual Studio\18\Community\MSBuild\Microsoft\VC\v180\Microsoft.CppBuild.targets(1396,5): message :       ComputeCustomBuildOutput;
C:\Program Files\Microsoft Visual Studio\18\Community\MSBuild\Microsoft\VC\v180\Microsoft.CppBuild.targets(1396,5): message :     ;
C:\Program Files\Microsoft Visual Studio\18\Community\MSBuild\Microsoft\VC\v180\Microsoft.CppBuild.targets(1396,5): message :       ComputeCLGeneratedImpLibInputs;
C:\Program Files\Microsoft Visual Studio\18\Community\MSBuild\Microsoft\VC\v180\Microsoft.CppBuild.targets(1396,5): message :     ;
C:\Program Files\Microsoft Visual Studio\18\Community\MSBuild\Microsoft\VC\v180\Microsoft.CppBuild.targets(1396,5): message :       ComputeImpLibInputsFromProject;
C:\Program Files\Microsoft Visual Studio\18\Community\MSBuild\Microsoft\VC\v180\Microsoft.CppBuild.targets(1396,5): message :     ”(先前值:“
C:\Program Files\Microsoft Visual Studio\18\Community\MSBuild\Microsoft\VC\v180\Microsoft.CppBuild.targets(1396,5): message :       
C:\Program Files\Microsoft Visual Studio\18\Community\MSBuild\Microsoft\VC\v180\Microsoft.CppBuild.targets(1396,5): message :       
C:\Program Files\Microsoft Visual Studio\18\Community\MSBuild\Microsoft\VC\v180\Microsoft.CppBuild.targets(1396,5): message :       
C:\Program Files\Microsoft Visual Studio\18\Community\MSBuild\Microsoft\VC\v180\Microsoft.CppBuild.targets(1396,5): message :       ;
C:\Program Files\Microsoft Visual Studio\18\Community\MSBuild\Microsoft\VC\v180\Microsoft.CppBuild.targets(1396,5): message :       ComputeRCGeneratedLibInputs;
C:\Program Files\Microsoft Visual Studio\18\Community\MSBuild\Microsoft\VC\v180\Microsoft.CppBuild.targets(1396,5): message :     ;
C:\Program Files\Microsoft Visual Studio\18\Community\MSBuild\Microsoft\VC\v180\Microsoft.CppBuild.targets(1396,5): message :       ComputeRCGeneratedImpLibInputs;
C:\Program Files\Microsoft Visual Studio\18\Community\MSBuild\Microsoft\VC\v180\Microsoft.CppBuild.targets(1396,5): message :     ;
C:\Program Files\Microsoft Visual Studio\18\Community\MSBuild\Microsoft\VC\v180\Microsoft.CppBuild.targets(1396,5): message :       ComputeCustomBuildOutput;
C:\Program Files\Microsoft Visual Studio\18\Community\MSBuild\Microsoft\VC\v180\Microsoft.CppBuild.targets(1396,5): message :     ;
C:\Program Files\Microsoft Visual Studio\18\Community\MSBuild\Microsoft\VC\v180\Microsoft.CppBuild.targets(1396,5): message :       ComputeCLGeneratedImpLibInputs;
C:\Program Files\Microsoft Visual Studio\18\Community\MSBuild\Microsoft\VC\v180\Microsoft.CppBuild.targets(1396,5): message :     ”)
C:\Program Files\Microsoft Visual Studio\18\Community\MSBuild\Microsoft\VC\v180\Microsoft.CppBuild.targets(1520,5): message : 在 C:\Program Files\Microsoft Visual Studio\18\Community\MSBuild\Microsoft\VC\v180\Microsoft.CppBuild.targets (1520,5) 处重新分配属性: $(ComputeLinkInputsTargets)=“
C:\Program Files\Microsoft Visual Studio\18\Community\MSBuild\Microsoft\VC\v180\Microsoft.CppBuild.targets(1520,5): message :       
C:\Program Files\Microsoft Visual Studio\18\Community\MSBuild\Microsoft\VC\v180\Microsoft.CppBuild.targets(1520,5): message :       
C:\Program Files\Microsoft Visual Studio\18\Community\MSBuild\Microsoft\VC\v180\Microsoft.CppBuild.targets(1520,5): message :       
C:\Program Files\Microsoft Visual Studio\18\Community\MSBuild\Microsoft\VC\v180\Microsoft.CppBuild.targets(1520,5): message :       
C:\Program Files\Microsoft Visual Studio\18\Community\MSBuild\Microsoft\VC\v180\Microsoft.CppBuild.targets(1520,5): message :       
C:\Program Files\Microsoft Visual Studio\18\Community\MSBuild\Microsoft\VC\v180\Microsoft.CppBuild.targets(1520,5): message :       ;
C:\Program Files\Microsoft Visual Studio\18\Community\MSBuild\Microsoft\VC\v180\Microsoft.CppBuild.targets(1520,5): message :       ComputeRCGeneratedLinkInputs;
C:\Program Files\Microsoft Visual Studio\18\Community\MSBuild\Microsoft\VC\v180\Microsoft.CppBuild.targets(1520,5): message :     ;
C:\Program Files\Microsoft Visual Studio\18\Community\MSBuild\Microsoft\VC\v180\Microsoft.CppBuild.targets(1520,5): message :       ComputeManifestGeneratedLinkerInputs;
C:\Program Files\Microsoft Visual Studio\18\Community\MSBuild\Microsoft\VC\v180\Microsoft.CppBuild.targets(1520,5): message :     ;
C:\Program Files\Microsoft Visual Studio\18\Community\MSBuild\Microsoft\VC\v180\Microsoft.CppBuild.targets(1520,5): message :       ComputeCustomBuildOutput;
C:\Program Files\Microsoft Visual Studio\18\Community\MSBuild\Microsoft\VC\v180\Microsoft.CppBuild.targets(1520,5): message :     ;
C:\Program Files\Microsoft Visual Studio\18\Community\MSBuild\Microsoft\VC\v180\Microsoft.CppBuild.targets(1520,5): message :       ComputeCLGeneratedLinkInputs;
C:\Program Files\Microsoft Visual Studio\18\Community\MSBuild\Microsoft\VC\v180\Microsoft.CppBuild.targets(1520,5): message :     ;
C:\Program Files\Microsoft Visual Studio\18\Community\MSBuild\Microsoft\VC\v180\Microsoft.CppBuild.targets(1520,5): message :       ComputeLinkInputsFromProject;
C:\Program Files\Microsoft Visual Studio\18\Community\MSBuild\Microsoft\VC\v180\Microsoft.CppBuild.targets(1520,5): message :     ;
C:\Program Files\Microsoft Visual Studio\18\Community\MSBuild\Microsoft\VC\v180\Microsoft.CppBuild.targets(1520,5): message :       ComputeReferenceLinkInputs;
C:\Program Files\Microsoft Visual Studio\18\Community\MSBuild\Microsoft\VC\v180\Microsoft.CppBuild.targets(1520,5): message :     ”(先前值:“
C:\Program Files\Microsoft Visual Studio\18\Community\MSBuild\Microsoft\VC\v180\Microsoft.CppBuild.targets(1520,5): message :       
C:\Program Files\Microsoft Visual Studio\18\Community\MSBuild\Microsoft\VC\v180\Microsoft.CppBuild.targets(1520,5): message :       
C:\Program Files\Microsoft Visual Studio\18\Community\MSBuild\Microsoft\VC\v180\Microsoft.CppBuild.targets(1520,5): message :       
C:\Program Files\Microsoft Visual Studio\18\Community\MSBuild\Microsoft\VC\v180\Microsoft.CppBuild.targets(1520,5): message :       
C:\Program Files\Microsoft Visual Studio\18\Community\MSBuild\Microsoft\VC\v180\Microsoft.CppBuild.targets(1520,5): message :       ;
C:\Program Files\Microsoft Visual Studio\18\Community\MSBuild\Microsoft\VC\v180\Microsoft.CppBuild.targets(1520,5): message :       ComputeRCGeneratedLinkInputs;
C:\Program Files\Microsoft Visual Studio\18\Community\MSBuild\Microsoft\VC\v180\Microsoft.CppBuild.targets(1520,5): message :     ;
C:\Program Files\Microsoft Visual Studio\18\Community\MSBuild\Microsoft\VC\v180\Microsoft.CppBuild.targets(1520,5): message :       ComputeManifestGeneratedLinkerInputs;
C:\Program Files\Microsoft Visual Studio\18\Community\MSBuild\Microsoft\VC\v180\Microsoft.CppBuild.targets(1520,5): message :     ;
C:\Program Files\Microsoft Visual Studio\18\Community\MSBuild\Microsoft\VC\v180\Microsoft.CppBuild.targets(1520,5): message :       ComputeCustomBuildOutput;
C:\Program Files\Microsoft Visual Studio\18\Community\MSBuild\Microsoft\VC\v180\Microsoft.CppBuild.targets(1520,5): message :     ;
C:\Program Files\Microsoft Visual Studio\18\Community\MSBuild\Microsoft\VC\v180\Microsoft.CppBuild.targets(1520,5): message :       ComputeCLGeneratedLinkInputs;
C:\Program Files\Microsoft Visual Studio\18\Community\MSBuild\Microsoft\VC\v180\Microsoft.CppBuild.targets(1520,5): message :     ;
C:\Program Files\Microsoft Visual Studio\18\Community\MSBuild\Microsoft\VC\v180\Microsoft.CppBuild.targets(1520,5): message :       ComputeLinkInputsFromProject;
C:\Program Files\Microsoft Visual Studio\18\Community\MSBuild\Microsoft\VC\v180\Microsoft.CppBuild.targets(1520,5): message :     ”)
C:\Program Files\Microsoft Visual Studio\18\Community\MSBuild\Microsoft\VC\v180\Microsoft.CppBuild.targets(1558,5): message : 在 C:\Program Files\Microsoft Visual Studio\18\Community\MSBuild\Microsoft\VC\v180\Microsoft.CppBuild.targets (1558,5) 处重新分配属性: $(ComputeLibInputsTargets)=“
C:\Program Files\Microsoft Visual Studio\18\Community\MSBuild\Microsoft\VC\v180\Microsoft.CppBuild.targets(1558,5): message :       
C:\Program Files\Microsoft Visual Studio\18\Community\MSBuild\Microsoft\VC\v180\Microsoft.CppBuild.targets(1558,5): message :       
C:\Program Files\Microsoft Visual Studio\18\Community\MSBuild\Microsoft\VC\v180\Microsoft.CppBuild.targets(1558,5): message :       
C:\Program Files\Microsoft Visual Studio\18\Community\MSBuild\Microsoft\VC\v180\Microsoft.CppBuild.targets(1558,5): message :       
C:\Program Files\Microsoft Visual Studio\18\Community\MSBuild\Microsoft\VC\v180\Microsoft.CppBuild.targets(1558,5): message :       ;
C:\Program Files\Microsoft Visual Studio\18\Community\MSBuild\Microsoft\VC\v180\Microsoft.CppBuild.targets(1558,5): message :       ComputeRCGeneratedLibInputs;
C:\Program Files\Microsoft Visual Studio\18\Community\MSBuild\Microsoft\VC\v180\Microsoft.CppBuild.targets(1558,5): message :     ;
C:\Program Files\Microsoft Visual Studio\18\Community\MSBuild\Microsoft\VC\v180\Microsoft.CppBuild.targets(1558,5): message :       ComputeCustomBuildOutput;
C:\Program Files\Microsoft Visual Studio\18\Community\MSBuild\Microsoft\VC\v180\Microsoft.CppBuild.targets(1558,5): message :     ;
C:\Program Files\Microsoft Visual Studio\18\Community\MSBuild\Microsoft\VC\v180\Microsoft.CppBuild.targets(1558,5): message :       ComputeCLGeneratedLibInputs;
C:\Program Files\Microsoft Visual Studio\18\Community\MSBuild\Microsoft\VC\v180\Microsoft.CppBuild.targets(1558,5): message :     ;
C:\Program Files\Microsoft Visual Studio\18\Community\MSBuild\Microsoft\VC\v180\Microsoft.CppBuild.targets(1558,5): message :       ComputeLibInputsFromProject;
C:\Program Files\Microsoft Visual Studio\18\Community\MSBuild\Microsoft\VC\v180\Microsoft.CppBuild.targets(1558,5): message :     ;
C:\Program Files\Microsoft Visual Studio\18\Community\MSBuild\Microsoft\VC\v180\Microsoft.CppBuild.targets(1558,5): message :       ComputeReferenceLibInputs;
C:\Program Files\Microsoft Visual Studio\18\Community\MSBuild\Microsoft\VC\v180\Microsoft.CppBuild.targets(1558,5): message :     ”(先前值:“
C:\Program Files\Microsoft Visual Studio\18\Community\MSBuild\Microsoft\VC\v180\Microsoft.CppBuild.targets(1558,5): message :       
C:\Program Files\Microsoft Visual Studio\18\Community\MSBuild\Microsoft\VC\v180\Microsoft.CppBuild.targets(1558,5): message :       
C:\Program Files\Microsoft Visual Studio\18\Community\MSBuild\Microsoft\VC\v180\Microsoft.CppBuild.targets(1558,5): message :       
C:\Program Files\Microsoft Visual Studio\18\Community\MSBuild\Microsoft\VC\v180\Microsoft.CppBuild.targets(1558,5): message :       ;
C:\Program Files\Microsoft Visual Studio\18\Community\MSBuild\Microsoft\VC\v180\Microsoft.CppBuild.targets(1558,5): message :       ComputeRCGeneratedLibInputs;
C:\Program Files\Microsoft Visual Studio\18\Community\MSBuild\Microsoft\VC\v180\Microsoft.CppBuild.targets(1558,5): message :     ;
C:\Program Files\Microsoft Visual Studio\18\Community\MSBuild\Microsoft\VC\v180\Microsoft.CppBuild.targets(1558,5): message :       ComputeCustomBuildOutput;
C:\Program Files\Microsoft Visual Studio\18\Community\MSBuild\Microsoft\VC\v180\Microsoft.CppBuild.targets(1558,5): message :     ;
C:\Program Files\Microsoft Visual Studio\18\Community\MSBuild\Microsoft\VC\v180\Microsoft.CppBuild.targets(1558,5): message :       ComputeCLGeneratedLibInputs;
C:\Program Files\Microsoft Visual Studio\18\Community\MSBuild\Microsoft\VC\v180\Microsoft.CppBuild.targets(1558,5): message :     ;
C:\Program Files\Microsoft Visual Studio\18\Community\MSBuild\Microsoft\VC\v180\Microsoft.CppBuild.targets(1558,5): message :       ComputeLibInputsFromProject;
C:\Program Files\Microsoft Visual Studio\18\Community\MSBuild\Microsoft\VC\v180\Microsoft.CppBuild.targets(1558,5): message :     ”)
C:\Program Files\Microsoft Visual Studio\18\Community\MSBuild\Microsoft\VC\v180\Microsoft.CppBuild.targets(1615,5): message : 在 C:\Program Files\Microsoft Visual Studio\18\Community\MSBuild\Microsoft\VC\v180\Microsoft.CppBuild.targets (1615,5) 处重新分配属性: $(ComputeLibInputsTargets)=“
C:\Program Files\Microsoft Visual Studio\18\Community\MSBuild\Microsoft\VC\v180\Microsoft.CppBuild.targets(1615,5): message :       ComputeLibAdditionalOptions;
C:\Program Files\Microsoft Visual Studio\18\Community\MSBuild\Microsoft\VC\v180\Microsoft.CppBuild.targets(1615,5): message :       
C:\Program Files\Microsoft Visual Studio\18\Community\MSBuild\Microsoft\VC\v180\Microsoft.CppBuild.targets(1615,5): message :       
C:\Program Files\Microsoft Visual Studio\18\Community\MSBuild\Microsoft\VC\v180\Microsoft.CppBuild.targets(1615,5): message :       
C:\Program Files\Microsoft Visual Studio\18\Community\MSBuild\Microsoft\VC\v180\Microsoft.CppBuild.targets(1615,5): message :       
C:\Program Files\Microsoft Visual Studio\18\Community\MSBuild\Microsoft\VC\v180\Microsoft.CppBuild.targets(1615,5): message :       
C:\Program Files\Microsoft Visual Studio\18\Community\MSBuild\Microsoft\VC\v180\Microsoft.CppBuild.targets(1615,5): message :       ;
C:\Program Files\Microsoft Visual Studio\18\Community\MSBuild\Microsoft\VC\v180\Microsoft.CppBuild.targets(1615,5): message :       ComputeRCGeneratedLibInputs;
C:\Program Files\Microsoft Visual Studio\18\Community\MSBuild\Microsoft\VC\v180\Microsoft.CppBuild.targets(1615,5): message :     ;
C:\Program Files\Microsoft Visual Studio\18\Community\MSBuild\Microsoft\VC\v180\Microsoft.CppBuild.targets(1615,5): message :       ComputeCustomBuildOutput;
C:\Program Files\Microsoft Visual Studio\18\Community\MSBuild\Microsoft\VC\v180\Microsoft.CppBuild.targets(1615,5): message :     ;
C:\Program Files\Microsoft Visual Studio\18\Community\MSBuild\Microsoft\VC\v180\Microsoft.CppBuild.targets(1615,5): message :       ComputeCLGeneratedLibInputs;
C:\Program Files\Microsoft Visual Studio\18\Community\MSBuild\Microsoft\VC\v180\Microsoft.CppBuild.targets(1615,5): message :     ;
C:\Program Files\Microsoft Visual Studio\18\Community\MSBuild\Microsoft\VC\v180\Microsoft.CppBuild.targets(1615,5): message :       ComputeLibInputsFromProject;
C:\Program Files\Microsoft Visual Studio\18\Community\MSBuild\Microsoft\VC\v180\Microsoft.CppBuild.targets(1615,5): message :     ;
C:\Program Files\Microsoft Visual Studio\18\Community\MSBuild\Microsoft\VC\v180\Microsoft.CppBuild.targets(1615,5): message :       ComputeReferenceLibInputs;
C:\Program Files\Microsoft Visual Studio\18\Community\MSBuild\Microsoft\VC\v180\Microsoft.CppBuild.targets(1615,5): message :     
C:\Program Files\Microsoft Visual Studio\18\Community\MSBuild\Microsoft\VC\v180\Microsoft.CppBuild.targets(1615,5): message :     ”(先前值:“
C:\Program Files\Microsoft Visual Studio\18\Community\MSBuild\Microsoft\VC\v180\Microsoft.CppBuild.targets(1615,5): message :       
C:\Program Files\Microsoft Visual Studio\18\Community\MSBuild\Microsoft\VC\v180\Microsoft.CppBuild.targets(1615,5): message :       
C:\Program Files\Microsoft Visual Studio\18\Community\MSBuild\Microsoft\VC\v180\Microsoft.CppBuild.targets(1615,5): message :       
C:\Program Files\Microsoft Visual Studio\18\Community\MSBuild\Microsoft\VC\v180\Microsoft.CppBuild.targets(1615,5): message :       
C:\Program Files\Microsoft Visual Studio\18\Community\MSBuild\Microsoft\VC\v180\Microsoft.CppBuild.targets(1615,5): message :       ;
C:\Program Files\Microsoft Visual Studio\18\Community\MSBuild\Microsoft\VC\v180\Microsoft.CppBuild.targets(1615,5): message :       ComputeRCGeneratedLibInputs;
C:\Program Files\Microsoft Visual Studio\18\Community\MSBuild\Microsoft\VC\v180\Microsoft.CppBuild.targets(1615,5): message :     ;
C:\Program Files\Microsoft Visual Studio\18\Community\MSBuild\Microsoft\VC\v180\Microsoft.CppBuild.targets(1615,5): message :       ComputeCustomBuildOutput;
C:\Program Files\Microsoft Visual Studio\18\Community\MSBuild\Microsoft\VC\v180\Microsoft.CppBuild.targets(1615,5): message :     ;
C:\Program Files\Microsoft Visual Studio\18\Community\MSBuild\Microsoft\VC\v180\Microsoft.CppBuild.targets(1615,5): message :       ComputeCLGeneratedLibInputs;
C:\Program Files\Microsoft Visual Studio\18\Community\MSBuild\Microsoft\VC\v180\Microsoft.CppBuild.targets(1615,5): message :     ;
C:\Program Files\Microsoft Visual Studio\18\Community\MSBuild\Microsoft\VC\v180\Microsoft.CppBuild.targets(1615,5): message :       ComputeLibInputsFromProject;
C:\Program Files\Microsoft Visual Studio\18\Community\MSBuild\Microsoft\VC\v180\Microsoft.CppBuild.targets(1615,5): message :     ;
C:\Program Files\Microsoft Visual Studio\18\Community\MSBuild\Microsoft\VC\v180\Microsoft.CppBuild.targets(1615,5): message :       ComputeReferenceLibInputs;
C:\Program Files\Microsoft Visual Studio\18\Community\MSBuild\Microsoft\VC\v180\Microsoft.CppBuild.targets(1615,5): message :     ”)
C:\Program Files\Microsoft Visual Studio\18\Community\MSBuild\Microsoft\VC\v180\Microsoft.CppBuild.targets(1803,5): message : 在 C:\Program Files\Microsoft Visual Studio\18\Community\MSBuild\Microsoft\VC\v180\Microsoft.CppBuild.targets (1803,5) 处重新分配属性: $(GetProjectInfoForReferenceDependsOn)=“
C:\Program Files\Microsoft Visual Studio\18\Community\MSBuild\Microsoft\VC\v180\Microsoft.CppBuild.targets(1803,5): message :       
C:\Program Files\Microsoft Visual Studio\18\Community\MSBuild\Microsoft\VC\v180\Microsoft.CppBuild.targets(1803,5): message :       ;
C:\Program Files\Microsoft Visual Studio\18\Community\MSBuild\Microsoft\VC\v180\Microsoft.CppBuild.targets(1803,5): message :       AddPublicIncludeDirectoriesToProjectsInfoForReference;
C:\Program Files\Microsoft Visual Studio\18\Community\MSBuild\Microsoft\VC\v180\Microsoft.CppBuild.targets(1803,5): message :     ;
C:\Program Files\Microsoft Visual Studio\18\Community\MSBuild\Microsoft\VC\v180\Microsoft.CppBuild.targets(1803,5): message :       AddPublicBMIsToProjectsInfoForReference;
C:\Program Files\Microsoft Visual Studio\18\Community\MSBuild\Microsoft\VC\v180\Microsoft.CppBuild.targets(1803,5): message :       AddDeployRecipeFileToProjectsInfoForReference;
C:\Program Files\Microsoft Visual Studio\18\Community\MSBuild\Microsoft\VC\v180\Microsoft.CppBuild.targets(1803,5): message :       AddLibrariesToProjectsInfoForReference;
C:\Program Files\Microsoft Visual Studio\18\Community\MSBuild\Microsoft\VC\v180\Microsoft.CppBuild.targets(1803,5): message :     ”(先前值:“
C:\Program Files\Microsoft Visual Studio\18\Community\MSBuild\Microsoft\VC\v180\Microsoft.CppBuild.targets(1803,5): message :       ;
C:\Program Files\Microsoft Visual Studio\18\Community\MSBuild\Microsoft\VC\v180\Microsoft.CppBuild.targets(1803,5): message :       AddPublicIncludeDirectoriesToProjectsInfoForReference;
C:\Program Files\Microsoft Visual Studio\18\Community\MSBuild\Microsoft\VC\v180\Microsoft.CppBuild.targets(1803,5): message :     ”)
C:\Program Files\Microsoft Visual Studio\18\Community\MSBuild\Microsoft\VC\v180\Microsoft.CppBuild.targets(2228,5): message : 在 C:\Program Files\Microsoft Visual Studio\18\Community\MSBuild\Microsoft\VC\v180\Microsoft.CppBuild.targets (2228,5) 处重新分配属性: $(DocumentationProjectOutputGroupDependsOn)=“ResolvedXDCMake;ComputeCLCompileGeneratedXDCFiles”(先前值:“”)
C:\Program Files\Microsoft Visual Studio\18\Community\MSBuild\Microsoft\VC\v180\Microsoft.CppBuild.targets(2294,5): message : 在 C:\Program Files\Microsoft Visual Studio\18\Community\MSBuild\Microsoft\VC\v180\Microsoft.CppBuild.targets (2294,5) 处重新分配属性: $(ContentFilesProjectOutputGroupDependsOn)=“PrepareForBuild;AssignTargetPaths;PrepareForBuild;AssignTargetPaths;MakeDirsForFxc”(先前值:“PrepareForBuild;AssignTargetPaths”)
C:\Program Files\Microsoft Visual Studio\18\Community\MSBuild\Microsoft\VC\v180\Microsoft.CppCommon.targets(315,5): message : 在 C:\Program Files\Microsoft Visual Studio\18\Community\MSBuild\Microsoft\VC\v180\Microsoft.CppCommon.targets (315,5) 处重新分配属性: $(ComputeCompileInputsTargets)=“
C:\Program Files\Microsoft Visual Studio\18\Community\MSBuild\Microsoft\VC\v180\Microsoft.CppCommon.targets(315,5): message :       
C:\Program Files\Microsoft Visual Studio\18\Community\MSBuild\Microsoft\VC\v180\Microsoft.CppCommon.targets(315,5): message :       
C:\Program Files\Microsoft Visual Studio\18\Community\MSBuild\Microsoft\VC\v180\Microsoft.CppCommon.targets(315,5): message :       
C:\Program Files\Microsoft Visual Studio\18\Community\MSBuild\Microsoft\VC\v180\Microsoft.CppCommon.targets(315,5): message :       ;
C:\Program Files\Microsoft Visual Studio\18\Community\MSBuild\Microsoft\VC\v180\Microsoft.CppCommon.targets(315,5): message :       GenerateTargetFrameworkMonikerAttribute;
C:\Program Files\Microsoft Visual Studio\18\Community\MSBuild\Microsoft\VC\v180\Microsoft.CppCommon.targets(315,5): message :     ;
C:\Program Files\Microsoft Visual Studio\18\Community\MSBuild\Microsoft\VC\v180\Microsoft.CppCommon.targets(315,5): message :       ComputeMIDLGeneratedCompileInputs;
C:\Program Files\Microsoft Visual Studio\18\Community\MSBuild\Microsoft\VC\v180\Microsoft.CppCommon.targets(315,5): message :     ;
C:\Program Files\Microsoft Visual Studio\18\Community\MSBuild\Microsoft\VC\v180\Microsoft.CppCommon.targets(315,5): message :       ComputeCLInputPDBName;
C:\Program Files\Microsoft Visual Studio\18\Community\MSBuild\Microsoft\VC\v180\Microsoft.CppCommon.targets(315,5): message :       ComputeReferenceCLInput;
C:\Program Files\Microsoft Visual Studio\18\Community\MSBuild\Microsoft\VC\v180\Microsoft.CppCommon.targets(315,5): message :       WarnCompileDuplicatedFilename
C:\Program Files\Microsoft Visual Studio\18\Community\MSBuild\Microsoft\VC\v180\Microsoft.CppCommon.targets(315,5): message :     ;
C:\Program Files\Microsoft Visual Studio\18\Community\MSBuild\Microsoft\VC\v180\Microsoft.CppCommon.targets(315,5): message :       ;
C:\Program Files\Microsoft Visual Studio\18\Community\MSBuild\Microsoft\VC\v180\Microsoft.CppCommon.targets(315,5): message :       ComputeStdModulesCompileInputs;
C:\Program Files\Microsoft Visual Studio\18\Community\MSBuild\Microsoft\VC\v180\Microsoft.CppCommon.targets(315,5): message :       FixupCLCompileOptions;
C:\Program Files\Microsoft Visual Studio\18\Community\MSBuild\Microsoft\VC\v180\Microsoft.CppCommon.targets(315,5): message :       SetModuleDependencies;
C:\Program Files\Microsoft Visual Studio\18\Community\MSBuild\Microsoft\VC\v180\Microsoft.CppCommon.targets(315,5): message :     ”(先前值:“
C:\Program Files\Microsoft Visual Studio\18\Community\MSBuild\Microsoft\VC\v180\Microsoft.CppCommon.targets(315,5): message :       
C:\Program Files\Microsoft Visual Studio\18\Community\MSBuild\Microsoft\VC\v180\Microsoft.CppCommon.targets(315,5): message :       
C:\Program Files\Microsoft Visual Studio\18\Community\MSBuild\Microsoft\VC\v180\Microsoft.CppCommon.targets(315,5): message :       ;
C:\Program Files\Microsoft Visual Studio\18\Community\MSBuild\Microsoft\VC\v180\Microsoft.CppCommon.targets(315,5): message :       GenerateTargetFrameworkMonikerAttribute;
C:\Program Files\Microsoft Visual Studio\18\Community\MSBuild\Microsoft\VC\v180\Microsoft.CppCommon.targets(315,5): message :     ;
C:\Program Files\Microsoft Visual Studio\18\Community\MSBuild\Microsoft\VC\v180\Microsoft.CppCommon.targets(315,5): message :       ComputeMIDLGeneratedCompileInputs;
C:\Program Files\Microsoft Visual Studio\18\Community\MSBuild\Microsoft\VC\v180\Microsoft.CppCommon.targets(315,5): message :     ;
C:\Program Files\Microsoft Visual Studio\18\Community\MSBuild\Microsoft\VC\v180\Microsoft.CppCommon.targets(315,5): message :       ComputeCLInputPDBName;
C:\Program Files\Microsoft Visual Studio\18\Community\MSBuild\Microsoft\VC\v180\Microsoft.CppCommon.targets(315,5): message :       ComputeReferenceCLInput;
C:\Program Files\Microsoft Visual Studio\18\Community\MSBuild\Microsoft\VC\v180\Microsoft.CppCommon.targets(315,5): message :       WarnCompileDuplicatedFilename
C:\Program Files\Microsoft Visual Studio\18\Community\MSBuild\Microsoft\VC\v180\Microsoft.CppCommon.targets(315,5): message :     ”)
C:\Program Files\Microsoft Visual Studio\18\Community\MSBuild\Microsoft\VC\v180\Microsoft.CppCommon.targets(2130,5): message : 在 C:\Program Files\Microsoft Visual Studio\18\Community\MSBuild\Microsoft\VC\v180\Microsoft.CppCommon.targets (2130,5) 处重新分配属性: $(BuildingProject)=“true”(先前值:“false”)
C:\Program Files\Microsoft Visual Studio\18\Community\MSBuild\Microsoft\VC\v180\Microsoft.CppCommon.targets(2676,5): message : 在 C:\Program Files\Microsoft Visual Studio\18\Community\MSBuild\Microsoft\VC\v180\Microsoft.CppCommon.targets (2676,5) 处重新分配属性: $(ContentFilesProjectOutputGroupDependsOn)=“PrepareForBuild;AssignTargetPaths;PrepareForBuild;AssignTargetPaths;MakeDirsForFxc;_CreateCopyFileItems;”(先前值:“PrepareForBuild;AssignTargetPaths;PrepareForBuild;AssignTargetPaths;MakeDirsForFxc”)
C:\Program Files\Microsoft Visual Studio\18\Community\MSBuild\Microsoft\VC\v180\Microsoft.Cpp.WindowsSDK.targets(16,5): message : 在 C:\Program Files\Microsoft Visual Studio\18\Community\MSBuild\Microsoft\VC\v180\Microsoft.Cpp.WindowsSDK.targets (16,5) 处重新分配属性: $(PrepareForBuildDependsOn)=“_CheckWindowsSDKInstalled;;GetFrameworkPaths;GetReferenceAssemblyPaths;AssignLinkMetadata;SetCABuildNativeEnvironmentVariables”(先前值:“;GetFrameworkPaths;GetReferenceAssemblyPaths;AssignLinkMetadata;SetCABuildNativeEnvironmentVariables”)
C:\Program Files\Microsoft Visual Studio\18\Community\MSBuild\Microsoft\VC\v180\Microsoft.CppClean.targets(22,5): message : 在 C:\Program Files\Microsoft Visual Studio\18\Community\MSBuild\Microsoft\VC\v180\Microsoft.CppClean.targets (22,5) 处重新分配属性: $(CleanDependsOn)=“
C:\Program Files\Microsoft Visual Studio\18\Community\MSBuild\Microsoft\VC\v180\Microsoft.CppClean.targets(22,5): message :       
C:\Program Files\Microsoft Visual Studio\18\Community\MSBuild\Microsoft\VC\v180\Microsoft.CppClean.targets(22,5): message :       _PrepareForClean;
C:\Program Files\Microsoft Visual Studio\18\Community\MSBuild\Microsoft\VC\v180\Microsoft.CppClean.targets(22,5): message :       
C:\Program Files\Microsoft Visual Studio\18\Community\MSBuild\Microsoft\VC\v180\Microsoft.CppClean.targets(22,5): message :       BeforeClean;
C:\Program Files\Microsoft Visual Studio\18\Community\MSBuild\Microsoft\VC\v180\Microsoft.CppClean.targets(22,5): message :       UnmanagedUnregistration;
C:\Program Files\Microsoft Visual Studio\18\Community\MSBuild\Microsoft\VC\v180\Microsoft.CppClean.targets(22,5): message :       CoreClean;
C:\Program Files\Microsoft Visual Studio\18\Community\MSBuild\Microsoft\VC\v180\Microsoft.CppClean.targets(22,5): message :       CleanReferencedProjects;
C:\Program Files\Microsoft Visual Studio\18\Community\MSBuild\Microsoft\VC\v180\Microsoft.CppClean.targets(22,5): message :       CleanPublishFolder;
C:\Program Files\Microsoft Visual Studio\18\Community\MSBuild\Microsoft\VC\v180\Microsoft.CppClean.targets(22,5): message :       AfterClean
C:\Program Files\Microsoft Visual Studio\18\Community\MSBuild\Microsoft\VC\v180\Microsoft.CppClean.targets(22,5): message :     ;
C:\Program Files\Microsoft Visual Studio\18\Community\MSBuild\Microsoft\VC\v180\Microsoft.CppClean.targets(22,5): message :     ;
C:\Program Files\Microsoft Visual Studio\18\Community\MSBuild\Microsoft\VC\v180\Microsoft.CppClean.targets(22,5): message :       CppClean
C:\Program Files\Microsoft Visual Studio\18\Community\MSBuild\Microsoft\VC\v180\Microsoft.CppClean.targets(22,5): message :     ”(先前值:“
C:\Program Files\Microsoft Visual Studio\18\Community\MSBuild\Microsoft\VC\v180\Microsoft.CppClean.targets(22,5): message :       _PrepareForClean;
C:\Program Files\Microsoft Visual Studio\18\Community\MSBuild\Microsoft\VC\v180\Microsoft.CppClean.targets(22,5): message :       
C:\Program Files\Microsoft Visual Studio\18\Community\MSBuild\Microsoft\VC\v180\Microsoft.CppClean.targets(22,5): message :       BeforeClean;
C:\Program Files\Microsoft Visual Studio\18\Community\MSBuild\Microsoft\VC\v180\Microsoft.CppClean.targets(22,5): message :       UnmanagedUnregistration;
C:\Program Files\Microsoft Visual Studio\18\Community\MSBuild\Microsoft\VC\v180\Microsoft.CppClean.targets(22,5): message :       CoreClean;
C:\Program Files\Microsoft Visual Studio\18\Community\MSBuild\Microsoft\VC\v180\Microsoft.CppClean.targets(22,5): message :       CleanReferencedProjects;
C:\Program Files\Microsoft Visual Studio\18\Community\MSBuild\Microsoft\VC\v180\Microsoft.CppClean.targets(22,5): message :       CleanPublishFolder;
C:\Program Files\Microsoft Visual Studio\18\Community\MSBuild\Microsoft\VC\v180\Microsoft.CppClean.targets(22,5): message :       AfterClean
C:\Program Files\Microsoft Visual Studio\18\Community\MSBuild\Microsoft\VC\v180\Microsoft.CppClean.targets(22,5): message :     ;
C:\Program Files\Microsoft Visual Studio\18\Community\MSBuild\Microsoft\VC\v180\Microsoft.CppClean.targets(22,5): message :     ”)
C:\Program Files\Microsoft Visual Studio\18\Community\MSBuild\Microsoft\VC\v180\Microsoft.CppClean.targets(92,5): message : 在 C:\Program Files\Microsoft Visual Studio\18\Community\MSBuild\Microsoft\VC\v180\Microsoft.CppClean.targets (92,5) 处重新分配属性: $(CppCleanDependsOn)=“
C:\Program Files\Microsoft Visual Studio\18\Community\MSBuild\Microsoft\VC\v180\Microsoft.CppClean.targets(92,5): message :       BeforeCppClean;
C:\Program Files\Microsoft Visual Studio\18\Community\MSBuild\Microsoft\VC\v180\Microsoft.CppClean.targets(92,5): message :       ;
C:\Program Files\Microsoft Visual Studio\18\Community\MSBuild\Microsoft\VC\v180\Microsoft.CppClean.targets(92,5): message :       CoreCppClean;
C:\Program Files\Microsoft Visual Studio\18\Community\MSBuild\Microsoft\VC\v180\Microsoft.CppClean.targets(92,5): message :       AfterCppClean;
C:\Program Files\Microsoft Visual Studio\18\Community\MSBuild\Microsoft\VC\v180\Microsoft.CppClean.targets(92,5): message :     ;PGInstrumentedClean”(先前值:“
C:\Program Files\Microsoft Visual Studio\18\Community\MSBuild\Microsoft\VC\v180\Microsoft.CppClean.targets(92,5): message :       BeforeCppClean;
C:\Program Files\Microsoft Visual Studio\18\Community\MSBuild\Microsoft\VC\v180\Microsoft.CppClean.targets(92,5): message :       ;
C:\Program Files\Microsoft Visual Studio\18\Community\MSBuild\Microsoft\VC\v180\Microsoft.CppClean.targets(92,5): message :       CoreCppClean;
C:\Program Files\Microsoft Visual Studio\18\Community\MSBuild\Microsoft\VC\v180\Microsoft.CppClean.targets(92,5): message :       AfterCppClean;
C:\Program Files\Microsoft Visual Studio\18\Community\MSBuild\Microsoft\VC\v180\Microsoft.CppClean.targets(92,5): message :     ”)
C:\Program Files\Microsoft Visual Studio\18\Community\MSBuild\Microsoft\VC\v180\Microsoft.Cpp.DesignTime.targets(541,5): message : 在 C:\Program Files\Microsoft Visual Studio\18\Community\MSBuild\Microsoft\VC\v180\Microsoft.Cpp.DesignTime.targets (541,5) 处重新分配属性: $(BuildDependsOn)=“SetTelemetryEnvironmentVariables;
C:\Program Files\Microsoft Visual Studio\18\Community\MSBuild\Microsoft\VC\v180\Microsoft.Cpp.DesignTime.targets(541,5): message :       _PrepareForBuild;
C:\Program Files\Microsoft Visual Studio\18\Community\MSBuild\Microsoft\VC\v180\Microsoft.Cpp.DesignTime.targets(541,5): message :       
C:\Program Files\Microsoft Visual Studio\18\Community\MSBuild\Microsoft\VC\v180\Microsoft.Cpp.DesignTime.targets(541,5): message :       ResolveReferences;
C:\Program Files\Microsoft Visual Studio\18\Community\MSBuild\Microsoft\VC\v180\Microsoft.Cpp.DesignTime.targets(541,5): message :       PrepareForBuild;
C:\Program Files\Microsoft Visual Studio\18\Community\MSBuild\Microsoft\VC\v180\Microsoft.Cpp.DesignTime.targets(541,5): message :       InitializeBuildStatus;
C:\Program Files\Microsoft Visual Studio\18\Community\MSBuild\Microsoft\VC\v180\Microsoft.Cpp.DesignTime.targets(541,5): message :       BuildGenerateSources;
C:\Program Files\Microsoft Visual Studio\18\Community\MSBuild\Microsoft\VC\v180\Microsoft.Cpp.DesignTime.targets(541,5): message :       BuildCompile;
C:\Program Files\Microsoft Visual Studio\18\Community\MSBuild\Microsoft\VC\v180\Microsoft.Cpp.DesignTime.targets(541,5): message :       BuildLink;
C:\Program Files\Microsoft Visual Studio\18\Community\MSBuild\Microsoft\VC\v180\Microsoft.Cpp.DesignTime.targets(541,5): message :     ;
C:\Program Files\Microsoft Visual Studio\18\Community\MSBuild\Microsoft\VC\v180\Microsoft.Cpp.DesignTime.targets(541,5): message :       AfterBuild;
C:\Program Files\Microsoft Visual Studio\18\Community\MSBuild\Microsoft\VC\v180\Microsoft.Cpp.DesignTime.targets(541,5): message :       IncrementalClean;
C:\Program Files\Microsoft Visual Studio\18\Community\MSBuild\Microsoft\VC\v180\Microsoft.Cpp.DesignTime.targets(541,5): message :       TlogCleanup;
C:\Program Files\Microsoft Visual Studio\18\Community\MSBuild\Microsoft\VC\v180\Microsoft.Cpp.DesignTime.targets(541,5): message :       FinalizeBuildStatus;
C:\Program Files\Microsoft Visual Studio\18\Community\MSBuild\Microsoft\VC\v180\Microsoft.Cpp.DesignTime.targets(541,5): message :     ”(先前值:“
C:\Program Files\Microsoft Visual Studio\18\Community\MSBuild\Microsoft\VC\v180\Microsoft.Cpp.DesignTime.targets(541,5): message :       _PrepareForBuild;
C:\Program Files\Microsoft Visual Studio\18\Community\MSBuild\Microsoft\VC\v180\Microsoft.Cpp.DesignTime.targets(541,5): message :       
C:\Program Files\Microsoft Visual Studio\18\Community\MSBuild\Microsoft\VC\v180\Microsoft.Cpp.DesignTime.targets(541,5): message :       ResolveReferences;
C:\Program Files\Microsoft Visual Studio\18\Community\MSBuild\Microsoft\VC\v180\Microsoft.Cpp.DesignTime.targets(541,5): message :       PrepareForBuild;
C:\Program Files\Microsoft Visual Studio\18\Community\MSBuild\Microsoft\VC\v180\Microsoft.Cpp.DesignTime.targets(541,5): message :       InitializeBuildStatus;
C:\Program Files\Microsoft Visual Studio\18\Community\MSBuild\Microsoft\VC\v180\Microsoft.Cpp.DesignTime.targets(541,5): message :       BuildGenerateSources;
C:\Program Files\Microsoft Visual Studio\18\Community\MSBuild\Microsoft\VC\v180\Microsoft.Cpp.DesignTime.targets(541,5): message :       BuildCompile;
C:\Program Files\Microsoft Visual Studio\18\Community\MSBuild\Microsoft\VC\v180\Microsoft.Cpp.DesignTime.targets(541,5): message :       BuildLink;
C:\Program Files\Microsoft Visual Studio\18\Community\MSBuild\Microsoft\VC\v180\Microsoft.Cpp.DesignTime.targets(541,5): message :     ;
C:\Program Files\Microsoft Visual Studio\18\Community\MSBuild\Microsoft\VC\v180\Microsoft.Cpp.DesignTime.targets(541,5): message :       AfterBuild;
C:\Program Files\Microsoft Visual Studio\18\Community\MSBuild\Microsoft\VC\v180\Microsoft.Cpp.DesignTime.targets(541,5): message :       IncrementalClean;
C:\Program Files\Microsoft Visual Studio\18\Community\MSBuild\Microsoft\VC\v180\Microsoft.Cpp.DesignTime.targets(541,5): message :       TlogCleanup;
C:\Program Files\Microsoft Visual Studio\18\Community\MSBuild\Microsoft\VC\v180\Microsoft.Cpp.DesignTime.targets(541,5): message :       FinalizeBuildStatus;
C:\Program Files\Microsoft Visual Studio\18\Community\MSBuild\Microsoft\VC\v180\Microsoft.Cpp.DesignTime.targets(541,5): message :     ”)
C:\Program Files\Microsoft Visual Studio\18\Community\MSBuild\Microsoft\VC\v180\Microsoft.Cpp.DesignTime.targets(542,5): message : 在 C:\Program Files\Microsoft Visual Studio\18\Community\MSBuild\Microsoft\VC\v180\Microsoft.Cpp.DesignTime.targets (542,5) 处重新分配属性: $(RebuildDependsOn)=“SetTelemetryEnvironmentVariables;
C:\Program Files\Microsoft Visual Studio\18\Community\MSBuild\Microsoft\VC\v180\Microsoft.Cpp.DesignTime.targets(542,5): message :       _PrepareForRebuild;
C:\Program Files\Microsoft Visual Studio\18\Community\MSBuild\Microsoft\VC\v180\Microsoft.Cpp.DesignTime.targets(542,5): message :       
C:\Program Files\Microsoft Visual Studio\18\Community\MSBuild\Microsoft\VC\v180\Microsoft.Cpp.DesignTime.targets(542,5): message :       BeforeRebuild;
C:\Program Files\Microsoft Visual Studio\18\Community\MSBuild\Microsoft\VC\v180\Microsoft.Cpp.DesignTime.targets(542,5): message :       Clean;
C:\Program Files\Microsoft Visual Studio\18\Community\MSBuild\Microsoft\VC\v180\Microsoft.Cpp.DesignTime.targets(542,5): message :       Build;
C:\Program Files\Microsoft Visual Studio\18\Community\MSBuild\Microsoft\VC\v180\Microsoft.Cpp.DesignTime.targets(542,5): message :       AfterRebuild;
C:\Program Files\Microsoft Visual Studio\18\Community\MSBuild\Microsoft\VC\v180\Microsoft.Cpp.DesignTime.targets(542,5): message :     ;
C:\Program Files\Microsoft Visual Studio\18\Community\MSBuild\Microsoft\VC\v180\Microsoft.Cpp.DesignTime.targets(542,5): message :     ”(先前值:“
C:\Program Files\Microsoft Visual Studio\18\Community\MSBuild\Microsoft\VC\v180\Microsoft.Cpp.DesignTime.targets(542,5): message :       _PrepareForRebuild;
C:\Program Files\Microsoft Visual Studio\18\Community\MSBuild\Microsoft\VC\v180\Microsoft.Cpp.DesignTime.targets(542,5): message :       
C:\Program Files\Microsoft Visual Studio\18\Community\MSBuild\Microsoft\VC\v180\Microsoft.Cpp.DesignTime.targets(542,5): message :       BeforeRebuild;
C:\Program Files\Microsoft Visual Studio\18\Community\MSBuild\Microsoft\VC\v180\Microsoft.Cpp.DesignTime.targets(542,5): message :       Clean;
C:\Program Files\Microsoft Visual Studio\18\Community\MSBuild\Microsoft\VC\v180\Microsoft.Cpp.DesignTime.targets(542,5): message :       Build;
C:\Program Files\Microsoft Visual Studio\18\Community\MSBuild\Microsoft\VC\v180\Microsoft.Cpp.DesignTime.targets(542,5): message :       AfterRebuild;
C:\Program Files\Microsoft Visual Studio\18\Community\MSBuild\Microsoft\VC\v180\Microsoft.Cpp.DesignTime.targets(542,5): message :     ;
C:\Program Files\Microsoft Visual Studio\18\Community\MSBuild\Microsoft\VC\v180\Microsoft.Cpp.DesignTime.targets(542,5): message :     ”)
正在使用项目“C:\Program Files\Microsoft Visual Studio\18\Community\MSBuild\Microsoft\VC\v180\Microsoft.BuildSteps.Targets”中的目标“GenerateTargetFrameworkMonikerAttribute”重写项目“C:\Program Files\Microsoft Visual Studio\18\Community\MSBuild\Current\Bin\Microsoft.Common.CurrentVersion.targets”中的目标“GenerateTargetFrameworkMonikerAttribute”。
正在使用项目“C:\Program Files\Microsoft Visual Studio\18\Community\MSBuild\Microsoft\VC\v180\Microsoft.BuildSteps.Targets”中的目标“Build”重写项目“C:\Program Files\Microsoft Visual Studio\18\Community\MSBuild\Current\Bin\Microsoft.Common.CurrentVersion.targets”中的目标“Build”。
正在使用项目“C:\Program Files\Microsoft Visual Studio\18\Community\MSBuild\Microsoft\VC\v180\Microsoft.BuildSteps.Targets”中的目标“Rebuild”重写项目“C:\Program Files\Microsoft Visual Studio\18\Community\MSBuild\Current\Bin\Microsoft.Common.CurrentVersion.targets”中的目标“Rebuild”。
正在使用项目“C:\Program Files\Microsoft Visual Studio\18\Community\MSBuild\Microsoft\VC\v180\Microsoft.BuildSteps.Targets”中的目标“AfterBuild”重写项目“C:\Program Files\Microsoft Visual Studio\18\Community\MSBuild\Current\Bin\Microsoft.Common.CurrentVersion.targets”中的目标“AfterBuild”。
正在使用项目“C:\Program Files\Microsoft Visual Studio\18\Community\MSBuild\Microsoft\VC\v180\Microsoft.CppBuild.targets”中的目标“PrepareForBuild”重写项目“C:\Program Files\Microsoft Visual Studio\18\Community\MSBuild\Current\Bin\Microsoft.Common.CurrentVersion.targets”中的目标“PrepareForBuild”。
正在使用项目“C:\Program Files\Microsoft Visual Studio\18\Community\MSBuild\Microsoft\VC\v180\Microsoft.CppBuild.targets”中的目标“GetTargetPath”重写项目“C:\Program Files\Microsoft Visual Studio\18\Community\MSBuild\Current\Bin\Microsoft.Common.CurrentVersion.targets”中的目标“GetTargetPath”。
正在使用项目“C:\Program Files\Microsoft Visual Studio\18\Community\MSBuild\Microsoft\VC\v180\Microsoft.CppBuild.targets”中的目标“ComputeIntermediateSatelliteAssemblies”重写项目“C:\Program Files\Microsoft Visual Studio\18\Community\MSBuild\Current\Bin\Microsoft.Common.CurrentVersion.targets”中的目标“ComputeIntermediateSatelliteAssemblies”。
正在使用项目“C:\Program Files\Microsoft Visual Studio\18\Community\MSBuild\Microsoft\VC\v180\Microsoft.CppBuild.targets”中的目标“ClCompile”重写项目“C:\Program Files\Microsoft Visual Studio\18\Community\MSBuild\Microsoft\VC\v180\Microsoft.CppBuild.targets”中的目标“ClCompile”。
正在使用项目“C:\Program Files\Microsoft Visual Studio\18\Community\MSBuild\Microsoft\VC\v180\Microsoft.CppBuild.targets”中的目标“ResourceCompile”重写项目“C:\Program Files\Microsoft Visual Studio\18\Community\MSBuild\Microsoft\VC\v180\Microsoft.CppBuild.targets”中的目标“ResourceCompile”。
正在使用项目“C:\Program Files\Microsoft Visual Studio\18\Community\MSBuild\Microsoft\VC\v180\Microsoft.CppBuild.targets”中的目标“Lib”重写项目“C:\Program Files\Microsoft Visual Studio\18\Community\MSBuild\Microsoft\VC\v180\Microsoft.CppBuild.targets”中的目标“Lib”。
正在使用项目“C:\Program Files\Microsoft Visual Studio\18\Community\MSBuild\Microsoft\VC\v180\Microsoft.CppBuild.targets”中的目标“Link”重写项目“C:\Program Files\Microsoft Visual Studio\18\Community\MSBuild\Microsoft\VC\v180\Microsoft.CppBuild.targets”中的目标“Link”。
正在使用项目“C:\Program Files\Microsoft Visual Studio\18\Community\MSBuild\Microsoft\VC\v180\Microsoft.CppBuild.targets”中的目标“AllProjectOutputGroups”重写项目“C:\Program Files\Microsoft Visual Studio\18\Community\MSBuild\Current\Bin\Microsoft.Common.CurrentVersion.targets”中的目标“AllProjectOutputGroups”。
正在使用项目“C:\Program Files\Microsoft Visual Studio\18\Community\MSBuild\Microsoft\VC\v180\Microsoft.CppBuild.targets”中的目标“BuiltProjectOutputGroup”重写项目“C:\Program Files\Microsoft Visual Studio\18\Community\MSBuild\Current\Bin\Microsoft.Common.CurrentVersion.targets”中的目标“BuiltProjectOutputGroup”。
正在使用项目“C:\Program Files\Microsoft Visual Studio\18\Community\MSBuild\Microsoft\VC\v180\Microsoft.CppBuild.targets”中的目标“DebugSymbolsProjectOutputGroup”重写项目“C:\Program Files\Microsoft Visual Studio\18\Community\MSBuild\Current\Bin\Microsoft.Common.CurrentVersion.targets”中的目标“DebugSymbolsProjectOutputGroup”。
正在使用项目“C:\Program Files\Microsoft Visual Studio\18\Community\MSBuild\Microsoft\VC\v180\Microsoft.CppBuild.targets”中的目标“DocumentationProjectOutputGroup”重写项目“C:\Program Files\Microsoft Visual Studio\18\Community\MSBuild\Current\Bin\Microsoft.Common.CurrentVersion.targets”中的目标“DocumentationProjectOutputGroup”。
正在使用项目“C:\Program Files\Microsoft Visual Studio\18\Community\MSBuild\Microsoft\VC\v180\Microsoft.CppBuild.targets”中的目标“SourceFilesProjectOutputGroup”重写项目“C:\Program Files\Microsoft Visual Studio\18\Community\MSBuild\Current\Bin\Microsoft.Common.CurrentVersion.targets”中的目标“SourceFilesProjectOutputGroup”。
正在使用项目“C:\Program Files\Microsoft Visual Studio\18\Community\MSBuild\Microsoft\VC\v180\Microsoft.CppBuild.targets”中的目标“ContentFilesProjectOutputGroup”重写项目“C:\Program Files\Microsoft Visual Studio\18\Community\MSBuild\Current\Bin\Microsoft.Common.CurrentVersion.targets”中的目标“ContentFilesProjectOutputGroup”。
正在使用项目“C:\Program Files\Microsoft Visual Studio\18\Community\MSBuild\Microsoft\VC\v180\Microsoft.CppBuild.targets”中的目标“AllProjectOutputGroupsDependencies”重写项目“C:\Program Files\Microsoft Visual Studio\18\Community\MSBuild\Current\Bin\Microsoft.Common.CurrentVersion.targets”中的目标“AllProjectOutputGroupsDependencies”。
正在使用项目“C:\Program Files\Microsoft Visual Studio\18\Community\MSBuild\Microsoft\VC\v180\Microsoft.CppBuild.targets”中的目标“BuiltProjectOutputGroupDependencies”重写项目“C:\Program Files\Microsoft Visual Studio\18\Community\MSBuild\Current\Bin\Microsoft.Common.CurrentVersion.targets”中的目标“BuiltProjectOutputGroupDependencies”。
正在使用项目“C:\Program Files\Microsoft Visual Studio\18\Community\MSBuild\Microsoft\VC\v180\Microsoft.CppBuild.targets”中的目标“DebugSymbolsProjectOutputGroupDependencies”重写项目“C:\Program Files\Microsoft Visual Studio\18\Community\MSBuild\Current\Bin\Microsoft.Common.CurrentVersion.targets”中的目标“DebugSymbolsProjectOutputGroupDependencies”。
正在使用项目“C:\Program Files\Microsoft Visual Studio\18\Community\MSBuild\Microsoft\VC\v180\Microsoft.CppBuild.targets”中的目标“DocumentationProjectOutputGroupDependencies”重写项目“C:\Program Files\Microsoft Visual Studio\18\Community\MSBuild\Current\Bin\Microsoft.Common.CurrentVersion.targets”中的目标“DocumentationProjectOutputGroupDependencies”。
正在使用项目“C:\Program Files\Microsoft Visual Studio\18\Community\MSBuild\Microsoft\VC\v180\Microsoft.CppCommon.targets”中的目标“PreBuildEvent”重写项目“C:\Program Files\Microsoft Visual Studio\18\Community\MSBuild\Current\Bin\Microsoft.Common.CurrentVersion.targets”中的目标“PreBuildEvent”。
正在使用项目“C:\Program Files\Microsoft Visual Studio\18\Community\MSBuild\Microsoft\VC\v180\Microsoft.CppCommon.targets”中的目标“PostBuildEvent”重写项目“C:\Program Files\Microsoft Visual Studio\18\Community\MSBuild\Current\Bin\Microsoft.Common.CurrentVersion.targets”中的目标“PostBuildEvent”。
正在使用项目“C:\Program Files\Microsoft Visual Studio\18\Community\MSBuild\Microsoft\VC\v180\Microsoft.CppCommon.targets”中的目标“ClCompile”重写项目“C:\Program Files\Microsoft Visual Studio\18\Community\MSBuild\Microsoft\VC\v180\Microsoft.CppBuild.targets”中的目标“ClCompile”。
正在使用项目“C:\Program Files\Microsoft Visual Studio\18\Community\MSBuild\Microsoft\VC\v180\Microsoft.CppCommon.targets”中的目标“Link”重写项目“C:\Program Files\Microsoft Visual Studio\18\Community\MSBuild\Microsoft\VC\v180\Microsoft.CppBuild.targets”中的目标“Link”。
正在使用项目“C:\Program Files\Microsoft Visual Studio\18\Community\MSBuild\Microsoft\VC\v180\Microsoft.CppCommon.targets”中的目标“Lib”重写项目“C:\Program Files\Microsoft Visual Studio\18\Community\MSBuild\Microsoft\VC\v180\Microsoft.CppBuild.targets”中的目标“Lib”。
正在使用项目“C:\Program Files\Microsoft Visual Studio\18\Community\MSBuild\Microsoft\VC\v180\Microsoft.CppCommon.targets”中的目标“ImpLib”重写项目“C:\Program Files\Microsoft Visual Studio\18\Community\MSBuild\Microsoft\VC\v180\Microsoft.CppBuild.targets”中的目标“ImpLib”。
正在使用项目“C:\Program Files\Microsoft Visual Studio\18\Community\MSBuild\Microsoft\VC\v180\Microsoft.CppCommon.targets”中的目标“Midl”重写项目“C:\Program Files\Microsoft Visual Studio\18\Community\MSBuild\Microsoft\VC\v180\Microsoft.CppBuild.targets”中的目标“Midl”。
正在使用项目“C:\Program Files\Microsoft Visual Studio\18\Community\MSBuild\Microsoft\VC\v180\Microsoft.CppCommon.targets”中的目标“ResourceCompile”重写项目“C:\Program Files\Microsoft Visual Studio\18\Community\MSBuild\Microsoft\VC\v180\Microsoft.CppBuild.targets”中的目标“ResourceCompile”。
正在使用项目“C:\Program Files\Microsoft Visual Studio\18\Community\MSBuild\Microsoft\VC\v180\Microsoft.CppCommon.targets”中的目标“BeforeResGen”重写项目“C:\Program Files\Microsoft Visual Studio\18\Community\MSBuild\Current\Bin\Microsoft.Common.CurrentVersion.targets”中的目标“BeforeResGen”。
正在使用项目“C:\Program Files\Microsoft Visual Studio\18\Community\MSBuild\Microsoft\VC\v180\Microsoft.CppCommon.targets”中的目标“ResGen”重写项目“C:\Program Files\Microsoft Visual Studio\18\Community\MSBuild\Current\Bin\Microsoft.Common.CurrentVersion.targets”中的目标“ResGen”。
正在使用项目“C:\Program Files\Microsoft Visual Studio\18\Community\MSBuild\Microsoft\VC\v180\Microsoft.CppCommon.targets”中的目标“GenerateSatelliteAssemblies”重写项目“C:\Program Files\Microsoft Visual Studio\18\Community\MSBuild\Current\Bin\Microsoft.Common.CurrentVersion.targets”中的目标“GenerateSatelliteAssemblies”。
正在使用项目“C:\Program Files\Microsoft Visual Studio\18\Community\MSBuild\Microsoft\VC\v180\Microsoft.CppCommon.targets”中的目标“Manifest”重写项目“C:\Program Files\Microsoft Visual Studio\18\Community\MSBuild\Microsoft\VC\v180\Microsoft.CppBuild.targets”中的目标“Manifest”。
正在使用项目“C:\Program Files\Microsoft Visual Studio\18\Community\MSBuild\Microsoft\VC\v180\Microsoft.CppCommon.targets”中的目标“XdcMake”重写项目“C:\Program Files\Microsoft Visual Studio\18\Community\MSBuild\Microsoft\VC\v180\Microsoft.CppBuild.targets”中的目标“XdcMake”。
正在使用项目“C:\Program Files\Microsoft Visual Studio\18\Community\MSBuild\Microsoft\VC\v180\Microsoft.CppCommon.targets”中的目标“BscMake”重写项目“C:\Program Files\Microsoft Visual Studio\18\Community\MSBuild\Microsoft\VC\v180\Microsoft.CppBuild.targets”中的目标“BscMake”。
正在使用项目“C:\Program Files\Microsoft Visual Studio\18\Community\MSBuild\Microsoft\VC\v180\Microsoft.CppCommon.targets”中的目标“ComputeMetaGenInputs”重写项目“C:\Program Files\Microsoft Visual Studio\18\Community\MSBuild\Microsoft\VC\v180\Microsoft.MetaGen.targets”中的目标“ComputeMetaGenInputs”。
正在使用项目“C:\Program Files\Microsoft Visual Studio\18\Community\MSBuild\Microsoft\VC\v180\Microsoft.CppCommon.targets”中的目标“GetNativeManifest”重写项目“C:\Program Files\Microsoft Visual Studio\18\Community\MSBuild\Current\Bin\Microsoft.Common.CurrentVersion.targets”中的目标“GetNativeManifest”。
正在使用项目“C:\Program Files\Microsoft Visual Studio\18\Community\MSBuild\Microsoft\VC\v180\Microsoft.Cpp.DesignTime.targets”中的目标“GetTargetPathWithTargetPlatformMoniker”重写项目“C:\Program Files\Microsoft Visual Studio\18\Community\MSBuild\Current\Bin\Microsoft.Common.CurrentVersion.targets”中的目标“GetTargetPathWithTargetPlatformMoniker”。
项目中不存在 BeforeTargets 特性中的“C:\Program Files\Microsoft Visual Studio\18\Community\MSBuild\Microsoft\VisualStudio\WebTools.Aspire\Microsoft.WebTools.Aspire.targets (44,11)”位置列出的目标“CompileDesignTime”，将忽略该目标。
项目中不存在 BeforeTargets 特性中的“C:\Program Files\Microsoft Visual Studio\18\Community\MSBuild\Microsoft\VisualStudio\WebTools.Aspire\Microsoft.WebTools.Aspire.targets (57,11)”位置列出的目标“CompileDesignTime”，将忽略该目标。
项目“c:\Vsprogram\xuanyi\xuanyi.slnx”(1)正在节点 1 上生成“c:\Vsprogram\xuanyi\xuanyi\xuanyi.vcxproj”(2) (默认目标)。
来自项目“c:\Vsprogram\xuanyi\xuanyi\xuanyi.vcxproj”的文件“C:\Program Files\Microsoft Visual Studio\18\Community\MSBuild\Current\Bin\Microsoft.Common.CurrentVersion.targets”中的目标“_CheckForInvalidConfigurationAndPlatform”(目标“SetTelemetryEnvironmentVariables”依赖于它):
正在使用程序集“Microsoft.Build.Tasks.Core, Version=15.1.0.0, Culture=neutral, PublicKeyToken=b03f5f7f11d50a3a”中的“Message”任务。
任务“Message”
  Configuration=Debug
已完成执行任务“Message”的操作。
任务“Message”
  Platform=x64
已完成执行任务“Message”的操作。
已完成在项目“xuanyi.vcxproj”中生成目标“_CheckForInvalidConfigurationAndPlatform”的操作。
已跳过目标“_CheckForInvalidConfigurationAndPlatform”。以前的生成已成功。
来自项目“c:\Vsprogram\xuanyi\xuanyi\xuanyi.vcxproj”的文件“C:\Program Files\Microsoft Visual Studio\18\Community\MSBuild\Microsoft\VC\v180\Microsoft.Cpp.DesignTime.targets”中的目标“SetTelemetryEnvironmentVariables”(目标“Build”依赖于它):
正在使用程序集“C:\Program Files\Microsoft Visual Studio\18\Community\MSBuild\Microsoft\VC\v180\Microsoft.Build.CppTasks.Common.dll”中的“SetEnv”任务。
任务“SetEnv”
  VSTEL_SolutionSessionID=
已完成执行任务“SetEnv”的操作。
任务“SetEnv”
  VSTEL_CurrentSolutionBuildID=
已完成执行任务“SetEnv”的操作。
任务“SetEnv”
  VSTEL_ProjectID={2d1b5ed6-fb7d-46bf-b5f3-e0dcb2ad01d0}
已完成执行任务“SetEnv”的操作。
任务“SetEnv”
  VSTEL_SolutionPath=c:\Vsprogram\xuanyi\xuanyi.slnx
已完成执行任务“SetEnv”的操作。
任务“SetEnv”
  VSTEL_MSBuildProjectFullPath=c:\Vsprogram\xuanyi\xuanyi\xuanyi.vcxproj
已完成执行任务“SetEnv”的操作。
已完成在项目“xuanyi.vcxproj”中生成目标“SetTelemetryEnvironmentVariables”的操作。
来自项目“c:\Vsprogram\xuanyi\xuanyi\xuanyi.vcxproj”的文件“C:\Program Files\Microsoft Visual Studio\18\Community\MSBuild\Microsoft\VC\v180\Microsoft.BuildSteps.Targets”中的目标“_PrepareForBuild”(目标“Build”依赖于它):
已完成在项目“xuanyi.vcxproj”中生成目标“_PrepareForBuild”的操作。
来自项目“c:\Vsprogram\xuanyi\xuanyi\xuanyi.vcxproj”的文件“C:\Program Files\Microsoft Visual Studio\18\Community\MSBuild\Microsoft\VC\v180\Microsoft.CppBuild.targets”中的目标“_PrepareForReferenceResolution”(目标“ResolveReferences”依赖于它):
已完成在项目“xuanyi.vcxproj”中生成目标“_PrepareForReferenceResolution”的操作。
来自项目“c:\Vsprogram\xuanyi\xuanyi\xuanyi.vcxproj”的文件“C:\Program Files\Microsoft Visual Studio\18\Community\MSBuild\Current\Bin\Microsoft.Common.CurrentVersion.targets”中的目标“BeforeResolveReferences”(目标“ResolveReferences”依赖于它):
已完成在项目“xuanyi.vcxproj”中生成目标“BeforeResolveReferences”的操作。
来自项目“c:\Vsprogram\xuanyi\xuanyi\xuanyi.vcxproj”的文件“C:\Program Files\Microsoft Visual Studio\18\Community\MSBuild\Current\Bin\Microsoft.Common.CurrentVersion.targets”中的目标“IgnoreJavaScriptOutputAssembly”(目标“AssignProjectConfiguration”依赖于它):
已完成在项目“xuanyi.vcxproj”中生成目标“IgnoreJavaScriptOutputAssembly”的操作。
来自项目“c:\Vsprogram\xuanyi\xuanyi\xuanyi.vcxproj”的文件“C:\Program Files\Microsoft Visual Studio\18\Community\MSBuild\Current\Bin\Microsoft.Common.CurrentVersion.targets”中的目标“AssignProjectConfiguration”(目标“ResolveReferences”依赖于它):
正在使用程序集“Microsoft.Build.Tasks.Core, Version=15.1.0.0, Culture=neutral, PublicKeyToken=b03f5f7f11d50a3a”中的“AssignProjectConfiguration”任务。
任务“AssignProjectConfiguration”
已完成执行任务“AssignProjectConfiguration”的操作。
已完成在项目“xuanyi.vcxproj”中生成目标“AssignProjectConfiguration”的操作。
已跳过目标“AssignProjectConfiguration”。以前的生成已成功。
来自项目“c:\Vsprogram\xuanyi\xuanyi\xuanyi.vcxproj”的文件“C:\Program Files\Microsoft Visual Studio\18\Community\MSBuild\Current\Bin\Microsoft.Common.CurrentVersion.targets”中的目标“_SplitProjectReferencesByFileExistence”(目标“PrepareProjectReferences”依赖于它):
已完成在项目“xuanyi.vcxproj”中生成目标“_SplitProjectReferencesByFileExistence”的操作。
来自项目“c:\Vsprogram\xuanyi\xuanyi\xuanyi.vcxproj”的文件“C:\Program Files\Microsoft Visual Studio\18\Community\MSBuild\Current\Bin\Microsoft.Common.CurrentVersion.targets”中的目标“_AddOutputPathToGlobalPropertiesToRemove”(目标“_GetProjectReferenceTargetFrameworkProperties”依赖于它):
已完成在项目“xuanyi.vcxproj”中生成目标“_AddOutputPathToGlobalPropertiesToRemove”的操作。
来自项目“c:\Vsprogram\xuanyi\xuanyi\xuanyi.vcxproj”的文件“C:\Program Files\Microsoft Visual Studio\18\Community\MSBuild\Current\Bin\Microsoft.Common.CurrentVersion.targets”中的目标“_GetProjectReferenceTargetFrameworkProperties”(目标“PrepareProjectReferences”依赖于它):
正在使用程序集“Microsoft.Build.Tasks.Core, Version=15.1.0.0, Culture=neutral, PublicKeyToken=b03f5f7f11d50a3a”中的“MSBuild”任务。
任务“MSBuild”
已完成执行任务“MSBuild”的操作。
正在使用程序集“Microsoft.Build.Tasks.Core, Version=15.1.0.0, Culture=neutral, PublicKeyToken=b03f5f7f11d50a3a”中的“SetRidAgnosticValueForProjects”任务。
任务“SetRidAgnosticValueForProjects”
已完成执行任务“SetRidAgnosticValueForProjects”的操作。
已完成在项目“xuanyi.vcxproj”中生成目标“_GetProjectReferenceTargetFrameworkProperties”的操作。
来自项目“c:\Vsprogram\xuanyi\xuanyi\xuanyi.vcxproj”的文件“C:\Program Files\Microsoft Visual Studio\18\Community\MSBuild\Current\Bin\Microsoft.Common.CurrentVersion.targets”中的目标“PrepareProjectReferences”(目标“ResolveProjectReferences”依赖于它):
已完成在项目“xuanyi.vcxproj”中生成目标“PrepareProjectReferences”的操作。
来自项目“c:\Vsprogram\xuanyi\xuanyi\xuanyi.vcxproj”的文件“C:\Program Files\Microsoft Visual Studio\18\Community\MSBuild\Current\Bin\Microsoft.Common.CurrentVersion.targets”中的目标“ResolveProjectReferences”(目标“ResolveReferences”依赖于它):
已完成在项目“xuanyi.vcxproj”中生成目标“ResolveProjectReferences”的操作。
已跳过目标“_PrepareForReferenceResolution”。以前的生成已成功。
已跳过目标“ResolveProjectReferences”。以前的生成已成功。
来自项目“c:\Vsprogram\xuanyi\xuanyi\xuanyi.vcxproj”的文件“C:\Program Files\Microsoft Visual Studio\18\Community\MSBuild\Current\Bin\Microsoft.Common.CurrentVersion.targets”中的目标“GetFrameworkPaths”(目标“ResolveAssemblyReferences”依赖于它):
已完成在项目“xuanyi.vcxproj”中生成目标“GetFrameworkPaths”的操作。
已跳过目标“_PrepareForReferenceResolution”。以前的生成已成功。
已跳过目标“GetFrameworkPaths”。以前的生成已成功。
来自项目“c:\Vsprogram\xuanyi\xuanyi\xuanyi.vcxproj”的文件“C:\Program Files\Microsoft Visual Studio\18\Community\MSBuild\Current\Bin\Microsoft.Common.CurrentVersion.targets”中的目标“GetReferenceAssemblyPaths”(目标“ResolveAssemblyReferences”依赖于它):
C:\Program Files\Microsoft Visual Studio\18\Community\MSBuild\Current\Bin\Microsoft.Common.CurrentVersion.targets(1284,7): message : 在 C:\Program Files\Microsoft Visual Studio\18\Community\MSBuild\Current\Bin\Microsoft.Common.CurrentVersion.targets (1284,7) 处重新分配属性: $(AssemblySearchPaths)=“{CandidateAssemblyFiles};C:\Program Files\Microsoft Visual Studio\18\Community\VC\Tools\MSVC\14.50.35717\atlmfc\lib\x64;;C:\Program Files\Microsoft Visual Studio\18\Community\VC\Tools\MSVC\14.50.35717\lib\x64;;{HintPathFromItem};{TargetFrameworkDirectory};{AssemblyFoldersFromConfig:C:\Program Files\Microsoft Visual Studio\18\Community\MSBuild\Current\Bin\AssemblyFolders.config,};;{Registry:Software\Microsoft\,,AssemblyFoldersEx};;{GAC};{RawFileName};c:\Vsprogram\xuanyi\x64\Debug\”(先前值:“{CandidateAssemblyFiles};C:\Program Files\Microsoft Visual Studio\18\Community\VC\Tools\MSVC\14.50.35717\atlmfc\lib\x64;;C:\Program Files\Microsoft Visual Studio\18\Community\VC\Tools\MSVC\14.50.35717\lib\x64;;{HintPathFromItem};{TargetFrameworkDirectory};{AssemblyFoldersFromConfig:C:\Program Files\Microsoft Visual Studio\18\Community\MSBuild\Current\Bin\AssemblyFolders.config,};;{Registry:Software\Microsoft\,,AssemblyFoldersEx};{AssemblyFolders};{GAC};{RawFileName};c:\Vsprogram\xuanyi\x64\Debug\”) [c:\Vsprogram\xuanyi\xuanyi\xuanyi.vcxproj]
已完成在项目“xuanyi.vcxproj”中生成目标“GetReferenceAssemblyPaths”的操作。
来自项目“c:\Vsprogram\xuanyi\xuanyi\xuanyi.vcxproj”的文件“C:\Program Files\Microsoft Visual Studio\18\Community\MSBuild\Microsoft\VC\v180\Microsoft.Cpp.Current.targets”中的目标“AddExternalIncludDirectoriesToPaths”(目标“SetBuildDefaultEnvironmentVariables”依赖于它):
已完成在项目“xuanyi.vcxproj”中生成目标“AddExternalIncludDirectoriesToPaths”的操作。
来自项目“c:\Vsprogram\xuanyi\xuanyi\xuanyi.vcxproj”的文件“C:\Program Files\Microsoft Visual Studio\18\Community\MSBuild\Microsoft\VC\v180\Microsoft.Cpp.Current.targets”中的目标“SetBuildDefaultEnvironmentVariables”(目标“PrepareForBuild”依赖于它):
任务“SetEnv”
  PATH=C:\Program Files\Microsoft Visual Studio\18\Community\VC\Tools\MSVC\14.50.35717\bin\HostX86\x64;C:\Program Files\Microsoft Visual Studio\18\Community\VC\Tools\MSVC\14.50.35717\bin\HostX86\x86;C:\Program Files (x86)\Windows Kits\10\bin\10.0.26100.0\x86;;C:\Program Files (x86)\Microsoft SDKs\Windows\v10.0A\bin\NETFX 4.8 Tools;C:\Program Files\Microsoft Visual Studio\18\Community\Common7\tools;C:\Program Files\Microsoft Visual Studio\18\Community\Common7\ide;C:\Program Files (x86)\HTML Help Workshop;;C:\Program Files\Microsoft Visual Studio\18\Community\MSBuild\Current\Bin;C:\WINDOWS\Microsoft.NET\Framework\v4.0.30319\;;c:\Users\魏可欣\.trae-cn\extensions\vadimcn.vscode-lldb-1.12.2-universal\bin;c:\Users\魏可欣\.trae-cn\tools\trae-gopls\current;c:\Users\魏可欣\.trae-cn\sdks\workspaces\3d3a59bf\versions\node\current;c:\Users\魏可欣\.trae-cn\sdks\versions\node\current;C:\WINDOWS\system32;C:\WINDOWS;C:\WINDOWS\System32\Wbem;C:\WINDOWS\System32\WindowsPowerShell\v1.0\;C:\WINDOWS\System32\OpenSSH\;C:\Program Files\mingw64\bin;C:\Program Files (x86)\Windows Kits\10\Windows Performance Toolkit\;C:\Program Files\dotnet\;C:\Users\魏可欣\AppData\Local\Microsoft\WindowsApps;D:\Microsoft VS Code\bin;C:\msys64\ucrt64\bin;C:\Users\魏可欣\.dotnet\tools;
C:\Program Files\Microsoft Visual Studio\18\Community\MSBuild\Microsoft\VC\v180\Microsoft.Cpp.Current.targets(87,7): message : 在 C:\Program Files\Microsoft Visual Studio\18\Community\MSBuild\Microsoft\VC\v180\Microsoft.Cpp.Current.targets (87,7) 处重新分配属性: $(Path)=“C:\Program Files\Microsoft Visual Studio\18\Community\VC\Tools\MSVC\14.50.35717\bin\HostX86\x64%3bC:\Program Files\Microsoft Visual Studio\18\Community\VC\Tools\MSVC\14.50.35717\bin\HostX86\x86%3bC:\Program Files %28x86%29\Windows Kits\10\bin\10.0.26100.0\x86%3b%3bC:\Program Files %28x86%29\Microsoft SDKs\Windows\v10.0A\bin\NETFX 4.8 Tools%3bC:\Program Files\Microsoft Visual Studio\18\Community\Common7\tools%3bC:\Program Files\Microsoft Visual Studio\18\Community\Common7\ide%3bC:\Program Files %28x86%29\HTML Help Workshop%3b%3bC:\Program Files\Microsoft Visual Studio\18\Community\MSBuild\Current\Bin%3bC:\WINDOWS\Microsoft.NET\Framework\v4.0.30319\%3b%3bc:\Users\魏可欣\.trae-cn\extensions\vadimcn.vscode-lldb-1.12.2-universal\bin%3bc:\Users\魏可欣\.trae-cn\tools\trae-gopls\current%3bc:\Users\魏可欣\.trae-cn\sdks\workspaces\3d3a59bf\versions\node\current%3bc:\Users\魏可欣\.trae-cn\sdks\versions\node\current%3bC:\WINDOWS\system32%3bC:\WINDOWS%3bC:\WINDOWS\System32\Wbem%3bC:\WINDOWS\System32\WindowsPowerShell\v1.0\%3bC:\WINDOWS\System32\OpenSSH\%3bC:\Program Files\mingw64\bin%3bC:\Program Files %28x86%29\Windows Kits\10\Windows Performance Toolkit\%3bC:\Program Files\dotnet\%3bC:\Users\魏可欣\AppData\Local\Microsoft\WindowsApps%3bD:\Microsoft VS Code\bin%3bC:\msys64\ucrt64\bin%3bC:\Users\魏可欣\.dotnet\tools%3b”(先前值:“c:\Users\魏可欣\.trae-cn\extensions\vadimcn.vscode-lldb-1.12.2-universal\bin;c:\Users\魏可欣\.trae-cn\tools\trae-gopls\current;c:\Users\魏可欣\.trae-cn\sdks\workspaces\3d3a59bf\versions\node\current;c:\Users\魏可欣\.trae-cn\sdks\versions\node\current;C:\WINDOWS\system32;C:\WINDOWS;C:\WINDOWS\System32\Wbem;C:\WINDOWS\System32\WindowsPowerShell\v1.0\;C:\WINDOWS\System32\OpenSSH\;C:\Program Files\mingw64\bin;C:\Program Files (x86)\Windows Kits\10\Windows Performance Toolkit\;C:\Program Files\dotnet\;C:\Users\魏可欣\AppData\Local\Microsoft\WindowsApps;D:\Microsoft VS Code\bin;C:\msys64\ucrt64\bin;C:\Users\魏可欣\.dotnet\tools”) [c:\Vsprogram\xuanyi\xuanyi\xuanyi.vcxproj]
已完成执行任务“SetEnv”的操作。
任务“SetEnv”
  LIB=C:\Program Files\Microsoft Visual Studio\18\Community\VC\Tools\MSVC\14.50.35717\lib\x64;;C:\Program Files\Microsoft Visual Studio\18\Community\VC\Tools\MSVC\14.50.35717\atlmfc\lib\x64;;C:\Program Files\Microsoft Visual Studio\18\Community\VC\Auxiliary\VS\lib\x64;;C:\Program Files (x86)\Windows Kits\10\lib\10.0.26100.0\ucrt\x64;;;C:\Program Files (x86)\Windows Kits\10\lib\10.0.26100.0\um\x64;C:\Program Files (x86)\Windows Kits\NETFXSDK\4.8\lib\um\x64;
已完成执行任务“SetEnv”的操作。
任务“SetEnv”
  LIBPATH=C:\Program Files\Microsoft Visual Studio\18\Community\VC\Tools\MSVC\14.50.35717\atlmfc\lib\x64;;C:\Program Files\Microsoft Visual Studio\18\Community\VC\Tools\MSVC\14.50.35717\lib\x64;
已完成执行任务“SetEnv”的操作。
任务“SetEnv”
  INCLUDE=C:\Program Files\Microsoft Visual Studio\18\Community\VC\Tools\MSVC\14.50.35717\include;;C:\Program Files\Microsoft Visual Studio\18\Community\VC\Tools\MSVC\14.50.35717\atlmfc\include;;C:\Program Files\Microsoft Visual Studio\18\Community\VC\Auxiliary\VS\include;;C:\Program Files (x86)\Windows Kits\10\Include\10.0.26100.0\ucrt;;;C:\Program Files (x86)\Windows Kits\10\Include\10.0.26100.0\um;C:\Program Files (x86)\Windows Kits\10\Include\10.0.26100.0\shared;C:\Program Files (x86)\Windows Kits\10\Include\10.0.26100.0\winrt;C:\Program Files (x86)\Windows Kits\10\Include\10.0.26100.0\cppwinrt;C:\Program Files (x86)\Windows Kits\NETFXSDK\4.8\Include\um;
已完成执行任务“SetEnv”的操作。
任务“SetEnv”
  EXTERNAL_INCLUDE=C:\Program Files\Microsoft Visual Studio\18\Community\VC\Tools\MSVC\14.50.35717\include;;C:\Program Files\Microsoft Visual Studio\18\Community\VC\Tools\MSVC\14.50.35717\atlmfc\include;;C:\Program Files\Microsoft Visual Studio\18\Community\VC\Auxiliary\VS\include;;C:\Program Files (x86)\Windows Kits\10\Include\10.0.26100.0\ucrt;;;C:\Program Files (x86)\Windows Kits\10\Include\10.0.26100.0\um;C:\Program Files (x86)\Windows Kits\10\Include\10.0.26100.0\shared;C:\Program Files (x86)\Windows Kits\10\Include\10.0.26100.0\winrt;C:\Program Files (x86)\Windows Kits\10\Include\10.0.26100.0\cppwinrt;C:\Program Files (x86)\Windows Kits\NETFXSDK\4.8\Include\um;
已完成执行任务“SetEnv”的操作。
已完成在项目“xuanyi.vcxproj”中生成目标“SetBuildDefaultEnvironmentVariables”的操作。
已跳过目标“_PrepareForReferenceResolution”。以前的生成已成功。
来自项目“c:\Vsprogram\xuanyi\xuanyi\xuanyi.vcxproj”的文件“C:\Program Files\Microsoft Visual Studio\18\Community\MSBuild\Microsoft\VC\v180\Microsoft.CppBuild.targets”中的目标“GetResolvedWinMD”(目标“PrepareForBuild”依赖于它):
已完成在项目“xuanyi.vcxproj”中生成目标“GetResolvedWinMD”的操作。
来自项目“c:\Vsprogram\xuanyi\xuanyi\xuanyi.vcxproj”的文件“C:\Program Files\Microsoft Visual Studio\18\Community\MSBuild\Microsoft\VC\v180\Microsoft.Cpp.WindowsSDK.targets”中的目标“_CheckWindowsSDKInstalled”(目标“PrepareForBuild”依赖于它):
已完成在项目“xuanyi.vcxproj”中生成目标“_CheckWindowsSDKInstalled”的操作。
已跳过目标“GetFrameworkPaths”。以前的生成已成功。
已跳过目标“GetReferenceAssemblyPaths”。以前的生成已成功。
来自项目“c:\Vsprogram\xuanyi\xuanyi\xuanyi.vcxproj”的文件“C:\Program Files\Microsoft Visual Studio\18\Community\MSBuild\Microsoft\VisualStudio\v18.0\CodeAnalysis\Microsoft.CodeAnalysis.targets”中的目标“SetCABuildNativeEnvironmentVariables”(目标“PrepareForBuild”依赖于它):
任务“SetEnv”
  CAExcludePath=C:\Program Files\Microsoft Visual Studio\18\Community\VC\Tools\MSVC\14.50.35717\atlmfc\include;C:\Program Files\Microsoft Visual Studio\18\Community\VC\Tools\MSVC\14.50.35717\include;C:\Program Files (x86)\Windows Kits\10\Include\10.0.26100.0\ucrt;;C:\Program Files (x86)\Windows Kits\10\Include\10.0.26100.0\um;C:\Program Files (x86)\Windows Kits\10\Include\10.0.26100.0\shared;C:\Program Files (x86)\Windows Kits\10\Include\10.0.26100.0\winrt;C:\Program Files (x86)\Windows Kits\10\Include\10.0.26100.0\cppwinrt;C:\Program Files (x86)\Windows Kits\NETFXSDK\4.8\Include\um;
已完成执行任务“SetEnv”的操作。
已完成在项目“xuanyi.vcxproj”中生成目标“SetCABuildNativeEnvironmentVariables”的操作。
来自项目“c:\Vsprogram\xuanyi\xuanyi\xuanyi.vcxproj”的文件“C:\Program Files\Microsoft Visual Studio\18\Community\MSBuild\Microsoft\VC\v180\Microsoft.CppBuild.targets”中的目标“PrepareForBuild”(目标“ResolveAssemblyReferences”依赖于它):
C:\Program Files\Microsoft Visual Studio\18\Community\MSBuild\Microsoft\VC\v180\Microsoft.CppBuild.targets(438,7): message : 在 C:\Program Files\Microsoft Visual Studio\18\Community\MSBuild\Microsoft\VC\v180\Microsoft.CppBuild.targets (438,7) 处重新分配属性: $(BuildProjectReferences)=“false”(先前值:“true”) [c:\Vsprogram\xuanyi\xuanyi\xuanyi.vcxproj]
正在使用程序集“Microsoft.Build.Tasks.Core, Version=15.1.0.0, Culture=neutral, PublicKeyToken=b03f5f7f11d50a3a”中的“MakeDir”任务。
任务“MakeDir”
已完成执行任务“MakeDir”的操作。
正在使用程序集“C:\Program Files\Microsoft Visual Studio\18\Community\MSBuild\Microsoft\VC\v180\Microsoft.Build.CppTasks.Common.dll”中的“CheckVCToolsetVersion”任务。
任务“CheckVCToolsetVersion”
已完成执行任务“CheckVCToolsetVersion”的操作。
C:\Program Files\Microsoft Visual Studio\18\Community\MSBuild\Microsoft\VC\v180\Microsoft.CppBuild.targets(556,7): message : 值为“C:\Users\魏可欣\AppData\Local\Temp”的属性“TMP”从环境中展开。 [c:\Vsprogram\xuanyi\xuanyi\xuanyi.vcxproj]
C:\Program Files\Microsoft Visual Studio\18\Community\MSBuild\Microsoft\VC\v180\Microsoft.CppBuild.targets(557,7): message : 值为“C:\Users\魏可欣\AppData\Local\Temp”的属性“TEMP”从环境中展开。 [c:\Vsprogram\xuanyi\xuanyi\xuanyi.vcxproj]
正在使用程序集“C:\Program Files\Microsoft Visual Studio\18\Community\MSBuild\Microsoft\VC\v180\Microsoft.Build.CppTasks.Common.dll”中的“VCMessage”任务。
任务“VCMessage”
  已启用结构化输出。编译器诊断的格式设置将反映错误层次结构。有关详细信息，请参阅 https://aka.ms/cpp/structured-output。
已完成执行任务“VCMessage”的操作。
任务“MakeDir”
已完成执行任务“MakeDir”的操作。
已完成在项目“xuanyi.vcxproj”中生成目标“PrepareForBuild”的操作。
已跳过目标“_PrepareForReferenceResolution”。以前的生成已成功。
来自项目“c:\Vsprogram\xuanyi\xuanyi\xuanyi.vcxproj”的文件“C:\Program Files\Microsoft Visual Studio\18\Community\MSBuild\Current\Bin\Microsoft.Common.CurrentVersion.targets”中的目标“ResolveSDKReferences”(目标“ResolveAssemblyReferences”依赖于它):
已完成在项目“xuanyi.vcxproj”中生成目标“ResolveSDKReferences”的操作。
已跳过目标“ResolveSDKReferences”。以前的生成已成功。
来自项目“c:\Vsprogram\xuanyi\xuanyi\xuanyi.vcxproj”的文件“C:\Program Files\Microsoft Visual Studio\18\Community\MSBuild\Current\Bin\Microsoft.Common.CurrentVersion.targets”中的目标“ExpandSDKReferences”(目标“ResolveAssemblyReferences”依赖于它):
已完成在项目“xuanyi.vcxproj”中生成目标“ExpandSDKReferences”的操作。
来自项目“c:\Vsprogram\xuanyi\xuanyi\xuanyi.vcxproj”的文件“C:\Program Files\Microsoft Visual Studio\18\Community\MSBuild\Current\Bin\Microsoft.Common.CurrentVersion.targets”中的目标“ResolveAssemblyReferences”(目标“ResolveReferences”依赖于它):
已完成在项目“xuanyi.vcxproj”中生成目标“ResolveAssemblyReferences”的操作。
来自项目“c:\Vsprogram\xuanyi\xuanyi\xuanyi.vcxproj”的文件“C:\Program Files\Microsoft Visual Studio\18\Community\MSBuild\Current\Bin\Microsoft.Common.CurrentVersion.targets”中的目标“AfterResolveReferences”(目标“ResolveReferences”依赖于它):
已完成在项目“xuanyi.vcxproj”中生成目标“AfterResolveReferences”的操作。
来自项目“c:\Vsprogram\xuanyi\xuanyi\xuanyi.vcxproj”的文件“C:\Program Files\Microsoft Visual Studio\18\Community\MSBuild\Current\Bin\Microsoft.Common.CurrentVersion.targets”中的目标“ResolveReferences”(目标“Build”依赖于它):
已完成在项目“xuanyi.vcxproj”中生成目标“ResolveReferences”的操作。
已跳过目标“PrepareForBuild”。以前的生成已成功。
已跳过目标“PrepareForBuild”。以前的生成已成功。
来自项目“c:\Vsprogram\xuanyi\xuanyi\xuanyi.vcxproj”的文件“C:\Program Files\Microsoft Visual Studio\18\Community\MSBuild\Microsoft\VC\v180\Microsoft.CppBuild.targets”中的目标“InitializeBuildStatus”(目标“Build”依赖于它):
正在使用程序集“Microsoft.Build.Tasks.Core, Version=15.1.0.0, Culture=neutral, PublicKeyToken=b03f5f7f11d50a3a”中的“ReadLinesFromFile”任务。
任务“ReadLinesFromFile”
已完成执行任务“ReadLinesFromFile”的操作。
C:\Program Files\Microsoft Visual Studio\18\Community\MSBuild\Microsoft\VC\v180\Microsoft.CppBuild.targets(391,7): message : 在 C:\Program Files\Microsoft Visual Studio\18\Community\MSBuild\Microsoft\VC\v180\Microsoft.CppBuild.targets (391,7) 处重新分配属性: $(_BuildActionType)=“Rebuild”(先前值:“Build”) [c:\Vsprogram\xuanyi\xuanyi\xuanyi.vcxproj]
正在使用程序集“Microsoft.Build.Tasks.Core, Version=15.1.0.0, Culture=neutral, PublicKeyToken=b03f5f7f11d50a3a”中的“WriteLinesToFile”任务。
任务“WriteLinesToFile”
已完成执行任务“WriteLinesToFile”的操作。
正在使用程序集“Microsoft.Build.Tasks.Core, Version=15.1.0.0, Culture=neutral, PublicKeyToken=b03f5f7f11d50a3a”中的“Touch”任务。
任务“Touch”
  正在对“x64\Debug\xuanyi.tlog\unsuccessfulbuild”执行 Touch 任务。
已完成执行任务“Touch”的操作。
已完成在项目“xuanyi.vcxproj”中生成目标“InitializeBuildStatus”的操作。
已跳过目标“PrepareProjectReferences”。以前的生成已成功。
来自项目“c:\Vsprogram\xuanyi\xuanyi\xuanyi.vcxproj”的文件“C:\Program Files\Microsoft Visual Studio\18\Community\MSBuild\Current\Bin\Microsoft.Common.CurrentVersion.targets”中的目标“BuildGenerateSourcesTraverse”(目标“BuildGenerateSources”依赖于它):
已完成在项目“xuanyi.vcxproj”中生成目标“BuildGenerateSourcesTraverse”的操作。
已跳过目标“PrepareForBuild”。以前的生成已成功。
已跳过目标“ResolveReferences”。以前的生成已成功。
来自项目“c:\Vsprogram\xuanyi\xuanyi\xuanyi.vcxproj”的文件“C:\Program Files\Microsoft Visual Studio\18\Community\MSBuild\Microsoft\VC\v180\Microsoft.BuildSteps.Targets”中的目标“BeforeBuildGenerateSources”(目标“_BuildGenerateSourcesAction”依赖于它):
已完成在项目“xuanyi.vcxproj”中生成目标“BeforeBuildGenerateSources”的操作。
来自项目“c:\Vsprogram\xuanyi\xuanyi\xuanyi.vcxproj”的文件“C:\Program Files\Microsoft Visual Studio\18\Community\MSBuild\Microsoft\VC\v180\Microsoft.CppCommon.targets”中的目标“PreBuildEvent”(目标“_BuildGenerateSourcesAction”依赖于它):
已完成在项目“xuanyi.vcxproj”中生成目标“PreBuildEvent”的操作。
已跳过目标“PrepareForBuild”。以前的生成已成功。
已跳过目标“InitializeBuildStatus”。以前的生成已成功。
已跳过目标“SetBuildDefaultEnvironmentVariables”。以前的生成已成功。
来自项目“c:\Vsprogram\xuanyi\xuanyi\xuanyi.vcxproj”的文件“C:\Program Files\Microsoft Visual Studio\18\Community\MSBuild\Microsoft\VC\v180\Microsoft.CppBuild.targets”中的目标“_SelectedFiles”(目标“SelectCustomBuild”依赖于它):
已完成在项目“xuanyi.vcxproj”中生成目标“_SelectedFiles”的操作。
来自项目“c:\Vsprogram\xuanyi\xuanyi\xuanyi.vcxproj”的文件“C:\Program Files\Microsoft Visual Studio\18\Community\MSBuild\Microsoft\VC\v180\Microsoft.CppBuild.targets”中的目标“SelectCustomBuild”(目标“CustomBuild”依赖于它):
已完成在项目“xuanyi.vcxproj”中生成目标“SelectCustomBuild”的操作。
来自项目“c:\Vsprogram\xuanyi\xuanyi\xuanyi.vcxproj”的文件“C:\Program Files\Microsoft Visual Studio\18\Community\MSBuild\Microsoft\VC\v180\Microsoft.CppBuild.targets”中的目标“ComputeCustomBuildOutput”(目标“CustomBuild”依赖于它):
任务“MakeDir”
已完成执行任务“MakeDir”的操作。
已完成在项目“xuanyi.vcxproj”中生成目标“ComputeCustomBuildOutput”的操作。
来自项目“c:\Vsprogram\xuanyi\xuanyi\xuanyi.vcxproj”的文件“C:\Program Files\Microsoft Visual Studio\18\Community\MSBuild\Microsoft\VC\v180\Microsoft.CppCommon.targets”中的目标“CustomBuild”(目标“_BuildGenerateSourcesAction”依赖于它):
正在使用程序集“C:\Program Files\Microsoft Visual Studio\18\Community\MSBuild\Microsoft\VC\v180\Microsoft.Build.CppTasks.Common.dll”中的“GetOutOfDateItems”任务。
任务“GetOutOfDateItems”
已完成执行任务“GetOutOfDateItems”的操作。
任务“GetOutOfDateItems”
已完成执行任务“GetOutOfDateItems”的操作。
已完成在项目“xuanyi.vcxproj”中生成目标“CustomBuild”的操作。
已跳过目标“_SelectedFiles”。以前的生成已成功。
来自项目“c:\Vsprogram\xuanyi\xuanyi\xuanyi.vcxproj”的文件“C:\Program Files\Microsoft Visual Studio\18\Community\MSBuild\Microsoft\VC\v180\Microsoft.CppCommon.targets”中的目标“CopyFileToFolders”(目标“_BuildGenerateSourcesAction”依赖于它):
任务“GetOutOfDateItems”
已完成执行任务“GetOutOfDateItems”的操作。
已完成在项目“xuanyi.vcxproj”中生成目标“CopyFileToFolders”的操作。
来自项目“c:\Vsprogram\xuanyi\xuanyi\xuanyi.vcxproj”的文件“C:\Program Files\Microsoft Visual Studio\18\Community\MSBuild\Microsoft\VC\v180\Microsoft.CppBuild.targets”中的目标“_Xsd”(目标“_BuildGenerateSourcesAction”依赖于它):
已完成在项目“xuanyi.vcxproj”中生成目标“_Xsd”的操作。
来自项目“c:\Vsprogram\xuanyi\xuanyi\xuanyi.vcxproj”的文件“C:\Program Files\Microsoft Visual Studio\18\Community\MSBuild\Microsoft\VC\v180\Microsoft.CppBuild.targets”中的目标“MakeDirsForMidl”(目标“_Midl”依赖于它):
任务“Makedir”
已完成执行任务“Makedir”的操作。
已完成在项目“xuanyi.vcxproj”中生成目标“MakeDirsForMidl”的操作。
来自项目“c:\Vsprogram\xuanyi\xuanyi\xuanyi.vcxproj”的文件“C:\Program Files\Microsoft Visual Studio\18\Community\MSBuild\Microsoft\VC\v180\Microsoft.CppBuild.targets”中的目标“ComputeMIDLGeneratedCompileInputs”(目标“_Midl”依赖于它):
已完成在项目“xuanyi.vcxproj”中生成目标“ComputeMIDLGeneratedCompileInputs”的操作。
来自项目“c:\Vsprogram\xuanyi\xuanyi\xuanyi.vcxproj”的文件“C:\Program Files\Microsoft Visual Studio\18\Community\MSBuild\Microsoft\VC\v180\Microsoft.CppBuild.targets”中的目标“AfterMidl”(目标“_Midl”依赖于它):
已完成在项目“xuanyi.vcxproj”中生成目标“AfterMidl”的操作。
来自项目“c:\Vsprogram\xuanyi\xuanyi\xuanyi.vcxproj”的文件“C:\Program Files\Microsoft Visual Studio\18\Community\MSBuild\Microsoft\VC\v180\Microsoft.CppBuild.targets”中的目标“_Midl”(目标“_BuildGenerateSourcesAction”依赖于它):
已完成在项目“xuanyi.vcxproj”中生成目标“_Midl”的操作。
来自项目“c:\Vsprogram\xuanyi\xuanyi\xuanyi.vcxproj”的文件“C:\Program Files\Microsoft Visual Studio\18\Community\MSBuild\Microsoft\VC\v180\Microsoft.BuildSteps.Targets”中的目标“AfterBuildGenerateSources”(目标“_BuildGenerateSourcesAction”依赖于它):
已完成在项目“xuanyi.vcxproj”中生成目标“AfterBuildGenerateSources”的操作。
来自项目“c:\Vsprogram\xuanyi\xuanyi\xuanyi.vcxproj”的文件“C:\Program Files\Microsoft Visual Studio\18\Community\MSBuild\Microsoft\VC\v180\Microsoft.CppBuild.targets”中的目标“AfterBuildGenerateSourcesEvent”(目标“_BuildGenerateSourcesAction”依赖于它):
已完成在项目“xuanyi.vcxproj”中生成目标“AfterBuildGenerateSourcesEvent”的操作。
来自项目“c:\Vsprogram\xuanyi\xuanyi\xuanyi.vcxproj”的文件“C:\Program Files\Microsoft Visual Studio\18\Community\MSBuild\Microsoft\VC\v180\Microsoft.CppBuild.targets”中的目标“_BuildGenerateSourcesAction”(目标“BuildGenerateSources”依赖于它):
已完成在项目“xuanyi.vcxproj”中生成目标“_BuildGenerateSourcesAction”的操作。
来自项目“c:\Vsprogram\xuanyi\xuanyi\xuanyi.vcxproj”的文件“C:\Program Files\Microsoft Visual Studio\18\Community\MSBuild\Current\Bin\Microsoft.Common.CurrentVersion.targets”中的目标“BuildGenerateSources”(目标“Build”依赖于它):
已完成在项目“xuanyi.vcxproj”中生成目标“BuildGenerateSources”的操作。
已跳过目标“PrepareProjectReferences”。以前的生成已成功。
来自项目“c:\Vsprogram\xuanyi\xuanyi\xuanyi.vcxproj”的文件“C:\Program Files\Microsoft Visual Studio\18\Community\MSBuild\Current\Bin\Microsoft.Common.CurrentVersion.targets”中的目标“BuildCompileTraverse”(目标“BuildCompile”依赖于它):
已完成在项目“xuanyi.vcxproj”中生成目标“BuildCompileTraverse”的操作。
已跳过目标“PrepareForBuild”。以前的生成已成功。
已跳过目标“ResolveReferences”。以前的生成已成功。
来自项目“c:\Vsprogram\xuanyi\xuanyi\xuanyi.vcxproj”的文件“C:\Program Files\Microsoft Visual Studio\18\Community\MSBuild\Microsoft\VC\v180\Microsoft.CppBuild.targets”中的目标“BeforeClCompile”(目标“_ClCompile”依赖于它):
已完成在项目“xuanyi.vcxproj”中生成目标“BeforeClCompile”的操作。
已跳过目标“ComputeMIDLGeneratedCompileInputs”。以前的生成已成功。
来自项目“c:\Vsprogram\xuanyi\xuanyi\xuanyi.vcxproj”的文件“C:\Program Files\Microsoft Visual Studio\18\Community\MSBuild\Microsoft\VC\v180\Microsoft.CppBuild.targets”中的目标“ComputeCLInputPDBName”(目标“_ClCompile”依赖于它):
已完成在项目“xuanyi.vcxproj”中生成目标“ComputeCLInputPDBName”的操作。
已跳过目标“ResolveReferences”。以前的生成已成功。
来自项目“c:\Vsprogram\xuanyi\xuanyi\xuanyi.vcxproj”的文件“C:\Program Files\Microsoft Visual Studio\18\Community\MSBuild\Current\Bin\Microsoft.Common.CurrentVersion.targets”中的目标“FindReferenceAssembliesForReferences”(目标“ComputeReferenceCLInput”依赖于它):
已完成在项目“xuanyi.vcxproj”中生成目标“FindReferenceAssembliesForReferences”的操作。
来自项目“c:\Vsprogram\xuanyi\xuanyi\xuanyi.vcxproj”的文件“C:\Program Files\Microsoft Visual Studio\18\Community\MSBuild\Microsoft\VC\v180\Microsoft.CppBuild.targets”中的目标“GetReferencedVCProjectsInfo”(目标“ComputeReferenceCLInput”依赖于它):
已完成在项目“xuanyi.vcxproj”中生成目标“GetReferencedVCProjectsInfo”的操作。
来自项目“c:\Vsprogram\xuanyi\xuanyi\xuanyi.vcxproj”的文件“C:\Program Files\Microsoft Visual Studio\18\Community\MSBuild\Microsoft\VC\v180\Microsoft.CppBuild.targets”中的目标“ComputeReferenceCLInput”(目标“_ClCompile”依赖于它):
已完成在项目“xuanyi.vcxproj”中生成目标“ComputeReferenceCLInput”的操作。
来自项目“c:\Vsprogram\xuanyi\xuanyi\xuanyi.vcxproj”的文件“C:\Program Files\Microsoft Visual Studio\18\Community\MSBuild\Microsoft\VC\v180\Microsoft.CppBuild.targets”中的目标“WarnCompileDuplicatedFilename”(目标“_ClCompile”依赖于它):
已完成在项目“xuanyi.vcxproj”中生成目标“WarnCompileDuplicatedFilename”的操作。
来自项目“c:\Vsprogram\xuanyi\xuanyi\xuanyi.vcxproj”的文件“C:\Program Files\Microsoft Visual Studio\18\Community\MSBuild\Microsoft\VC\v180\Microsoft.CppCommon.targets”中的目标“SetCppLanguageStandardCapabilities”(目标“ComputeStdModulesCompileInputs”依赖于它):
已完成在项目“xuanyi.vcxproj”中生成目标“SetCppLanguageStandardCapabilities”的操作。
来自项目“c:\Vsprogram\xuanyi\xuanyi\xuanyi.vcxproj”的文件“C:\Program Files\Microsoft Visual Studio\18\Community\MSBuild\Microsoft\VC\v180\Microsoft.CppCommon.targets”中的目标“ComputeStdModulesCompileInputs”(目标“_ClCompile”依赖于它):
正在使用程序集“C:\Program Files\Microsoft Visual Studio\18\Community\MSBuild\Microsoft\VC\v180\Microsoft.Build.CppTasks.Common.dll”中的“GetLibraryModuleSources”任务。
任务“GetLibraryModuleSources”
  正在读取为库 'microsoft/STL'提供数据的库清单文件 'C:\Program Files\Microsoft Visual Studio\18\Community\VC\Tools\MSVC\14.50.35717\modules\modules.json'。
  正在从库“microsoft/STL”添加模块源“C:\Program Files\Microsoft Visual Studio\18\Community\VC\Tools\MSVC\14.50.35717\modules\std.ixx”，以使用此项目生成。
  正在从库“microsoft/STL”添加模块源“C:\Program Files\Microsoft Visual Studio\18\Community\VC\Tools\MSVC\14.50.35717\modules\std.compat.ixx”，以使用此项目生成。
已完成执行任务“GetLibraryModuleSources”的操作。
已完成在项目“xuanyi.vcxproj”中生成目标“ComputeStdModulesCompileInputs”的操作。
已跳过目标“SetCppLanguageStandardCapabilities”。以前的生成已成功。
来自项目“c:\Vsprogram\xuanyi\xuanyi\xuanyi.vcxproj”的文件“C:\Program Files\Microsoft Visual Studio\18\Community\MSBuild\Microsoft\VC\v180\Microsoft.CppCommon.targets”中的目标“FixupCLCompileOptions”(目标“_ClCompile”依赖于它):
已完成在项目“xuanyi.vcxproj”中生成目标“FixupCLCompileOptions”的操作。
来自项目“c:\Vsprogram\xuanyi\xuanyi\xuanyi.vcxproj”的文件“C:\Program Files\Microsoft Visual Studio\18\Community\MSBuild\Microsoft\VC\v180\Microsoft.CppBuild.targets”中的目标“MakeDirsForCl”(目标“SetModuleDependencies”依赖于它):
任务“MakeDir”
已完成执行任务“MakeDir”的操作。
已完成在项目“xuanyi.vcxproj”中生成目标“MakeDirsForCl”的操作。
来自项目“c:\Vsprogram\xuanyi\xuanyi\xuanyi.vcxproj”的文件“C:\Program Files\Microsoft Visual Studio\18\Community\MSBuild\Microsoft\VC\v180\Microsoft.CppCommon.targets”中的目标“SetModuleDependencies”(目标“_ClCompile”依赖于它):
任务“MakeDir”
已完成执行任务“MakeDir”的操作。
正在使用程序集“C:\Program Files\Microsoft Visual Studio\18\Community\MSBuild\Microsoft\VC\v180\Microsoft.Build.CppTasks.Common.dll”中的“SetModuleDependencies”任务。
任务“SetModuleDependencies”
已完成执行任务“SetModuleDependencies”的操作。
已完成在项目“xuanyi.vcxproj”中生成目标“SetModuleDependencies”的操作。
已跳过目标“MakeDirsForCl”。以前的生成已成功。
已跳过目标“_SelectedFiles”。以前的生成已成功。
已跳过目标“ComputeMIDLGeneratedCompileInputs”。以前的生成已成功。
已跳过目标“ComputeCLInputPDBName”。以前的生成已成功。
已跳过目标“ComputeReferenceCLInput”。以前的生成已成功。
已跳过目标“WarnCompileDuplicatedFilename”。以前的生成已成功。
已跳过目标“ComputeStdModulesCompileInputs”。以前的生成已成功。
已跳过目标“FixupCLCompileOptions”。以前的生成已成功。
已跳过目标“SetModuleDependencies”。以前的生成已成功。
已跳过目标“SelectCustomBuild”。以前的生成已成功。
已跳过目标“SetModuleDependencies”。以前的生成已成功。
来自项目“c:\Vsprogram\xuanyi\xuanyi\xuanyi.vcxproj”的文件“C:\Program Files\Microsoft Visual Studio\18\Community\MSBuild\Microsoft\VC\v180\Microsoft.CppBuild.targets”中的目标“SelectClCompile”(目标“ClCompile”依赖于它):
已完成在项目“xuanyi.vcxproj”中生成目标“SelectClCompile”的操作。
来自项目“c:\Vsprogram\xuanyi\xuanyi\xuanyi.vcxproj”的文件“C:\Program Files\Microsoft Visual Studio\18\Community\MSBuild\Microsoft\VC\v180\Microsoft.CppCommon.targets”中的目标“ClCompile”(目标“_ClCompile”依赖于它):
正在使用程序集“C:\Program Files\Microsoft Visual Studio\18\Community\MSBuild\Microsoft\VC\v180\Microsoft.Build.CppTasks.Common.dll”中的“CL”任务。
任务“CL”
  传递给工具的环境变量为:
    VS_UNICODE_OUTPUT=1832
    SARIF_OUTPUT_PIPE=1840
  C:\Program Files\Microsoft Visual Studio\18\Community\VC\Tools\MSVC\14.50.35717\bin\HostX86\x64\CL.exe /c /ZI /JMC /nologo /W3 /WX- /diagnostics:column /sdl /Od /D _DEBUG /D _CONSOLE /D _MBCS /Gm- /EHsc /RTC1 /MDd /GS /fp:precise /Zc:wchar_t /Zc:forScope /Zc:inline /std:c++20 /permissive- /Fo"x64\Debug\\" /Fd"x64\Debug\vc145.pdb" /external:W3 /Gd /TP /FC /errorReport:queue /utf-8 xuanyi.cpp
  跟踪命令:
  C:\Program Files\Microsoft Visual Studio\18\Community\MSBuild\Current\Bin\Tracker.exe /d "C:\Program Files (x86)\MSBuild\15.0\FileTracker\FileTracker32.dll" /i c:\Vsprogram\xuanyi\xuanyi\x64\Debug\xuanyi.tlog /r C:\VSPROGRAM\XUANYI\XUANYI\XUANYI.CPP /b MSBuildConsole_CancelEvent27d2056c5ca34c529d3de7256325a0f6  /c "C:\Program Files\Microsoft Visual Studio\18\Community\VC\Tools\MSVC\14.50.35717\bin\HostX86\x64\CL.exe"  /c /ZI /JMC /nologo /W3 /WX- /diagnostics:column /sdl /Od /D _DEBUG /D _CONSOLE /D _MBCS /Gm- /EHsc /RTC1 /MDd /GS /fp:precise /Zc:wchar_t /Zc:forScope /Zc:inline /std:c++20 /permissive- /Fo"x64\Debug\\" /Fd"x64\Debug\vc145.pdb" /external:W3 /Gd /TP /FC /errorReport:queue /utf-8 xuanyi.cpp
  xuanyi.cpp
c:\Vsprogram\xuanyi\xuanyi\xuanyi.cpp(128,15): warning C4267: “初始化”: 从“size_t”转换到“int”，可能丢失数据 [c:\Vsprogram\xuanyi\xuanyi\xuanyi.vcxproj]
c:\Vsprogram\xuanyi\xuanyi\xuanyi.cpp(166,22): error C3861: “ARGB”: 找不到标识符 [c:\Vsprogram\xuanyi\xuanyi\xuanyi.vcxproj]
c:\Vsprogram\xuanyi\xuanyi\xuanyi.cpp(331,5): error C2065: “EXMSG”: 未声明的标识符 [c:\Vsprogram\xuanyi\xuanyi\xuanyi.vcxproj]
c:\Vsprogram\xuanyi\xuanyi\xuanyi.cpp(331,11): error C2146: 语法错误: 缺少“;”(在标识符“msg”的前面) [c:\Vsprogram\xuanyi\xuanyi\xuanyi.vcxproj]
c:\Vsprogram\xuanyi\xuanyi\xuanyi.cpp(331,11): error C2065: “msg”: 未声明的标识符 [c:\Vsprogram\xuanyi\xuanyi\xuanyi.vcxproj]
c:\Vsprogram\xuanyi\xuanyi\xuanyi.cpp(335,26): error C2065: “msg”: 未声明的标识符 [c:\Vsprogram\xuanyi\xuanyi\xuanyi.vcxproj]
c:\Vsprogram\xuanyi\xuanyi\xuanyi.cpp(336,17): error C2065: “msg”: 未声明的标识符 [c:\Vsprogram\xuanyi\xuanyi\xuanyi.vcxproj]
c:\Vsprogram\xuanyi\xuanyi\xuanyi.cpp(337,26): error C2065: “msg”: 未声明的标识符 [c:\Vsprogram\xuanyi\xuanyi\xuanyi.vcxproj]
c:\Vsprogram\xuanyi\xuanyi\xuanyi.cpp(337,38): error C2065: “msg”: 未声明的标识符 [c:\Vsprogram\xuanyi\xuanyi\xuanyi.vcxproj]
c:\Vsprogram\xuanyi\xuanyi\xuanyi.cpp(341,17): error C2065: “msg”: 未声明的标识符 [c:\Vsprogram\xuanyi\xuanyi\xuanyi.vcxproj]
c:\Vsprogram\xuanyi\xuanyi\xuanyi.cpp(341,46): error C2065: “msg”: 未声明的标识符 [c:\Vsprogram\xuanyi\xuanyi\xuanyi.vcxproj]
c:\Vsprogram\xuanyi\xuanyi\xuanyi.cpp(342,17): error C2065: “msg”: 未声明的标识符 [c:\Vsprogram\xuanyi\xuanyi\xuanyi.vcxproj]
  命令已退出，代码为 2。
已完成执行任务“CL”的操作 - 失败。
已完成在项目“xuanyi.vcxproj”中生成目标“ClCompile”的操作 - 失败。
已完成生成项目“c:\Vsprogram\xuanyi\xuanyi\xuanyi.vcxproj”(默认目标)的操作 - 失败。
已完成执行任务“MSBuild”的操作 - 失败。
已完成在项目“xuanyi.slnx”中生成目标“Build”的操作 - 失败。
已完成生成项目“c:\Vsprogram\xuanyi\xuanyi.slnx”(默认目标)的操作 - 失败。

生成失败。

“c:\Vsprogram\xuanyi\xuanyi.slnx”(默认目标) (1) ->
“c:\Vsprogram\xuanyi\xuanyi\xuanyi.vcxproj”(默认目标) (2) ->
(ClCompile 目标) -> 
  c:\Vsprogram\xuanyi\xuanyi\xuanyi.cpp(128,15): warning C4267: “初始化”: 从“size_t”转换到“int”，可能丢失数据 [c:\Vsprogram\xuanyi\xuanyi\xuanyi.vcxproj]


“c:\Vsprogram\xuanyi\xuanyi.slnx”(默认目标) (1) ->
“c:\Vsprogram\xuanyi\xuanyi\xuanyi.vcxproj”(默认目标) (2) ->
(ClCompile 目标) -> 
  c:\Vsprogram\xuanyi\xuanyi\xuanyi.cpp(166,22): error C3861: “ARGB”: 找不到标识符 [c:\Vsprogram\xuanyi\xuanyi\xuanyi.vcxproj]
  c:\Vsprogram\xuanyi\xuanyi\xuanyi.cpp(331,5): error C2065: “EXMSG”: 未声明的标识符 [c:\Vsprogram\xuanyi\xuanyi\xuanyi.vcxproj]
  c:\Vsprogram\xuanyi\xuanyi\xuanyi.cpp(331,11): error C2146: 语法错误: 缺少“;”(在标识符“msg”的前面) [c:\Vsprogram\xuanyi\xuanyi\xuanyi.vcxproj]
  c:\Vsprogram\xuanyi\xuanyi\xuanyi.cpp(331,11): error C2065: “msg”: 未声明的标识符 [c:\Vsprogram\xuanyi\xuanyi\xuanyi.vcxproj]
  c:\Vsprogram\xuanyi\xuanyi\xuanyi.cpp(335,26): error C2065: “msg”: 未声明的标识符 [c:\Vsprogram\xuanyi\xuanyi\xuanyi.vcxproj]
  c:\Vsprogram\xuanyi\xuanyi\xuanyi.cpp(336,17): error C2065: “msg”: 未声明的标识符 [c:\Vsprogram\xuanyi\xuanyi\xuanyi.vcxproj]
  c:\Vsprogram\xuanyi\xuanyi\xuanyi.cpp(337,26): error C2065: “msg”: 未声明的标识符 [c:\Vsprogram\xuanyi\xuanyi\xuanyi.vcxproj]
  c:\Vsprogram\xuanyi\xuanyi\xuanyi.cpp(337,38): error C2065: “msg”: 未声明的标识符 [c:\Vsprogram\xuanyi\xuanyi\xuanyi.vcxproj]
  c:\Vsprogram\xuanyi\xuanyi\xuanyi.cpp(341,17): error C2065: “msg”: 未声明的标识符 [c:\Vsprogram\xuanyi\xuanyi\xuanyi.vcxproj]
  c:\Vsprogram\xuanyi\xuanyi\xuanyi.cpp(341,46): error C2065: “msg”: 未声明的标识符 [c:\Vsprogram\xuanyi\xuanyi\xuanyi.vcxproj]
  c:\Vsprogram\xuanyi\xuanyi\xuanyi.cpp(342,17): error C2065: “msg”: 未声明的标识符 [c:\Vsprogram\xuanyi\xuanyi\xuanyi.vcxproj]

    1 个警告
    11 个错误

已用时间 00:00:01.14
