c:\vsprogram\xuanyi\xuanyi\x64\debug\vc145.pdb
c:\vsprogram\xuanyi\xuanyi\x64\debug\vc145.idb
c:\$recycle.bin\s-1-5-21-1255863894-3291520647-4049724006-1002\$izt0qys
c:\vsprogram\xuanyi\xuanyi\x64\debug\xuanyi.obj
c:\$recycle.bin\s-1-5-21-1255863894-3291520647-4049724006-1002\$i1xb0hq
c:\$recycle.bin\s-1-5-21-1255863894-3291520647-4049724006-1002\$innx20i
c:\$recycle.bin\s-1-5-21-1255863894-3291520647-4049724006-1002\$i6strij
c:\$recycle.bin\s-1-5-21-1255863894-3291520647-4049724006-1002\$ia9eze1
c:\$recycle.bin\s-1-5-21-1255863894-3291520647-4049724006-1002\$iqhq4sv
c:\$recycle.bin\s-1-5-21-1255863894-3291520647-4049724006-1002\$ikf2g05
c:\vsprogram\xuanyi\x64\debug\xuanyi.exe
c:\$recycle.bin\s-1-5-21-1255863894-3291520647-4049724006-1002\$i0n1kti.tmp
c:\$recycle.bin\s-1-5-21-1255863894-3291520647-4049724006-1002\$inplxrh.tmp
c:\$recycle.bin\s-1-5-21-1255863894-3291520647-4049724006-1002\$ibmgoby.tmp
c:\$recycle.bin\s-1-5-21-1255863894-3291520647-4049724006-1002\$iooxqul.tmp
c:\$recycle.bin\s-1-5-21-1255863894-3291520647-4049724006-1002\$imfjan8.tmp
c:\$recycle.bin\s-1-5-21-1255863894-3291520647-4049724006-1002\$ihebt30
c:\$recycle.bin\s-1-5-21-1255863894-3291520647-4049724006-1002\$i4byqi9
c:\vsprogram\xuanyi\x64\debug\xuanyi.pdb
c:\vsprogram\xuanyi\xuanyi\x64\debug\xuanyi.ilk
c:\vsprogram\xuanyi\xuanyi\x64\debug\xuanyi.tlog\cl.command.1.tlog
c:\vsprogram\xuanyi\xuanyi\x64\debug\xuanyi.tlog\cl.items.tlog
c:\vsprogram\xuanyi\xuanyi\x64\debug\xuanyi.tlog\cl.read.1.tlog
c:\vsprogram\xuanyi\xuanyi\x64\debug\xuanyi.tlog\cl.write.1.tlog
c:\vsprogram\xuanyi\xuanyi\x64\debug\xuanyi.tlog\link.command.1.tlog
c:\vsprogram\xuanyi\xuanyi\x64\debug\xuanyi.tlog\link.read.1.tlog
c:\vsprogram\xuanyi\xuanyi\x64\debug\xuanyi.tlog\link.secondary.1.tlog
c:\vsprogram\xuanyi\xuanyi\x64\debug\xuanyi.tlog\link.write.1.tlog
